Component: Arm Compiler for Embedded 6.19 Tool: armlink [5e73cb00]

==============================================================================

Section Cross References

    port.o(.ARM.exidx.text.PORT_PeripheralClockConfig) refers to port.o(.text.PORT_PeripheralClockConfig) for [Anonymous Symbol]
    port.o(.ARM.exidx.text.PORT_Pin_Output_Config) refers to port.o(.text.PORT_Pin_Output_Config) for [Anonymous Symbol]
    port.o(.ARM.exidx.text.PORT_Pin_Input_Config) refers to port.o(.text.PORT_Pin_Input_Config) for [Anonymous Symbol]
    port.o(.ARM.exidx.text.PORT_Pin_Input_IT_Config) refers to port.o(.text.PORT_Pin_Input_IT_Config) for [Anonymous Symbol]
    port.o(.ARM.exidx.text.PORT_Pin_Alt_Config) refers to port.o(.text.PORT_Pin_Alt_Config) for [Anonymous Symbol]
    port.o(.ARM.exidx.text.GPIO_ReadFromInputPin) refers to port.o(.text.GPIO_ReadFromInputPin) for [Anonymous Symbol]
    port.o(.ARM.exidx.text.GPIO_ReadFromInputPort) refers to port.o(.text.GPIO_ReadFromInputPort) for [Anonymous Symbol]
    port.o(.ARM.exidx.text.GPIO_WriteToOutputPin) refers to port.o(.text.GPIO_WriteToOutputPin) for [Anonymous Symbol]
    port.o(.ARM.exidx.text.GPIO_WriteToOutputPort) refers to port.o(.text.GPIO_WriteToOutputPort) for [Anonymous Symbol]
    port.o(.ARM.exidx.text.GPIO_ToggleOutputPin) refers to port.o(.text.GPIO_ToggleOutputPin) for [Anonymous Symbol]
    nvic.o(.ARM.exidx.text.Interrupt_Enable) refers to nvic.o(.text.Interrupt_Enable) for [Anonymous Symbol]
    systick.o(.ARM.exidx.text.SysTick_Init) refers to systick.o(.text.SysTick_Init) for [Anonymous Symbol]
    systick.o(.ARM.exidx.text.SysTick_StartTimer) refers to systick.o(.text.SysTick_StartTimer) for [Anonymous Symbol]
    systick.o(.ARM.exidx.text.SysTick_StopTimer) refers to systick.o(.text.SysTick_StopTimer) for [Anonymous Symbol]
    lpuart.o(.ARM.exidx.text.LPUART_PeripheralClockConfig) refers to lpuart.o(.text.LPUART_PeripheralClockConfig) for [Anonymous Symbol]
    lpuart.o(.ARM.exidx.text.LPUART_Init) refers to lpuart.o(.text.LPUART_Init) for [Anonymous Symbol]
    lpuart.o(.ARM.exidx.text.LPUART_GetFlagStatus) refers to lpuart.o(.text.LPUART_GetFlagStatus) for [Anonymous Symbol]
    lpuart.o(.ARM.exidx.text.LPUART_ClearFlagStatus) refers to lpuart.o(.text.LPUART_ClearFlagStatus) for [Anonymous Symbol]
    lpuart.o(.ARM.exidx.text.LPUART_Transmit) refers to lpuart.o(.text.LPUART_Transmit) for [Anonymous Symbol]
    lpuart.o(.ARM.exidx.text.LPUART_TransmitString) refers to lpuart.o(.text.LPUART_TransmitString) for [Anonymous Symbol]
    lpuart.o(.ARM.exidx.text.LPUART_Receive) refers to lpuart.o(.text.LPUART_Receive) for [Anonymous Symbol]
    lpuart.o(.ARM.exidx.text.LPUART_ReceiveIT) refers to lpuart.o(.text.LPUART_ReceiveIT) for [Anonymous Symbol]
    lpuart.o(.ARM.exidx.text.LPUART_TransmitIT) refers to lpuart.o(.text.LPUART_TransmitIT) for [Anonymous Symbol]
    lpuart.o(.text.LPUART_IRQHandling) refers to lpuart.o(.text.LPUART_GetFlagStatus) for LPUART_GetFlagStatus
    lpuart.o(.text.LPUART_IRQHandling) refers to lpuart.o(.text.LPUART_ClearFlagStatus) for LPUART_ClearFlagStatus
    lpuart.o(.ARM.exidx.text.LPUART_IRQHandling) refers to lpuart.o(.text.LPUART_IRQHandling) for [Anonymous Symbol]
    clock.o(.ARM.exidx.text.ClockEnable) refers to clock.o(.text.ClockEnable) for [Anonymous Symbol]
    clock.o(.ARM.exidx.text.ClockDisable) refers to clock.o(.text.ClockDisable) for [Anonymous Symbol]
    clock.o(.ARM.exidx.text.FIRC_ClockEnable) refers to clock.o(.text.FIRC_ClockEnable) for [Anonymous Symbol]
    clock.o(.ARM.exidx.text.SIRC_ClockEnable) refers to clock.o(.text.SIRC_ClockEnable) for [Anonymous Symbol]
    clock.o(.ARM.exidx.text.SOSC_ClockEnable) refers to clock.o(.text.SOSC_ClockEnable) for [Anonymous Symbol]
    clock.o(.ARM.exidx.text.SPLL_ClockEnable) refers to clock.o(.text.SPLL_ClockEnable) for [Anonymous Symbol]
    clock.o(.ARM.exidx.text.SystemClockConfig) refers to clock.o(.text.SystemClockConfig) for [Anonymous Symbol]
    clock.o(.ARM.exidx.text.SCG_ClockOutSelect) refers to clock.o(.text.SCG_ClockOutSelect) for [Anonymous Symbol]
    lpit.o(.ARM.exidx.text.LPIT_PeripheralClockConfig) refers to lpit.o(.text.LPIT_PeripheralClockConfig) for [Anonymous Symbol]
    lpit.o(.ARM.exidx.text.LPIT_Init) refers to lpit.o(.text.LPIT_Init) for [Anonymous Symbol]
    lpit.o(.ARM.exidx.text.LPIT_StartTimer) refers to lpit.o(.text.LPIT_StartTimer) for [Anonymous Symbol]
    lpit.o(.ARM.exidx.text.LPIT_StopTimer) refers to lpit.o(.text.LPIT_StopTimer) for [Anonymous Symbol]
    adc.o(.ARM.exidx.text.ADC_PeripheralClockConfig) refers to adc.o(.text.ADC_PeripheralClockConfig) for [Anonymous Symbol]
    adc.o(.ARM.exidx.text.ADC_Init) refers to adc.o(.text.ADC_Init) for [Anonymous Symbol]
    adc.o(.ARM.exidx.text.ADC_ConversionComplete) refers to adc.o(.text.ADC_ConversionComplete) for [Anonymous Symbol]
    lpspi.o(.ARM.exidx.text.LPSPI_PeripheralClockConfig) refers to lpspi.o(.text.LPSPI_PeripheralClockConfig) for [Anonymous Symbol]
    lpspi.o(.ARM.exidx.text.LPSPI_Init) refers to lpspi.o(.text.LPSPI_Init) for [Anonymous Symbol]
    lpspi.o(.ARM.exidx.text.LPSPI_Receive) refers to lpspi.o(.text.LPSPI_Receive) for [Anonymous Symbol]
    lpspi.o(.ARM.exidx.text.LPSPI_Transmit) refers to lpspi.o(.text.LPSPI_Transmit) for [Anonymous Symbol]
    main.o(.text.main) refers to clock.o(.text.SOSC_ClockEnable) for SOSC_ClockEnable
    main.o(.text.main) refers to clock.o(.text.SIRC_ClockEnable) for SIRC_ClockEnable
    main.o(.text.main) refers to clock.o(.text.FIRC_ClockEnable) for FIRC_ClockEnable
    main.o(.text.main) refers to port.o(.text.PORT_PeripheralClockConfig) for PORT_PeripheralClockConfig
    main.o(.text.main) refers to main.o(.bss.lpspi0) for lpspi0
    main.o(.text.main) refers to port.o(.text.PORT_Pin_Alt_Config) for PORT_Pin_Alt_Config
    main.o(.text.main) refers to lpspi.o(.text.LPSPI_PeripheralClockConfig) for LPSPI_PeripheralClockConfig
    main.o(.text.main) refers to lpspi.o(.text.LPSPI_Init) for LPSPI_Init
    main.o(.text.main) refers to main.o(.bss.lpspi2) for lpspi2
    main.o(.text.main) refers to main.o(.bss.lpuart1) for lpuart1
    main.o(.text.main) refers to lpuart.o(.text.LPUART_PeripheralClockConfig) for LPUART_PeripheralClockConfig
    main.o(.text.main) refers to lpuart.o(.text.LPUART_Init) for LPUART_Init
    main.o(.text.main) refers to main.o(.bss.lpit) for lpit
    main.o(.text.main) refers to lpit.o(.text.LPIT_PeripheralClockConfig) for LPIT_PeripheralClockConfig
    main.o(.text.main) refers to lpit.o(.text.LPIT_Init) for LPIT_Init
    main.o(.text.main) refers to lpit.o(.text.LPIT_StartTimer) for LPIT_StartTimer
    main.o(.text.main) refers to nvic.o(.text.Interrupt_Enable) for Interrupt_Enable
    main.o(.ARM.exidx.text.main) refers to main.o(.text.main) for [Anonymous Symbol]
    main.o(.text.LPIT0_Ch0_IRQHandler) refers to main.o(.bss.lpspi0) for lpspi0
    main.o(.text.LPIT0_Ch0_IRQHandler) refers to lpspi.o(.text.LPSPI_Transmit) for LPSPI_Transmit
    main.o(.text.LPIT0_Ch0_IRQHandler) refers to main.o(.bss.lpspi2) for lpspi2
    main.o(.text.LPIT0_Ch0_IRQHandler) refers to lpspi.o(.text.LPSPI_Receive) for LPSPI_Receive
    main.o(.text.LPIT0_Ch0_IRQHandler) refers to main.o(.bss.lpuart1) for lpuart1
    main.o(.text.LPIT0_Ch0_IRQHandler) refers to lpuart.o(.text.LPUART_TransmitString) for LPUART_TransmitString
    main.o(.ARM.exidx.text.LPIT0_Ch0_IRQHandler) refers to main.o(.text.LPIT0_Ch0_IRQHandler) for [Anonymous Symbol]
    startup.o(.text.init_data_bss) refers to startup_s32k144.o(.text) for __RAM_VECTOR_TABLE_SIZE
    startup.o(.text.init_data_bss) refers to startup.o(.rodata.s_vectors) for s_vectors
    startup.o(.ARM.exidx.text.init_data_bss) refers to startup.o(.text.init_data_bss) for [Anonymous Symbol]
    startup_s32k144.o(.text) refers (Special) to main.o(.text.main) for main
    startup_s32k144.o(.text) refers to startup_s32k144.o(FlashConfig) for FlashConfig
    startup_s32k144.o(.text) refers to startup_s32k144.o(RESET) for __Vectors
    startup_s32k144.o(.text) refers to system_s32k144.o(.text.SystemInit) for SystemInit
    startup_s32k144.o(.text) refers to startup.o(.text.init_data_bss) for init_data_bss
    startup_s32k144.o(.text) refers to __main.o(!!!main) for __main
    startup_s32k144.o(RESET) refers (Special) to main.o(.text.main) for main
    startup_s32k144.o(RESET) refers to startup_s32k144.o(.text) for Reset_Handler
    startup_s32k144.o(RESET) refers to main.o(.text.LPIT0_Ch0_IRQHandler) for LPIT0_Ch0_IRQHandler
    startup_s32k144.o(FlashConfig) refers (Special) to main.o(.text.main) for main
    system_s32k144.o(.ARM.exidx.text.SystemInit) refers to system_s32k144.o(.text.SystemInit) for [Anonymous Symbol]
    system_s32k144.o(.text.SystemCoreClockUpdate) refers to system_s32k144.o(.rodata.SystemCoreClockUpdate.fircFreq) for SystemCoreClockUpdate.fircFreq
    system_s32k144.o(.text.SystemCoreClockUpdate) refers to system_s32k144.o(.data.SystemCoreClock) for SystemCoreClock
    system_s32k144.o(.ARM.exidx.text.SystemCoreClockUpdate) refers to system_s32k144.o(.text.SystemCoreClockUpdate) for [Anonymous Symbol]
    system_s32k144.o(.ARM.exidx.text.SystemSoftwareReset) refers to system_s32k144.o(.text.SystemSoftwareReset) for [Anonymous Symbol]
    __main.o(!!!main) refers to __rtentry.o(.ARM.Collect$$rtentry$$00000000) for __rt_entry
    __rtentry.o(.ARM.Collect$$rtentry$$00000000) refers (Special) to __rtentry2.o(.ARM.Collect$$rtentry$$0000000A) for __rt_entry_li
    __rtentry.o(.ARM.Collect$$rtentry$$00000000) refers (Special) to __rtentry2.o(.ARM.Collect$$rtentry$$0000000D) for __rt_entry_main
    __rtentry.o(.ARM.Collect$$rtentry$$00000000) refers (Special) to __rtentry2.o(.ARM.Collect$$rtentry$$0000000C) for __rt_entry_postli_1
    __rtentry.o(.ARM.Collect$$rtentry$$00000000) refers (Special) to __rtentry2.o(.ARM.Collect$$rtentry$$00000009) for __rt_entry_postsh_1
    __rtentry.o(.ARM.Collect$$rtentry$$00000000) refers (Special) to __rtentry2.o(.ARM.Collect$$rtentry$$00000002) for __rt_entry_presh_1
    __rtentry.o(.ARM.Collect$$rtentry$$00000000) refers (Special) to __rtentry7.o(.ARM.Collect$$rtentry$$00000007) for __rt_entry_sh
    __rtentry2.o(.ARM.Collect$$rtentry$$00000008) refers to boardinit2.o(.text) for _platform_post_stackheap_init
    __rtentry2.o(.ARM.Collect$$rtentry$$0000000A) refers to libinit.o(.ARM.Collect$$libinit$$00000000) for __rt_lib_init
    __rtentry2.o(.ARM.Collect$$rtentry$$0000000B) refers to boardinit3.o(.text) for _platform_post_lib_init
    __rtentry2.o(.ARM.Collect$$rtentry$$0000000D) refers to main.o(.text.main) for main
    __rtentry2.o(.ARM.Collect$$rtentry$$0000000D) refers to exit.o(.text) for exit
    __rtentry2.o(.ARM.exidx) refers to __rtentry2.o(.ARM.Collect$$rtentry$$00000001) for .ARM.Collect$$rtentry$$00000001
    __rtentry2.o(.ARM.exidx) refers to __rtentry2.o(.ARM.Collect$$rtentry$$00000008) for .ARM.Collect$$rtentry$$00000008
    __rtentry2.o(.ARM.exidx) refers to __rtentry2.o(.ARM.Collect$$rtentry$$0000000A) for .ARM.Collect$$rtentry$$0000000A
    __rtentry2.o(.ARM.exidx) refers to __rtentry2.o(.ARM.Collect$$rtentry$$0000000B) for .ARM.Collect$$rtentry$$0000000B
    __rtentry2.o(.ARM.exidx) refers to __rtentry2.o(.ARM.Collect$$rtentry$$0000000D) for .ARM.Collect$$rtentry$$0000000D
    __rtentry4.o(.ARM.Collect$$rtentry$$00000004) refers to sys_stackheap_outer.o(.text) for __user_setup_stackheap
    __rtentry4.o(.ARM.exidx) refers to __rtentry4.o(.ARM.Collect$$rtentry$$00000004) for .ARM.Collect$$rtentry$$00000004
    __rtentry7.o(.ARM.Collect$$rtentry$$00000007) refers to __rtentry7.o(.ARM.Collect$$rtentry$$00002718) for __lit__00000000
    __rtentry7.o(__vectab_stack_and_reset_2_area) refers to __main.o(!!!main) for __main
    __rtentry7.o(.ARM.exidx) refers to __rtentry7.o(.ARM.Collect$$rtentry$$00000007) for .ARM.Collect$$rtentry$$00000007
    __rtentry7.o(.ARM.exidx) refers to __rtentry7.o(.ARM.Collect$$rtentry$$00002718) for .ARM.Collect$$rtentry$$00002718
    sys_stackheap_outer.o(.text) refers to libspace.o(.text) for __user_perproc_libspace
    sys_stackheap_outer.o(.text) refers to sys_stackheap.o(.text) for __user_initial_stackheap
    exit.o(.text) refers to rtexit.o(.ARM.Collect$$rtexit$$00000000) for __rt_exit
    libinit.o(.ARM.Collect$$libinit$$00000000) refers (Special) to libinit2.o(.ARM.Collect$$libinit$$00000030) for __rt_lib_init_alloca_1
    libinit.o(.ARM.Collect$$libinit$$00000000) refers (Special) to libinit2.o(.ARM.Collect$$libinit$$0000002E) for __rt_lib_init_argv_1
    libinit.o(.ARM.Collect$$libinit$$00000000) refers (Special) to libinit2.o(.ARM.Collect$$libinit$$0000001D) for __rt_lib_init_atexit_1
    libinit.o(.ARM.Collect$$libinit$$00000000) refers (Special) to libinit2.o(.ARM.Collect$$libinit$$00000023) for __rt_lib_init_clock_1
    libinit.o(.ARM.Collect$$libinit$$00000000) refers (Special) to libinit2.o(.ARM.Collect$$libinit$$00000034) for __rt_lib_init_cpp_1
    libinit.o(.ARM.Collect$$libinit$$00000000) refers (Special) to libinit2.o(.ARM.Collect$$libinit$$00000032) for __rt_lib_init_exceptions_1
    libinit.o(.ARM.Collect$$libinit$$00000000) refers (Special) to libinit2.o(.ARM.Collect$$libinit$$00000001) for __rt_lib_init_fp_1
    libinit.o(.ARM.Collect$$libinit$$00000000) refers (Special) to libinit2.o(.ARM.Collect$$libinit$$00000021) for __rt_lib_init_fp_trap_1
    libinit.o(.ARM.Collect$$libinit$$00000000) refers (Special) to libinit2.o(.ARM.Collect$$libinit$$00000025) for __rt_lib_init_getenv_1
    libinit.o(.ARM.Collect$$libinit$$00000000) refers (Special) to libinit2.o(.ARM.Collect$$libinit$$0000000C) for __rt_lib_init_heap_1
    libinit.o(.ARM.Collect$$libinit$$00000000) refers (Special) to libinit2.o(.ARM.Collect$$libinit$$00000013) for __rt_lib_init_lc_collate_1
    libinit.o(.ARM.Collect$$libinit$$00000000) refers (Special) to libinit2.o(.ARM.Collect$$libinit$$00000015) for __rt_lib_init_lc_ctype_1
    libinit.o(.ARM.Collect$$libinit$$00000000) refers (Special) to libinit2.o(.ARM.Collect$$libinit$$00000017) for __rt_lib_init_lc_monetary_1
    libinit.o(.ARM.Collect$$libinit$$00000000) refers (Special) to libinit2.o(.ARM.Collect$$libinit$$00000019) for __rt_lib_init_lc_numeric_1
    libinit.o(.ARM.Collect$$libinit$$00000000) refers (Special) to libinit2.o(.ARM.Collect$$libinit$$0000001B) for __rt_lib_init_lc_time_1
    libinit.o(.ARM.Collect$$libinit$$00000000) refers (Special) to libinit2.o(.ARM.Collect$$libinit$$00000006) for __rt_lib_init_preinit_1
    libinit.o(.ARM.Collect$$libinit$$00000000) refers (Special) to libinit2.o(.ARM.Collect$$libinit$$00000010) for __rt_lib_init_rand_1
    libinit.o(.ARM.Collect$$libinit$$00000000) refers (Special) to libinit2.o(.ARM.Collect$$libinit$$00000004) for __rt_lib_init_relocate_pie_1
    libinit.o(.ARM.Collect$$libinit$$00000000) refers (Special) to libinit2.o(.ARM.Collect$$libinit$$00000035) for __rt_lib_init_return
    libinit.o(.ARM.Collect$$libinit$$00000000) refers (Special) to libinit2.o(.ARM.Collect$$libinit$$0000001F) for __rt_lib_init_signal_1
    libinit.o(.ARM.Collect$$libinit$$00000000) refers (Special) to libinit2.o(.ARM.Collect$$libinit$$00000027) for __rt_lib_init_stdio_1
    libinit.o(.ARM.Collect$$libinit$$00000000) refers (Special) to libinit2.o(.ARM.Collect$$libinit$$0000000E) for __rt_lib_init_user_alloc_1
    libspace.o(.text) refers to libspace.o(.bss) for __libspace_start
    sys_stackheap.o(.text) refers (Special) to indicate_semi.o(.text) for __semihosting_library_function
    sys_stackheap.o(.text) refers to use_no_semi.o(.text) for __I$use$semihosting
    sys_stackheap_hlt.o(.text) refers (Special) to indicate_semi.o(.text) for __semihosting_library_function
    sys_stackheap_hlt.o(.text) refers to use_no_semi.o(.text) for __I$use$semihosting
    rtexit.o(.ARM.Collect$$rtexit$$00000000) refers (Special) to rtexit2.o(.ARM.Collect$$rtexit$$00000004) for __rt_exit_exit
    rtexit.o(.ARM.Collect$$rtexit$$00000000) refers (Special) to rtexit2.o(.ARM.Collect$$rtexit$$00000003) for __rt_exit_ls
    rtexit.o(.ARM.Collect$$rtexit$$00000000) refers (Special) to rtexit2.o(.ARM.Collect$$rtexit$$00000002) for __rt_exit_prels_1
    rtexit.o(.ARM.exidx) refers (Special) to rtexit2.o(.ARM.Collect$$rtexit$$00000004) for __rt_exit_exit
    rtexit.o(.ARM.exidx) refers (Special) to rtexit2.o(.ARM.Collect$$rtexit$$00000003) for __rt_exit_ls
    rtexit.o(.ARM.exidx) refers (Special) to rtexit2.o(.ARM.Collect$$rtexit$$00000002) for __rt_exit_prels_1
    rtexit.o(.ARM.exidx) refers to rtexit.o(.ARM.Collect$$rtexit$$00000000) for .ARM.Collect$$rtexit$$00000000
    libinit2.o(.ARM.Collect$$libinit$$00000001) refers to fpinit.o(x$fpl$fpinit) for _fp_init
    libinit2.o(.ARM.Collect$$libinit$$00000012) refers to libinit2.o(.ARM.Collect$$libinit$$00000011) for .ARM.Collect$$libinit$$00000011
    libinit2.o(.ARM.Collect$$libinit$$00000014) refers to libinit2.o(.ARM.Collect$$libinit$$00000011) for .ARM.Collect$$libinit$$00000011
    libinit2.o(.ARM.Collect$$libinit$$00000016) refers to libinit2.o(.ARM.Collect$$libinit$$00000011) for .ARM.Collect$$libinit$$00000011
    libinit2.o(.ARM.Collect$$libinit$$00000018) refers to libinit2.o(.ARM.Collect$$libinit$$00000011) for .ARM.Collect$$libinit$$00000011
    libinit2.o(.ARM.Collect$$libinit$$0000001A) refers to libinit2.o(.ARM.Collect$$libinit$$00000011) for .ARM.Collect$$libinit$$00000011
    libinit2.o(.ARM.Collect$$libinit$$00000028) refers to argv_veneer.o(.emb_text) for __ARM_argv_veneer
    libinit2.o(.ARM.Collect$$libinit$$00000029) refers to argv_veneer.o(.emb_text) for __ARM_argv_veneer
    libinit5.o(.ARM.Collect$$libinit$$0000000A) refers to libinit5.o(.ARM.Collect$$libinit$$0000271B) for __lit__00000000
    libinit5.o(.ARM.Collect$$libinit$$0000002C) refers to libinit5.o(.ARM.Collect$$libinit$$0000273D) for __lit__00000002
    libinit5.o(.ARM.Collect$$libinit$$0000002C) refers to argv_veneer.o(.emb_text) for __ARM_argv_veneer
    rtexit2.o(.ARM.Collect$$rtexit$$00000003) refers to libshutdown.o(.ARM.Collect$$libshutdown$$00000000) for __rt_lib_shutdown
    rtexit2.o(.ARM.Collect$$rtexit$$00000004) refers to sys_exit.o(.text) for _sys_exit
    rtexit2.o(.ARM.exidx) refers to rtexit2.o(.ARM.Collect$$rtexit$$00000001) for .ARM.Collect$$rtexit$$00000001
    rtexit2.o(.ARM.exidx) refers to rtexit2.o(.ARM.Collect$$rtexit$$00000003) for .ARM.Collect$$rtexit$$00000003
    rtexit2.o(.ARM.exidx) refers to rtexit2.o(.ARM.Collect$$rtexit$$00000004) for .ARM.Collect$$rtexit$$00000004
    argv_veneer.o(.emb_text) refers to no_argv.o(.text) for __ARM_get_argv
    sys_exit.o(.text) refers (Special) to use_no_semi.o(.text) for __I$use$semihosting
    sys_exit.o(.text) refers (Special) to indicate_semi.o(.text) for __semihosting_library_function
    sys_exit_hlt.o(.text) refers (Special) to use_no_semi.o(.text) for __I$use$semihosting
    sys_exit_hlt.o(.text) refers (Special) to indicate_semi.o(.text) for __semihosting_library_function
    _get_argv_nomalloc.o(.text) refers (Special) to hrguard.o(.text) for __heap_region$guard
    _get_argv_nomalloc.o(.text) refers to defsig_rtmem_outer.o(.text) for __rt_SIGRTMEM
    _get_argv_nomalloc.o(.text) refers to sys_command.o(.text) for _sys_command_string
    libshutdown.o(.ARM.Collect$$libshutdown$$00000000) refers (Special) to libshutdown2.o(.ARM.Collect$$libshutdown$$00000002) for __rt_lib_shutdown_cpp_1
    libshutdown.o(.ARM.Collect$$libshutdown$$00000000) refers (Special) to libshutdown2.o(.ARM.Collect$$libshutdown$$00000007) for __rt_lib_shutdown_fp_trap_1
    libshutdown.o(.ARM.Collect$$libshutdown$$00000000) refers (Special) to libshutdown2.o(.ARM.Collect$$libshutdown$$0000000F) for __rt_lib_shutdown_heap_1
    libshutdown.o(.ARM.Collect$$libshutdown$$00000000) refers (Special) to libshutdown2.o(.ARM.Collect$$libshutdown$$00000010) for __rt_lib_shutdown_return
    libshutdown.o(.ARM.Collect$$libshutdown$$00000000) refers (Special) to libshutdown2.o(.ARM.Collect$$libshutdown$$0000000A) for __rt_lib_shutdown_signal_1
    libshutdown.o(.ARM.Collect$$libshutdown$$00000000) refers (Special) to libshutdown2.o(.ARM.Collect$$libshutdown$$00000004) for __rt_lib_shutdown_stdio_1
    libshutdown.o(.ARM.Collect$$libshutdown$$00000000) refers (Special) to libshutdown2.o(.ARM.Collect$$libshutdown$$0000000C) for __rt_lib_shutdown_user_alloc_1
    sys_command.o(.text) refers (Special) to use_no_semi.o(.text) for __I$use$semihosting
    sys_command.o(.text) refers (Special) to indicate_semi.o(.text) for __semihosting_library_function
    sys_command_hlt.o(.text) refers (Special) to use_no_semi.o(.text) for __I$use$semihosting
    sys_command_hlt.o(.text) refers (Special) to indicate_semi.o(.text) for __semihosting_library_function
    defsig_rtmem_outer.o(.text) refers to defsig_rtmem_inner.o(.text) for __rt_SIGRTMEM_inner
    defsig_rtmem_outer.o(.text) refers to defsig_exit.o(.text) for __sig_exit
    defsig_rtmem_formal.o(.text) refers to rt_raise.o(.text) for __rt_raise
    rt_raise.o(.text) refers to __raise.o(.text) for __raise
    rt_raise.o(.text) refers to sys_exit.o(.text) for _sys_exit
    defsig_exit.o(.text) refers to sys_exit.o(.text) for _sys_exit
    defsig_rtmem_inner.o(.text) refers to defsig_general.o(.text) for __default_signal_display
    __raise.o(.text) refers to defsig.o(CL$$defsig) for __default_signal_handler
    defsig_general.o(.text) refers to sys_wrch.o(.text) for _ttywrch
    sys_wrch.o(.text) refers (Special) to use_no_semi.o(.text) for __I$use$semihosting
    sys_wrch.o(.text) refers (Special) to indicate_semi.o(.text) for __semihosting_library_function
    sys_wrch_hlt.o(.text) refers (Special) to use_no_semi.o(.text) for __I$use$semihosting
    sys_wrch_hlt.o(.text) refers (Special) to indicate_semi.o(.text) for __semihosting_library_function
    defsig.o(CL$$defsig) refers to defsig_rtmem_inner.o(.text) for __rt_SIGRTMEM_inner
    defsig_abrt_inner.o(.text) refers to defsig_general.o(.text) for __default_signal_display
    defsig_fpe_inner.o(.text) refers to defsig_general.o(.text) for __default_signal_display
    defsig_rtred_inner.o(.text) refers to defsig_general.o(.text) for __default_signal_display
    defsig_stak_inner.o(.text) refers to defsig_general.o(.text) for __default_signal_display
    defsig_pvfn_inner.o(.text) refers to defsig_general.o(.text) for __default_signal_display
    defsig_cppl_inner.o(.text) refers to defsig_general.o(.text) for __default_signal_display
    defsig_segv_inner.o(.text) refers to defsig_general.o(.text) for __default_signal_display
    defsig_other.o(.text) refers to defsig_general.o(.text) for __default_signal_display


==============================================================================

Removing Unused input sections from the image.

    Removing port.o(.text), (0 bytes).
    Removing port.o(.ARM.exidx.text.PORT_PeripheralClockConfig), (8 bytes).
    Removing port.o(.text.PORT_Pin_Output_Config), (60 bytes).
    Removing port.o(.ARM.exidx.text.PORT_Pin_Output_Config), (8 bytes).
    Removing port.o(.text.PORT_Pin_Input_Config), (164 bytes).
    Removing port.o(.ARM.exidx.text.PORT_Pin_Input_Config), (8 bytes).
    Removing port.o(.text.PORT_Pin_Input_IT_Config), (196 bytes).
    Removing port.o(.ARM.exidx.text.PORT_Pin_Input_IT_Config), (8 bytes).
    Removing port.o(.ARM.exidx.text.PORT_Pin_Alt_Config), (8 bytes).
    Removing port.o(.text.GPIO_ReadFromInputPin), (34 bytes).
    Removing port.o(.ARM.exidx.text.GPIO_ReadFromInputPin), (8 bytes).
    Removing port.o(.text.GPIO_ReadFromInputPort), (16 bytes).
    Removing port.o(.ARM.exidx.text.GPIO_ReadFromInputPort), (8 bytes).
    Removing port.o(.text.GPIO_WriteToOutputPin), (64 bytes).
    Removing port.o(.ARM.exidx.text.GPIO_WriteToOutputPin), (8 bytes).
    Removing port.o(.text.GPIO_WriteToOutputPort), (16 bytes).
    Removing port.o(.ARM.exidx.text.GPIO_WriteToOutputPort), (8 bytes).
    Removing port.o(.text.GPIO_ToggleOutputPin), (30 bytes).
    Removing port.o(.ARM.exidx.text.GPIO_ToggleOutputPin), (8 bytes).
    Removing nvic.o(.text), (0 bytes).
    Removing nvic.o(.ARM.exidx.text.Interrupt_Enable), (8 bytes).
    Removing systick.o(.text), (0 bytes).
    Removing systick.o(.text.SysTick_Init), (64 bytes).
    Removing systick.o(.ARM.exidx.text.SysTick_Init), (8 bytes).
    Removing systick.o(.text.SysTick_StartTimer), (18 bytes).
    Removing systick.o(.ARM.exidx.text.SysTick_StartTimer), (8 bytes).
    Removing systick.o(.text.SysTick_StopTimer), (18 bytes).
    Removing systick.o(.ARM.exidx.text.SysTick_StopTimer), (8 bytes).
    Removing lpuart.o(.text), (0 bytes).
    Removing lpuart.o(.ARM.exidx.text.LPUART_PeripheralClockConfig), (8 bytes).
    Removing lpuart.o(.ARM.exidx.text.LPUART_Init), (8 bytes).
    Removing lpuart.o(.text.LPUART_GetFlagStatus), (34 bytes).
    Removing lpuart.o(.ARM.exidx.text.LPUART_GetFlagStatus), (8 bytes).
    Removing lpuart.o(.text.LPUART_ClearFlagStatus), (30 bytes).
    Removing lpuart.o(.ARM.exidx.text.LPUART_ClearFlagStatus), (8 bytes).
    Removing lpuart.o(.text.LPUART_Transmit), (160 bytes).
    Removing lpuart.o(.ARM.exidx.text.LPUART_Transmit), (8 bytes).
    Removing lpuart.o(.ARM.exidx.text.LPUART_TransmitString), (8 bytes).
    Removing lpuart.o(.text.LPUART_Receive), (150 bytes).
    Removing lpuart.o(.ARM.exidx.text.LPUART_Receive), (8 bytes).
    Removing lpuart.o(.text.LPUART_ReceiveIT), (86 bytes).
    Removing lpuart.o(.ARM.exidx.text.LPUART_ReceiveIT), (8 bytes).
    Removing lpuart.o(.text.LPUART_TransmitIT), (84 bytes).
    Removing lpuart.o(.ARM.exidx.text.LPUART_TransmitIT), (8 bytes).
    Removing lpuart.o(.text.LPUART_IRQHandling), (416 bytes).
    Removing lpuart.o(.ARM.exidx.text.LPUART_IRQHandling), (8 bytes).
    Removing clock.o(.text), (0 bytes).
    Removing clock.o(.text.ClockEnable), (468 bytes).
    Removing clock.o(.ARM.exidx.text.ClockEnable), (8 bytes).
    Removing clock.o(.text.ClockDisable), (410 bytes).
    Removing clock.o(.ARM.exidx.text.ClockDisable), (8 bytes).
    Removing clock.o(.ARM.exidx.text.FIRC_ClockEnable), (8 bytes).
    Removing clock.o(.ARM.exidx.text.SIRC_ClockEnable), (8 bytes).
    Removing clock.o(.ARM.exidx.text.SOSC_ClockEnable), (8 bytes).
    Removing clock.o(.text.SPLL_ClockEnable), (180 bytes).
    Removing clock.o(.ARM.exidx.text.SPLL_ClockEnable), (8 bytes).
    Removing clock.o(.text.SystemClockConfig), (86 bytes).
    Removing clock.o(.ARM.exidx.text.SystemClockConfig), (8 bytes).
    Removing clock.o(.text.SCG_ClockOutSelect), (26 bytes).
    Removing clock.o(.ARM.exidx.text.SCG_ClockOutSelect), (8 bytes).
    Removing lpit.o(.text), (0 bytes).
    Removing lpit.o(.ARM.exidx.text.LPIT_PeripheralClockConfig), (8 bytes).
    Removing lpit.o(.ARM.exidx.text.LPIT_Init), (8 bytes).
    Removing lpit.o(.ARM.exidx.text.LPIT_StartTimer), (8 bytes).
    Removing lpit.o(.text.LPIT_StopTimer), (78 bytes).
    Removing lpit.o(.ARM.exidx.text.LPIT_StopTimer), (8 bytes).
    Removing adc.o(.text), (0 bytes).
    Removing adc.o(.text.ADC_PeripheralClockConfig), (38 bytes).
    Removing adc.o(.ARM.exidx.text.ADC_PeripheralClockConfig), (8 bytes).
    Removing adc.o(.text.ADC_Init), (88 bytes).
    Removing adc.o(.ARM.exidx.text.ADC_Init), (8 bytes).
    Removing adc.o(.text.ADC_ConversionComplete), (16 bytes).
    Removing adc.o(.ARM.exidx.text.ADC_ConversionComplete), (8 bytes).
    Removing lpspi.o(.text), (0 bytes).
    Removing lpspi.o(.ARM.exidx.text.LPSPI_PeripheralClockConfig), (8 bytes).
    Removing lpspi.o(.ARM.exidx.text.LPSPI_Init), (8 bytes).
    Removing lpspi.o(.ARM.exidx.text.LPSPI_Receive), (8 bytes).
    Removing lpspi.o(.ARM.exidx.text.LPSPI_Transmit), (8 bytes).
    Removing main.o(.text), (0 bytes).
    Removing main.o(.ARM.exidx.text.main), (8 bytes).
    Removing main.o(.ARM.exidx.text.LPIT0_Ch0_IRQHandler), (8 bytes).
    Removing main.o(.rodata.str1.1), (14 bytes).
    Removing main.o(.ARM.use_no_argv), (4 bytes).
    Removing startup.o(.text), (0 bytes).
    Removing startup.o(.ARM.exidx.text.init_data_bss), (8 bytes).
    Removing system_s32k144.o(.text), (0 bytes).
    Removing system_s32k144.o(.ARM.exidx.text.SystemInit), (8 bytes).
    Removing system_s32k144.o(.text.SystemCoreClockUpdate), (254 bytes).
    Removing system_s32k144.o(.ARM.exidx.text.SystemCoreClockUpdate), (8 bytes).
    Removing system_s32k144.o(.text.SystemSoftwareReset), (48 bytes).
    Removing system_s32k144.o(.ARM.exidx.text.SystemSoftwareReset), (8 bytes).
    Removing system_s32k144.o(.data.SystemCoreClock), (4 bytes).
    Removing system_s32k144.o(.rodata.SystemCoreClockUpdate.fircFreq), (4 bytes).

93 unused section(s) (total 3750 bytes) removed from the image.

==============================================================================

Image Symbol Table

    Local Symbols

    Symbol Name                              Value     Ov Type        Size  Object(Section)

    ../clib/angel/boardlib.s                 0x00000000   Number         0  boardinit1.o ABSOLUTE
    ../clib/angel/boardlib.s                 0x00000000   Number         0  boardinit2.o ABSOLUTE
    ../clib/angel/boardlib.s                 0x00000000   Number         0  boardinit3.o ABSOLUTE
    ../clib/angel/boardlib.s                 0x00000000   Number         0  boardshut.o ABSOLUTE
    ../clib/angel/handlers.s                 0x00000000   Number         0  __scatter_zi.o ABSOLUTE
    ../clib/angel/kernel.s                   0x00000000   Number         0  __rtentry.o ABSOLUTE
    ../clib/angel/kernel.s                   0x00000000   Number         0  __rtentry2.o ABSOLUTE
    ../clib/angel/kernel.s                   0x00000000   Number         0  __rtentry4.o ABSOLUTE
    ../clib/angel/kernel.s                   0x00000000   Number         0  __rtentry7.o ABSOLUTE
    ../clib/angel/kernel.s                   0x00000000   Number         0  rtexit.o ABSOLUTE
    ../clib/angel/kernel.s                   0x00000000   Number         0  rtexit2.o ABSOLUTE
    ../clib/angel/rt.s                       0x00000000   Number         0  rt_raise.o ABSOLUTE
    ../clib/angel/scatter.s                  0x00000000   Number         0  __scatter.o ABSOLUTE
    ../clib/angel/startup.s                  0x00000000   Number         0  __main.o ABSOLUTE
    ../clib/angel/sys.s                      0x00000000   Number         0  sys_stackheap_outer.o ABSOLUTE
    ../clib/angel/sys.s                      0x00000000   Number         0  libspace.o ABSOLUTE
    ../clib/angel/sys.s                      0x00000000   Number         0  sys_stackheap.o ABSOLUTE
    ../clib/angel/sys.s                      0x00000000   Number         0  sys_stackheap_hlt.o ABSOLUTE
    ../clib/angel/sys.s                      0x00000000   Number         0  use_no_semi.o ABSOLUTE
    ../clib/angel/sys.s                      0x00000000   Number         0  indicate_semi.o ABSOLUTE
    ../clib/angel/sysapp.c                   0x00000000   Number         0  sys_exit.o ABSOLUTE
    ../clib/angel/sysapp.c                   0x00000000   Number         0  sys_exit_hlt.o ABSOLUTE
    ../clib/angel/sysapp.c                   0x00000000   Number         0  sys_command.o ABSOLUTE
    ../clib/angel/sysapp.c                   0x00000000   Number         0  sys_command_hlt.o ABSOLUTE
    ../clib/angel/sysapp.c                   0x00000000   Number         0  sys_wrch.o ABSOLUTE
    ../clib/angel/sysapp.c                   0x00000000   Number         0  sys_wrch_hlt.o ABSOLUTE
    ../clib/armsys.c                         0x00000000   Number         0  argv_veneer.o ABSOLUTE
    ../clib/armsys.c                         0x00000000   Number         0  argv_veneer.o ABSOLUTE
    ../clib/armsys.c                         0x00000000   Number         0  _get_argv_nomalloc.o ABSOLUTE
    ../clib/armsys.c                         0x00000000   Number         0  no_argv.o ABSOLUTE
    ../clib/heapalloc.c                      0x00000000   Number         0  hrguard.o ABSOLUTE
    ../clib/libinit.s                        0x00000000   Number         0  libinit.o ABSOLUTE
    ../clib/libinit.s                        0x00000000   Number         0  libinit2.o ABSOLUTE
    ../clib/libinit.s                        0x00000000   Number         0  libinit5.o ABSOLUTE
    ../clib/libinit.s                        0x00000000   Number         0  libshutdown.o ABSOLUTE
    ../clib/libinit.s                        0x00000000   Number         0  libshutdown2.o ABSOLUTE
    ../clib/signal.c                         0x00000000   Number         0  defsig_rtmem_outer.o ABSOLUTE
    ../clib/signal.c                         0x00000000   Number         0  defsig_rtmem_formal.o ABSOLUTE
    ../clib/signal.c                         0x00000000   Number         0  defsig_exit.o ABSOLUTE
    ../clib/signal.c                         0x00000000   Number         0  defsig_rtmem_inner.o ABSOLUTE
    ../clib/signal.c                         0x00000000   Number         0  __raise.o ABSOLUTE
    ../clib/signal.c                         0x00000000   Number         0  defsig_general.o ABSOLUTE
    ../clib/signal.c                         0x00000000   Number         0  defsig_abrt_inner.o ABSOLUTE
    ../clib/signal.c                         0x00000000   Number         0  defsig_fpe_inner.o ABSOLUTE
    ../clib/signal.c                         0x00000000   Number         0  defsig_rtred_inner.o ABSOLUTE
    ../clib/signal.c                         0x00000000   Number         0  defsig_stak_inner.o ABSOLUTE
    ../clib/signal.c                         0x00000000   Number         0  defsig_pvfn_inner.o ABSOLUTE
    ../clib/signal.c                         0x00000000   Number         0  defsig_cppl_inner.o ABSOLUTE
    ../clib/signal.c                         0x00000000   Number         0  defsig_segv_inner.o ABSOLUTE
    ../clib/signal.c                         0x00000000   Number         0  defsig_other.o ABSOLUTE
    ../clib/signal.s                         0x00000000   Number         0  defsig.o ABSOLUTE
    ../clib/stdlib.c                         0x00000000   Number         0  exit.o ABSOLUTE
    ../fplib/fpinit.s                        0x00000000   Number         0  fpinit.o ABSOLUTE
    RTE\Device\S32K144HAxxxLLx\startup_S32K144.S 0x00000000   Number         0  startup_s32k144.o ABSOLUTE
    adc.c                                    0x00000000   Number         0  adc.o ABSOLUTE
    clock.c                                  0x00000000   Number         0  clock.o ABSOLUTE
    dc.s                                     0x00000000   Number         0  dc.o ABSOLUTE
    lpit.c                                   0x00000000   Number         0  lpit.o ABSOLUTE
    lpspi.c                                  0x00000000   Number         0  lpspi.o ABSOLUTE
    lpuart.c                                 0x00000000   Number         0  lpuart.o ABSOLUTE
    main.c                                   0x00000000   Number         0  main.o ABSOLUTE
    nvic.c                                   0x00000000   Number         0  nvic.o ABSOLUTE
    port.c                                   0x00000000   Number         0  port.o ABSOLUTE
    startup.c                                0x00000000   Number         0  startup.o ABSOLUTE
    system_S32K144.c                         0x00000000   Number         0  system_s32k144.o ABSOLUTE
    systick.c                                0x00000000   Number         0  systick.o ABSOLUTE
    RESET                                    0x00000000   Section      560  startup_s32k144.o(RESET)
    FlashConfig                              0x00000400   Section       16  startup_s32k144.o(FlashConfig)
    s_vectors                                0x00000410   Data           4  startup.o(.rodata.s_vectors)
    [Anonymous Symbol]                       0x00000410   Section        0  startup.o(.rodata.s_vectors)
    !!!main                                  0x00000414   Section        8  __main.o(!!!main)
    !!!scatter                               0x0000041c   Section       52  __scatter.o(!!!scatter)
    !!handler_zi                             0x00000450   Section       28  __scatter_zi.o(!!handler_zi)
    .ARM.Collect$$libinit$$00000000          0x0000046c   Section        2  libinit.o(.ARM.Collect$$libinit$$00000000)
    .ARM.Collect$$libinit$$00000001          0x0000046e   Section        4  libinit2.o(.ARM.Collect$$libinit$$00000001)
    .ARM.Collect$$libinit$$00000004          0x00000472   Section        0  libinit2.o(.ARM.Collect$$libinit$$00000004)
    .ARM.Collect$$libinit$$00000006          0x00000472   Section        0  libinit2.o(.ARM.Collect$$libinit$$00000006)
    .ARM.Collect$$libinit$$0000000C          0x00000472   Section        0  libinit2.o(.ARM.Collect$$libinit$$0000000C)
    .ARM.Collect$$libinit$$0000000E          0x00000472   Section        0  libinit2.o(.ARM.Collect$$libinit$$0000000E)
    .ARM.Collect$$libinit$$00000010          0x00000472   Section        0  libinit2.o(.ARM.Collect$$libinit$$00000010)
    .ARM.Collect$$libinit$$00000013          0x00000472   Section        0  libinit2.o(.ARM.Collect$$libinit$$00000013)
    .ARM.Collect$$libinit$$00000015          0x00000472   Section        0  libinit2.o(.ARM.Collect$$libinit$$00000015)
    .ARM.Collect$$libinit$$00000017          0x00000472   Section        0  libinit2.o(.ARM.Collect$$libinit$$00000017)
    .ARM.Collect$$libinit$$00000019          0x00000472   Section        0  libinit2.o(.ARM.Collect$$libinit$$00000019)
    .ARM.Collect$$libinit$$0000001B          0x00000472   Section        0  libinit2.o(.ARM.Collect$$libinit$$0000001B)
    .ARM.Collect$$libinit$$0000001D          0x00000472   Section        0  libinit2.o(.ARM.Collect$$libinit$$0000001D)
    .ARM.Collect$$libinit$$0000001F          0x00000472   Section        0  libinit2.o(.ARM.Collect$$libinit$$0000001F)
    .ARM.Collect$$libinit$$00000021          0x00000472   Section        0  libinit2.o(.ARM.Collect$$libinit$$00000021)
    .ARM.Collect$$libinit$$00000023          0x00000472   Section        0  libinit2.o(.ARM.Collect$$libinit$$00000023)
    .ARM.Collect$$libinit$$00000025          0x00000472   Section        0  libinit2.o(.ARM.Collect$$libinit$$00000025)
    .ARM.Collect$$libinit$$00000027          0x00000472   Section        0  libinit2.o(.ARM.Collect$$libinit$$00000027)
    .ARM.Collect$$libinit$$0000002E          0x00000472   Section        0  libinit2.o(.ARM.Collect$$libinit$$0000002E)
    .ARM.Collect$$libinit$$00000030          0x00000472   Section        0  libinit2.o(.ARM.Collect$$libinit$$00000030)
    .ARM.Collect$$libinit$$00000032          0x00000472   Section        0  libinit2.o(.ARM.Collect$$libinit$$00000032)
    .ARM.Collect$$libinit$$00000034          0x00000472   Section        0  libinit2.o(.ARM.Collect$$libinit$$00000034)
    .ARM.Collect$$libinit$$00000035          0x00000472   Section        2  libinit2.o(.ARM.Collect$$libinit$$00000035)
    .ARM.Collect$$libshutdown$$00000000      0x00000474   Section        2  libshutdown.o(.ARM.Collect$$libshutdown$$00000000)
    .ARM.Collect$$libshutdown$$00000002      0x00000476   Section        0  libshutdown2.o(.ARM.Collect$$libshutdown$$00000002)
    .ARM.Collect$$libshutdown$$00000004      0x00000476   Section        0  libshutdown2.o(.ARM.Collect$$libshutdown$$00000004)
    .ARM.Collect$$libshutdown$$00000007      0x00000476   Section        0  libshutdown2.o(.ARM.Collect$$libshutdown$$00000007)
    .ARM.Collect$$libshutdown$$0000000A      0x00000476   Section        0  libshutdown2.o(.ARM.Collect$$libshutdown$$0000000A)
    .ARM.Collect$$libshutdown$$0000000C      0x00000476   Section        0  libshutdown2.o(.ARM.Collect$$libshutdown$$0000000C)
    .ARM.Collect$$libshutdown$$0000000F      0x00000476   Section        0  libshutdown2.o(.ARM.Collect$$libshutdown$$0000000F)
    .ARM.Collect$$libshutdown$$00000010      0x00000476   Section        2  libshutdown2.o(.ARM.Collect$$libshutdown$$00000010)
    .ARM.Collect$$rtentry$$00000000          0x00000478   Section        0  __rtentry.o(.ARM.Collect$$rtentry$$00000000)
    .ARM.Collect$$rtentry$$00000002          0x00000478   Section        0  __rtentry2.o(.ARM.Collect$$rtentry$$00000002)
    .ARM.Collect$$rtentry$$00000007          0x00000478   Section        4  __rtentry7.o(.ARM.Collect$$rtentry$$00000007)
    .ARM.Collect$$rtentry$$00000009          0x0000047c   Section        0  __rtentry2.o(.ARM.Collect$$rtentry$$00000009)
    .ARM.Collect$$rtentry$$0000000A          0x0000047c   Section        4  __rtentry2.o(.ARM.Collect$$rtentry$$0000000A)
    .ARM.Collect$$rtentry$$0000000C          0x00000480   Section        0  __rtentry2.o(.ARM.Collect$$rtentry$$0000000C)
    .ARM.Collect$$rtentry$$0000000D          0x00000480   Section        8  __rtentry2.o(.ARM.Collect$$rtentry$$0000000D)
    __lit__00000000                          0x00000488   Data           4  __rtentry7.o(.ARM.Collect$$rtentry$$00002718)
    .ARM.Collect$$rtentry$$00002718          0x00000488   Section        4  __rtentry7.o(.ARM.Collect$$rtentry$$00002718)
    .ARM.Collect$$rtexit$$00000000           0x0000048c   Section        2  rtexit.o(.ARM.Collect$$rtexit$$00000000)
    .ARM.Collect$$rtexit$$00000002           0x0000048e   Section        0  rtexit2.o(.ARM.Collect$$rtexit$$00000002)
    .ARM.Collect$$rtexit$$00000003           0x0000048e   Section        4  rtexit2.o(.ARM.Collect$$rtexit$$00000003)
    .ARM.Collect$$rtexit$$00000004           0x00000492   Section        6  rtexit2.o(.ARM.Collect$$rtexit$$00000004)
    .text                                    0x00000498   Section      156  startup_s32k144.o(.text)
    $v0                                      0x000004ec   Number         0  startup_s32k144.o(.text)
    .text                                    0x00000534   Section        0  exit.o(.text)
    .text                                    0x00000546   Section        2  use_no_semi.o(.text)
    .text                                    0x00000548   Section        0  indicate_semi.o(.text)
    .text                                    0x00000548   Section        0  sys_exit.o(.text)
    [Anonymous Symbol]                       0x00000554   Section        0  clock.o(.text.FIRC_ClockEnable)
    [Anonymous Symbol]                       0x000005b8   Section        0  nvic.o(.text.Interrupt_Enable)
    [Anonymous Symbol]                       0x00000614   Section        0  main.o(.text.LPIT0_Ch0_IRQHandler)
    [Anonymous Symbol]                       0x000006d4   Section        0  lpit.o(.text.LPIT_Init)
    [Anonymous Symbol]                       0x00000780   Section        0  lpit.o(.text.LPIT_PeripheralClockConfig)
    [Anonymous Symbol]                       0x000007a4   Section        0  lpit.o(.text.LPIT_StartTimer)
    [Anonymous Symbol]                       0x000007f4   Section        0  lpspi.o(.text.LPSPI_Init)
    [Anonymous Symbol]                       0x000008d0   Section        0  lpspi.o(.text.LPSPI_PeripheralClockConfig)
    [Anonymous Symbol]                       0x0000096c   Section        0  lpspi.o(.text.LPSPI_Receive)
    [Anonymous Symbol]                       0x00000a88   Section        0  lpspi.o(.text.LPSPI_Transmit)
    [Anonymous Symbol]                       0x00000b9c   Section        0  lpuart.o(.text.LPUART_Init)
    [Anonymous Symbol]                       0x00000c04   Section        0  lpuart.o(.text.LPUART_PeripheralClockConfig)
    [Anonymous Symbol]                       0x00000ca0   Section        0  lpuart.o(.text.LPUART_TransmitString)
    [Anonymous Symbol]                       0x00000d2c   Section        0  port.o(.text.PORT_PeripheralClockConfig)
    [Anonymous Symbol]                       0x00000de8   Section        0  port.o(.text.PORT_Pin_Alt_Config)
    [Anonymous Symbol]                       0x00000e20   Section        0  clock.o(.text.SIRC_ClockEnable)
    [Anonymous Symbol]                       0x00000e98   Section        0  clock.o(.text.SOSC_ClockEnable)
    [Anonymous Symbol]                       0x00000f20   Section        0  system_s32k144.o(.text.SystemInit)
    [Anonymous Symbol]                       0x00000f74   Section        0  startup.o(.text.init_data_bss)
    [Anonymous Symbol]                       0x00001014   Section        0  main.o(.text.main)
    $v0                                      0x0000121c   Number         0  fpinit.o(x$fpl$fpinit)
    x$fpl$fpinit                             0x0000121c   Section       26  fpinit.o(x$fpl$fpinit)

    Global Symbols

    Symbol Name                              Value     Ov Type        Size  Object(Section)

    BuildAttributes$$THM_ISAv4$E$P$D$K$B$S$7EM$VFPi3$EXTD16$VFPS$VFMA$PE$A:L22UL41UL21$X:L11$S22US41US21$IEEE1$IW$~IW$USESV6$~STKCKD$USESV7$~SHL$OSPACE$ROPI$EBA8$UX$STANDARDLIB$REQ8$PRES8$EABIv2 0x00000000   Number         0  anon$$obj.o ABSOLUTE
    Image$$RW_m_code$$Length                 0x00000000   Number         0  anon$$obj.o ABSOLUTE
    Image$$RW_m_data$$Length                 0x00000000   Number         0  anon$$obj.o ABSOLUTE
    Image$$VECTOR_RAM$$Length                0x00000000   Number         0  anon$$obj.o ABSOLUTE
    Image$$VECTOR_ROM$$Base                  0x00000000   Number         0  anon$$obj.o ABSOLUTE
    __Vectors                                0x00000000   Data           4  startup_s32k144.o(RESET)
    Image$$ZI$$Limit                          - Undefined Weak Reference
    __ARM_exceptions_init                     - Undefined Weak Reference
    __alloca_initialize                       - Undefined Weak Reference
    __arm_preinit_                            - Undefined Weak Reference
    __arm_relocate_pie_                       - Undefined Weak Reference
    __cpp_initialize__aeabi_                  - Undefined Weak Reference
    __cxa_finalize                            - Undefined Weak Reference
    __rt_locale                               - Undefined Weak Reference
    __sigvec_lookup                           - Undefined Weak Reference
    _atexit_init                              - Undefined Weak Reference
    _call_atexit_fns                          - Undefined Weak Reference
    _clock_init                               - Undefined Weak Reference
    _fp_trap_init                             - Undefined Weak Reference
    _fp_trap_shutdown                         - Undefined Weak Reference
    _get_lc_collate                           - Undefined Weak Reference
    _get_lc_ctype                             - Undefined Weak Reference
    _get_lc_monetary                          - Undefined Weak Reference
    _get_lc_numeric                           - Undefined Weak Reference
    _get_lc_time                              - Undefined Weak Reference
    _getenv_init                              - Undefined Weak Reference
    _handle_redirection                       - Undefined Weak Reference
    _init_alloc                               - Undefined Weak Reference
    _init_user_alloc                          - Undefined Weak Reference
    _initio                                   - Undefined Weak Reference
    _rand_init                                - Undefined Weak Reference
    _signal_finish                            - Undefined Weak Reference
    _signal_init                              - Undefined Weak Reference
    _terminate_alloc                          - Undefined Weak Reference
    _terminate_user_alloc                     - Undefined Weak Reference
    _terminateio                              - Undefined Weak Reference
    Image$$VECTOR_ROM$$Length                0x00000230   Number         0  anon$$obj.o ABSOLUTE
    Image$$VECTOR_ROM$$Limit                 0x00000230   Number         0  anon$$obj.o ABSOLUTE
    Image$$ER_m_text_const$$Base             0x00000410   Number         0  anon$$obj.o ABSOLUTE
    Image$$ER_m_text_const$$Limit            0x00000414   Number         0  anon$$obj.o ABSOLUTE
    __main                                   0x00000415   Thumb Code     8  __main.o(!!!main)
    __scatterload                            0x0000041d   Thumb Code     0  __scatter.o(!!!scatter)
    __scatterload_rt2                        0x0000041d   Thumb Code    44  __scatter.o(!!!scatter)
    __scatterload_rt2_thumb_only             0x0000041d   Thumb Code     0  __scatter.o(!!!scatter)
    __scatterload_null                       0x0000042b   Thumb Code     0  __scatter.o(!!!scatter)
    __scatterload_zeroinit                   0x00000451   Thumb Code    28  __scatter_zi.o(!!handler_zi)
    __rt_lib_init                            0x0000046d   Thumb Code     0  libinit.o(.ARM.Collect$$libinit$$00000000)
    __rt_lib_init_fp_1                       0x0000046f   Thumb Code     0  libinit2.o(.ARM.Collect$$libinit$$00000001)
    __rt_lib_init_alloca_1                   0x00000473   Thumb Code     0  libinit2.o(.ARM.Collect$$libinit$$00000030)
    __rt_lib_init_argv_1                     0x00000473   Thumb Code     0  libinit2.o(.ARM.Collect$$libinit$$0000002E)
    __rt_lib_init_atexit_1                   0x00000473   Thumb Code     0  libinit2.o(.ARM.Collect$$libinit$$0000001D)
    __rt_lib_init_clock_1                    0x00000473   Thumb Code     0  libinit2.o(.ARM.Collect$$libinit$$00000023)
    __rt_lib_init_cpp_1                      0x00000473   Thumb Code     0  libinit2.o(.ARM.Collect$$libinit$$00000034)
    __rt_lib_init_exceptions_1               0x00000473   Thumb Code     0  libinit2.o(.ARM.Collect$$libinit$$00000032)
    __rt_lib_init_fp_trap_1                  0x00000473   Thumb Code     0  libinit2.o(.ARM.Collect$$libinit$$00000021)
    __rt_lib_init_getenv_1                   0x00000473   Thumb Code     0  libinit2.o(.ARM.Collect$$libinit$$00000025)
    __rt_lib_init_heap_1                     0x00000473   Thumb Code     0  libinit2.o(.ARM.Collect$$libinit$$0000000C)
    __rt_lib_init_lc_collate_1               0x00000473   Thumb Code     0  libinit2.o(.ARM.Collect$$libinit$$00000013)
    __rt_lib_init_lc_ctype_1                 0x00000473   Thumb Code     0  libinit2.o(.ARM.Collect$$libinit$$00000015)
    __rt_lib_init_lc_monetary_1              0x00000473   Thumb Code     0  libinit2.o(.ARM.Collect$$libinit$$00000017)
    __rt_lib_init_lc_numeric_1               0x00000473   Thumb Code     0  libinit2.o(.ARM.Collect$$libinit$$00000019)
    __rt_lib_init_lc_time_1                  0x00000473   Thumb Code     0  libinit2.o(.ARM.Collect$$libinit$$0000001B)
    __rt_lib_init_preinit_1                  0x00000473   Thumb Code     0  libinit2.o(.ARM.Collect$$libinit$$00000006)
    __rt_lib_init_rand_1                     0x00000473   Thumb Code     0  libinit2.o(.ARM.Collect$$libinit$$00000010)
    __rt_lib_init_relocate_pie_1             0x00000473   Thumb Code     0  libinit2.o(.ARM.Collect$$libinit$$00000004)
    __rt_lib_init_return                     0x00000473   Thumb Code     0  libinit2.o(.ARM.Collect$$libinit$$00000035)
    __rt_lib_init_signal_1                   0x00000473   Thumb Code     0  libinit2.o(.ARM.Collect$$libinit$$0000001F)
    __rt_lib_init_stdio_1                    0x00000473   Thumb Code     0  libinit2.o(.ARM.Collect$$libinit$$00000027)
    __rt_lib_init_user_alloc_1               0x00000473   Thumb Code     0  libinit2.o(.ARM.Collect$$libinit$$0000000E)
    __rt_lib_shutdown                        0x00000475   Thumb Code     0  libshutdown.o(.ARM.Collect$$libshutdown$$00000000)
    __rt_lib_shutdown_cpp_1                  0x00000477   Thumb Code     0  libshutdown2.o(.ARM.Collect$$libshutdown$$00000002)
    __rt_lib_shutdown_fp_trap_1              0x00000477   Thumb Code     0  libshutdown2.o(.ARM.Collect$$libshutdown$$00000007)
    __rt_lib_shutdown_heap_1                 0x00000477   Thumb Code     0  libshutdown2.o(.ARM.Collect$$libshutdown$$0000000F)
    __rt_lib_shutdown_return                 0x00000477   Thumb Code     0  libshutdown2.o(.ARM.Collect$$libshutdown$$00000010)
    __rt_lib_shutdown_signal_1               0x00000477   Thumb Code     0  libshutdown2.o(.ARM.Collect$$libshutdown$$0000000A)
    __rt_lib_shutdown_stdio_1                0x00000477   Thumb Code     0  libshutdown2.o(.ARM.Collect$$libshutdown$$00000004)
    __rt_lib_shutdown_user_alloc_1           0x00000477   Thumb Code     0  libshutdown2.o(.ARM.Collect$$libshutdown$$0000000C)
    __rt_entry                               0x00000479   Thumb Code     0  __rtentry.o(.ARM.Collect$$rtentry$$00000000)
    __rt_entry_presh_1                       0x00000479   Thumb Code     0  __rtentry2.o(.ARM.Collect$$rtentry$$00000002)
    __rt_entry_sh                            0x00000479   Thumb Code     0  __rtentry7.o(.ARM.Collect$$rtentry$$00000007)
    __rt_entry_li                            0x0000047d   Thumb Code     0  __rtentry2.o(.ARM.Collect$$rtentry$$0000000A)
    __rt_entry_postsh_1                      0x0000047d   Thumb Code     0  __rtentry2.o(.ARM.Collect$$rtentry$$00000009)
    __rt_entry_main                          0x00000481   Thumb Code     0  __rtentry2.o(.ARM.Collect$$rtentry$$0000000D)
    __rt_entry_postli_1                      0x00000481   Thumb Code     0  __rtentry2.o(.ARM.Collect$$rtentry$$0000000C)
    __rt_exit                                0x0000048d   Thumb Code     0  rtexit.o(.ARM.Collect$$rtexit$$00000000)
    __rt_exit_ls                             0x0000048f   Thumb Code     0  rtexit2.o(.ARM.Collect$$rtexit$$00000003)
    __rt_exit_prels_1                        0x0000048f   Thumb Code     0  rtexit2.o(.ARM.Collect$$rtexit$$00000002)
    __rt_exit_exit                           0x00000493   Thumb Code     0  rtexit2.o(.ARM.Collect$$rtexit$$00000004)
    __RAM_VECTOR_TABLE_SIZE                  0x00000498   Data           4  startup_s32k144.o(.text)
    __VECTOR_RAM                             0x0000049c   Data           4  startup_s32k144.o(.text)
    __VECTOR_ROM                             0x000004a0   Data           4  startup_s32k144.o(.text)
    __VECTOR_ROM_START                       0x000004a4   Data           4  startup_s32k144.o(.text)
    __VECTOR_ROM_END                         0x000004a8   Data           4  startup_s32k144.o(.text)
    __CODE_ROM                               0x000004ac   Data           4  startup_s32k144.o(.text)
    __CODE_END                               0x000004b0   Data           4  startup_s32k144.o(.text)
    __CODE_RAM                               0x000004b4   Data           4  startup_s32k144.o(.text)
    __CODE_RAM_START                         0x000004b8   Data           4  startup_s32k144.o(.text)
    __CODE_RAM_END                           0x000004bc   Data           4  startup_s32k144.o(.text)
    __BSS_START                              0x000004c0   Data           4  startup_s32k144.o(.text)
    __BSS_END                                0x000004c4   Data           4  startup_s32k144.o(.text)
    __DATA_RAM                               0x000004c8   Data           4  startup_s32k144.o(.text)
    __DATA_RAM_START                         0x000004cc   Data           4  startup_s32k144.o(.text)
    __DATA_RAM_END                           0x000004d0   Data           4  startup_s32k144.o(.text)
    __DATA_ROM                               0x000004d4   Data           4  startup_s32k144.o(.text)
    __DATA_END                               0x000004d8   Data           4  startup_s32k144.o(.text)
    __CUSTOM_SECTION_START                   0x000004dc   Data           4  startup_s32k144.o(.text)
    __CUSTOM_SECTION_END                     0x000004e0   Data           4  startup_s32k144.o(.text)
    __RAM_START                              0x000004e4   Data           4  startup_s32k144.o(.text)
    __RAM_END                                0x000004e8   Data           4  startup_s32k144.o(.text)
    Reset_Handler                            0x000004ed   Thumb Code    28  startup_s32k144.o(.text)
    NMI_Handler                              0x00000509   Thumb Code     2  startup_s32k144.o(.text)
    HardFault_Handler                        0x0000050b   Thumb Code     2  startup_s32k144.o(.text)
    MemManage_Handler                        0x0000050d   Thumb Code     2  startup_s32k144.o(.text)
    BusFault_Handler                         0x0000050f   Thumb Code     2  startup_s32k144.o(.text)
    UsageFault_Handler                       0x00000511   Thumb Code     2  startup_s32k144.o(.text)
    SVC_Handler                              0x00000513   Thumb Code     2  startup_s32k144.o(.text)
    DebugMon_Handler                         0x00000515   Thumb Code     2  startup_s32k144.o(.text)
    PendSV_Handler                           0x00000517   Thumb Code     2  startup_s32k144.o(.text)
    SysTick_Handler                          0x00000519   Thumb Code     2  startup_s32k144.o(.text)
    DefaultISR                               0x0000051b   Thumb Code     2  startup_s32k144.o(.text)
    ADC0_IRQHandler                          0x0000051d   Thumb Code     0  startup_s32k144.o(.text)
    ADC1_IRQHandler                          0x0000051d   Thumb Code     0  startup_s32k144.o(.text)
    CAN0_Error_IRQHandler                    0x0000051d   Thumb Code     0  startup_s32k144.o(.text)
    CAN0_ORed_0_15_MB_IRQHandler             0x0000051d   Thumb Code     0  startup_s32k144.o(.text)
    CAN0_ORed_16_31_MB_IRQHandler            0x0000051d   Thumb Code     0  startup_s32k144.o(.text)
    CAN0_ORed_IRQHandler                     0x0000051d   Thumb Code     0  startup_s32k144.o(.text)
    CAN0_Wake_Up_IRQHandler                  0x0000051d   Thumb Code     0  startup_s32k144.o(.text)
    CAN1_Error_IRQHandler                    0x0000051d   Thumb Code     0  startup_s32k144.o(.text)
    CAN1_ORed_0_15_MB_IRQHandler             0x0000051d   Thumb Code     0  startup_s32k144.o(.text)
    CAN1_ORed_IRQHandler                     0x0000051d   Thumb Code     0  startup_s32k144.o(.text)
    CAN2_Error_IRQHandler                    0x0000051d   Thumb Code     0  startup_s32k144.o(.text)
    CAN2_ORed_0_15_MB_IRQHandler             0x0000051d   Thumb Code     0  startup_s32k144.o(.text)
    CAN2_ORed_IRQHandler                     0x0000051d   Thumb Code     0  startup_s32k144.o(.text)
    CMP0_IRQHandler                          0x0000051d   Thumb Code     0  startup_s32k144.o(.text)
    DMA0_IRQHandler                          0x0000051d   Thumb Code     0  startup_s32k144.o(.text)
    DMA10_IRQHandler                         0x0000051d   Thumb Code     0  startup_s32k144.o(.text)
    DMA11_IRQHandler                         0x0000051d   Thumb Code     0  startup_s32k144.o(.text)
    DMA12_IRQHandler                         0x0000051d   Thumb Code     0  startup_s32k144.o(.text)
    DMA13_IRQHandler                         0x0000051d   Thumb Code     0  startup_s32k144.o(.text)
    DMA14_IRQHandler                         0x0000051d   Thumb Code     0  startup_s32k144.o(.text)
    DMA15_IRQHandler                         0x0000051d   Thumb Code     0  startup_s32k144.o(.text)
    DMA1_IRQHandler                          0x0000051d   Thumb Code     0  startup_s32k144.o(.text)
    DMA2_IRQHandler                          0x0000051d   Thumb Code     0  startup_s32k144.o(.text)
    DMA3_IRQHandler                          0x0000051d   Thumb Code     0  startup_s32k144.o(.text)
    DMA4_IRQHandler                          0x0000051d   Thumb Code     0  startup_s32k144.o(.text)
    DMA5_IRQHandler                          0x0000051d   Thumb Code     0  startup_s32k144.o(.text)
    DMA6_IRQHandler                          0x0000051d   Thumb Code     0  startup_s32k144.o(.text)
    DMA7_IRQHandler                          0x0000051d   Thumb Code     0  startup_s32k144.o(.text)
    DMA8_IRQHandler                          0x0000051d   Thumb Code     0  startup_s32k144.o(.text)
    DMA9_IRQHandler                          0x0000051d   Thumb Code     0  startup_s32k144.o(.text)
    DMA_Error_IRQHandler                     0x0000051d   Thumb Code     0  startup_s32k144.o(.text)
    ERM_double_fault_IRQHandler              0x0000051d   Thumb Code     0  startup_s32k144.o(.text)
    ERM_single_fault_IRQHandler              0x0000051d   Thumb Code     0  startup_s32k144.o(.text)
    FLEXIO_IRQHandler                        0x0000051d   Thumb Code     0  startup_s32k144.o(.text)
    FTFC_Fault_IRQHandler                    0x0000051d   Thumb Code     0  startup_s32k144.o(.text)
    FTFC_IRQHandler                          0x0000051d   Thumb Code     0  startup_s32k144.o(.text)
    FTM0_Ch0_Ch1_IRQHandler                  0x0000051d   Thumb Code     0  startup_s32k144.o(.text)
    FTM0_Ch2_Ch3_IRQHandler                  0x0000051d   Thumb Code     0  startup_s32k144.o(.text)
    FTM0_Ch4_Ch5_IRQHandler                  0x0000051d   Thumb Code     0  startup_s32k144.o(.text)
    FTM0_Ch6_Ch7_IRQHandler                  0x0000051d   Thumb Code     0  startup_s32k144.o(.text)
    FTM0_Fault_IRQHandler                    0x0000051d   Thumb Code     0  startup_s32k144.o(.text)
    FTM0_Ovf_Reload_IRQHandler               0x0000051d   Thumb Code     0  startup_s32k144.o(.text)
    FTM1_Ch0_Ch1_IRQHandler                  0x0000051d   Thumb Code     0  startup_s32k144.o(.text)
    FTM1_Ch2_Ch3_IRQHandler                  0x0000051d   Thumb Code     0  startup_s32k144.o(.text)
    FTM1_Ch4_Ch5_IRQHandler                  0x0000051d   Thumb Code     0  startup_s32k144.o(.text)
    FTM1_Ch6_Ch7_IRQHandler                  0x0000051d   Thumb Code     0  startup_s32k144.o(.text)
    FTM1_Fault_IRQHandler                    0x0000051d   Thumb Code     0  startup_s32k144.o(.text)
    FTM1_Ovf_Reload_IRQHandler               0x0000051d   Thumb Code     0  startup_s32k144.o(.text)
    FTM2_Ch0_Ch1_IRQHandler                  0x0000051d   Thumb Code     0  startup_s32k144.o(.text)
    FTM2_Ch2_Ch3_IRQHandler                  0x0000051d   Thumb Code     0  startup_s32k144.o(.text)
    FTM2_Ch4_Ch5_IRQHandler                  0x0000051d   Thumb Code     0  startup_s32k144.o(.text)
    FTM2_Ch6_Ch7_IRQHandler                  0x0000051d   Thumb Code     0  startup_s32k144.o(.text)
    FTM2_Fault_IRQHandler                    0x0000051d   Thumb Code     0  startup_s32k144.o(.text)
    FTM2_Ovf_Reload_IRQHandler               0x0000051d   Thumb Code     0  startup_s32k144.o(.text)
    FTM3_Ch0_Ch1_IRQHandler                  0x0000051d   Thumb Code     0  startup_s32k144.o(.text)
    FTM3_Ch2_Ch3_IRQHandler                  0x0000051d   Thumb Code     0  startup_s32k144.o(.text)
    FTM3_Ch4_Ch5_IRQHandler                  0x0000051d   Thumb Code     0  startup_s32k144.o(.text)
    FTM3_Ch6_Ch7_IRQHandler                  0x0000051d   Thumb Code     0  startup_s32k144.o(.text)
    FTM3_Fault_IRQHandler                    0x0000051d   Thumb Code     0  startup_s32k144.o(.text)
    FTM3_Ovf_Reload_IRQHandler               0x0000051d   Thumb Code     0  startup_s32k144.o(.text)
    LPI2C0_Master_IRQHandler                 0x0000051d   Thumb Code     0  startup_s32k144.o(.text)
    LPI2C0_Slave_IRQHandler                  0x0000051d   Thumb Code     0  startup_s32k144.o(.text)
    LPIT0_Ch1_IRQHandler                     0x0000051d   Thumb Code     0  startup_s32k144.o(.text)
    LPIT0_Ch2_IRQHandler                     0x0000051d   Thumb Code     0  startup_s32k144.o(.text)
    LPIT0_Ch3_IRQHandler                     0x0000051d   Thumb Code     0  startup_s32k144.o(.text)
    LPSPI0_IRQHandler                        0x0000051d   Thumb Code     0  startup_s32k144.o(.text)
    LPSPI1_IRQHandler                        0x0000051d   Thumb Code     0  startup_s32k144.o(.text)
    LPSPI2_IRQHandler                        0x0000051d   Thumb Code     0  startup_s32k144.o(.text)
    LPTMR0_IRQHandler                        0x0000051d   Thumb Code     0  startup_s32k144.o(.text)
    LPUART0_RxTx_IRQHandler                  0x0000051d   Thumb Code     0  startup_s32k144.o(.text)
    LPUART1_RxTx_IRQHandler                  0x0000051d   Thumb Code     0  startup_s32k144.o(.text)
    LPUART2_RxTx_IRQHandler                  0x0000051d   Thumb Code     0  startup_s32k144.o(.text)
    LVD_LVW_IRQHandler                       0x0000051d   Thumb Code     0  startup_s32k144.o(.text)
    MCM_IRQHandler                           0x0000051d   Thumb Code     0  startup_s32k144.o(.text)
    PDB0_IRQHandler                          0x0000051d   Thumb Code     0  startup_s32k144.o(.text)
    PDB1_IRQHandler                          0x0000051d   Thumb Code     0  startup_s32k144.o(.text)
    PORTA_IRQHandler                         0x0000051d   Thumb Code     0  startup_s32k144.o(.text)
    PORTB_IRQHandler                         0x0000051d   Thumb Code     0  startup_s32k144.o(.text)
    PORTC_IRQHandler                         0x0000051d   Thumb Code     0  startup_s32k144.o(.text)
    PORTD_IRQHandler                         0x0000051d   Thumb Code     0  startup_s32k144.o(.text)
    PORTE_IRQHandler                         0x0000051d   Thumb Code     0  startup_s32k144.o(.text)
    RCM_IRQHandler                           0x0000051d   Thumb Code     0  startup_s32k144.o(.text)
    RTC_IRQHandler                           0x0000051d   Thumb Code     0  startup_s32k144.o(.text)
    RTC_Seconds_IRQHandler                   0x0000051d   Thumb Code     0  startup_s32k144.o(.text)
    Read_Collision_IRQHandler                0x0000051d   Thumb Code     0  startup_s32k144.o(.text)
    Reserved100_IRQHandler                   0x0000051d   Thumb Code     0  startup_s32k144.o(.text)
    Reserved103_IRQHandler                   0x0000051d   Thumb Code     0  startup_s32k144.o(.text)
    Reserved105_IRQHandler                   0x0000051d   Thumb Code     0  startup_s32k144.o(.text)
    Reserved106_IRQHandler                   0x0000051d   Thumb Code     0  startup_s32k144.o(.text)
    Reserved107_IRQHandler                   0x0000051d   Thumb Code     0  startup_s32k144.o(.text)
    Reserved110_IRQHandler                   0x0000051d   Thumb Code     0  startup_s32k144.o(.text)
    Reserved112_IRQHandler                   0x0000051d   Thumb Code     0  startup_s32k144.o(.text)
    Reserved113_IRQHandler                   0x0000051d   Thumb Code     0  startup_s32k144.o(.text)
    Reserved114_IRQHandler                   0x0000051d   Thumb Code     0  startup_s32k144.o(.text)
    Reserved45_IRQHandler                    0x0000051d   Thumb Code     0  startup_s32k144.o(.text)
    Reserved46_IRQHandler                    0x0000051d   Thumb Code     0  startup_s32k144.o(.text)
    Reserved48_IRQHandler                    0x0000051d   Thumb Code     0  startup_s32k144.o(.text)
    Reserved50_IRQHandler                    0x0000051d   Thumb Code     0  startup_s32k144.o(.text)
    Reserved52_IRQHandler                    0x0000051d   Thumb Code     0  startup_s32k144.o(.text)
    Reserved53_IRQHandler                    0x0000051d   Thumb Code     0  startup_s32k144.o(.text)
    Reserved54_IRQHandler                    0x0000051d   Thumb Code     0  startup_s32k144.o(.text)
    Reserved58_IRQHandler                    0x0000051d   Thumb Code     0  startup_s32k144.o(.text)
    Reserved59_IRQHandler                    0x0000051d   Thumb Code     0  startup_s32k144.o(.text)
    Reserved69_IRQHandler                    0x0000051d   Thumb Code     0  startup_s32k144.o(.text)
    Reserved70_IRQHandler                    0x0000051d   Thumb Code     0  startup_s32k144.o(.text)
    Reserved71_IRQHandler                    0x0000051d   Thumb Code     0  startup_s32k144.o(.text)
    Reserved72_IRQHandler                    0x0000051d   Thumb Code     0  startup_s32k144.o(.text)
    Reserved81_IRQHandler                    0x0000051d   Thumb Code     0  startup_s32k144.o(.text)
    Reserved82_IRQHandler                    0x0000051d   Thumb Code     0  startup_s32k144.o(.text)
    Reserved83_IRQHandler                    0x0000051d   Thumb Code     0  startup_s32k144.o(.text)
    Reserved86_IRQHandler                    0x0000051d   Thumb Code     0  startup_s32k144.o(.text)
    Reserved87_IRQHandler                    0x0000051d   Thumb Code     0  startup_s32k144.o(.text)
    Reserved88_IRQHandler                    0x0000051d   Thumb Code     0  startup_s32k144.o(.text)
    Reserved89_IRQHandler                    0x0000051d   Thumb Code     0  startup_s32k144.o(.text)
    Reserved90_IRQHandler                    0x0000051d   Thumb Code     0  startup_s32k144.o(.text)
    Reserved91_IRQHandler                    0x0000051d   Thumb Code     0  startup_s32k144.o(.text)
    Reserved92_IRQHandler                    0x0000051d   Thumb Code     0  startup_s32k144.o(.text)
    Reserved93_IRQHandler                    0x0000051d   Thumb Code     0  startup_s32k144.o(.text)
    Reserved99_IRQHandler                    0x0000051d   Thumb Code     0  startup_s32k144.o(.text)
    SCG_IRQHandler                           0x0000051d   Thumb Code     0  startup_s32k144.o(.text)
    SWI_IRQHandler                           0x0000051d   Thumb Code     0  startup_s32k144.o(.text)
    WDOG_EWM_IRQHandler                      0x0000051d   Thumb Code     0  startup_s32k144.o(.text)
    exit                                     0x00000535   Thumb Code    18  exit.o(.text)
    __I$use$semihosting                      0x00000547   Thumb Code     0  use_no_semi.o(.text)
    __use_no_semihosting_swi                 0x00000547   Thumb Code     2  use_no_semi.o(.text)
    __semihosting_library_function           0x00000549   Thumb Code     0  indicate_semi.o(.text)
    _sys_exit                                0x00000549   Thumb Code     8  sys_exit.o(.text)
    FIRC_ClockEnable                         0x00000555   Thumb Code    98  clock.o(.text.FIRC_ClockEnable)
    Interrupt_Enable                         0x000005b9   Thumb Code    92  nvic.o(.text.Interrupt_Enable)
    LPIT0_Ch0_IRQHandler                     0x00000615   Thumb Code   192  main.o(.text.LPIT0_Ch0_IRQHandler)
    LPIT_Init                                0x000006d5   Thumb Code   170  lpit.o(.text.LPIT_Init)
    LPIT_PeripheralClockConfig               0x00000781   Thumb Code    36  lpit.o(.text.LPIT_PeripheralClockConfig)
    LPIT_StartTimer                          0x000007a5   Thumb Code    78  lpit.o(.text.LPIT_StartTimer)
    LPSPI_Init                               0x000007f5   Thumb Code   218  lpspi.o(.text.LPSPI_Init)
    LPSPI_PeripheralClockConfig              0x000008d1   Thumb Code   156  lpspi.o(.text.LPSPI_PeripheralClockConfig)
    LPSPI_Receive                            0x0000096d   Thumb Code   284  lpspi.o(.text.LPSPI_Receive)
    LPSPI_Transmit                           0x00000a89   Thumb Code   276  lpspi.o(.text.LPSPI_Transmit)
    LPUART_Init                              0x00000b9d   Thumb Code   104  lpuart.o(.text.LPUART_Init)
    LPUART_PeripheralClockConfig             0x00000c05   Thumb Code   156  lpuart.o(.text.LPUART_PeripheralClockConfig)
    LPUART_TransmitString                    0x00000ca1   Thumb Code   138  lpuart.o(.text.LPUART_TransmitString)
    PORT_PeripheralClockConfig               0x00000d2d   Thumb Code   186  port.o(.text.PORT_PeripheralClockConfig)
    PORT_Pin_Alt_Config                      0x00000de9   Thumb Code    56  port.o(.text.PORT_Pin_Alt_Config)
    SIRC_ClockEnable                         0x00000e21   Thumb Code   120  clock.o(.text.SIRC_ClockEnable)
    SOSC_ClockEnable                         0x00000e99   Thumb Code   134  clock.o(.text.SOSC_ClockEnable)
    SystemInit                               0x00000f21   Thumb Code    82  system_s32k144.o(.text.SystemInit)
    init_data_bss                            0x00000f75   Thumb Code   160  startup.o(.text.init_data_bss)
    main                                     0x00001015   Thumb Code   520  main.o(.text.main)
    _fp_init                                 0x0000121d   Thumb Code    26  fpinit.o(x$fpl$fpinit)
    __fplib_config_fpu_vfp                   0x00001235   Thumb Code     0  fpinit.o(x$fpl$fpinit)
    __fplib_config_pureend_doubles           0x00001235   Thumb Code     0  fpinit.o(x$fpl$fpinit)
    Region$$Table$$Base                      0x00001238   Number         0  anon$$obj.o(Region$$Table)
    Image$$ER_m_text$$Limit                  0x00001248   Number         0  anon$$obj.o ABSOLUTE
    Region$$Table$$Limit                     0x00001248   Number         0  anon$$obj.o(Region$$Table)
    Image$$VECTOR_RAM$$Base                  0x1fff8000   Number         0  anon$$obj.o ABSOLUTE
    Image$$RW_m_code$$Base                   0x1fff8400   Number         0  anon$$obj.o ABSOLUTE
    Image$$RW_m_code$$Limit                  0x1fff8400   Number         0  anon$$obj.o ABSOLUTE
    Image$$RW_m_data$$Base                   0x1fff8400   Number         0  anon$$obj.o ABSOLUTE
    Image$$RW_m_data$$Limit                  0x1fff8400   Number         0  anon$$obj.o ABSOLUTE
    Image$$RW_m_custom_section$$Base         0x20000000   Number         0  anon$$obj.o ABSOLUTE
    Image$$RW_m_custom_section$$Limit        0x20000000   Number         0  anon$$obj.o ABSOLUTE
    Image$$RW_m_data_2$$ZI$$Base             0x20000000   Number         0  anon$$obj.o ABSOLUTE
    lpit                                     0x20000000   Data          28  main.o(.bss.lpit)
    lpspi0                                   0x2000001c   Data          20  main.o(.bss.lpspi0)
    lpspi2                                   0x20000030   Data          20  main.o(.bss.lpspi2)
    lpuart1                                  0x20000044   Data          32  main.o(.bss.lpuart1)
    Image$$ARM_LIB_HEAP$$ZI$$Base            0x20000064   Number         0  anon$$obj.o ABSOLUTE
    Image$$RW_m_data_2$$ZI$$Limit            0x20000064   Number         0  anon$$obj.o ABSOLUTE
    Image$$ARM_LIB_HEAP$$ZI$$Limit           0x20000464   Number         0  anon$$obj.o ABSOLUTE
    Image$$ARM_LIB_STACK$$Limit              0x20006c00   Number         0  anon$$obj.o ABSOLUTE
    Image$$ARM_LIB_STACK$$ZI$$Limit          0x20007000   Number         0  anon$$obj.o ABSOLUTE



==============================================================================

Memory Map of the image

  Image Entry point : 0x00000415

  Load Region LR_m_text (Base: 0x00000000, Size: 0x00001248, Max: 0x00080000, ABSOLUTE)

    Execution Region VECTOR_ROM (Exec base: 0x00000000, Load base: 0x00000000, Size: 0x00000230, Max: 0x00000400, ABSOLUTE)

    Exec Addr    Load Addr    Size         Type   Attr      Idx    E Section Name        Object

    0x00000000   0x00000000   0x00000230   Data   RO          172    RESET               startup_s32k144.o


    Execution Region ER_m_flash_config (Exec base: 0x00000400, Load base: 0x00000400, Size: 0x00000010, Max: 0x00000010, ABSOLUTE, FIXED)

    Exec Addr    Load Addr    Size         Type   Attr      Idx    E Section Name        Object

    0x00000400   0x00000400   0x00000010   Data   RO          173    FlashConfig         startup_s32k144.o


    Execution Region ER_m_text_const (Exec base: 0x00000410, Load base: 0x00000410, Size: 0x00000004, Max: 0xffffffff, ABSOLUTE)

    Exec Addr    Load Addr    Size         Type   Attr      Idx    E Section Name        Object

    0x00000410   0x00000410   0x00000004   Data   RO          165    .rodata.s_vectors   startup.o


    Execution Region ER_m_text (Exec base: 0x00000414, Load base: 0x00000414, Size: 0x00000e34, Max: 0x0007fbf0, ABSOLUTE)

    Exec Addr    Load Addr    Size         Type   Attr      Idx    E Section Name        Object

    0x00000414   0x00000414   0x00000008   Code   RO          196  * !!!main             c_w.l(__main.o)
    0x0000041c   0x0000041c   0x00000034   Code   RO          374    !!!scatter          c_w.l(__scatter.o)
    0x00000450   0x00000450   0x0000001c   Code   RO          376    !!handler_zi        c_w.l(__scatter_zi.o)
    0x0000046c   0x0000046c   0x00000002   Code   RO          228    .ARM.Collect$$libinit$$00000000  c_w.l(libinit.o)
    0x0000046e   0x0000046e   0x00000004   Code   RO          238    .ARM.Collect$$libinit$$00000001  c_w.l(libinit2.o)
    0x00000472   0x00000472   0x00000000   Code   RO          241    .ARM.Collect$$libinit$$00000004  c_w.l(libinit2.o)
    0x00000472   0x00000472   0x00000000   Code   RO          243    .ARM.Collect$$libinit$$00000006  c_w.l(libinit2.o)
    0x00000472   0x00000472   0x00000000   Code   RO          246    .ARM.Collect$$libinit$$0000000C  c_w.l(libinit2.o)
    0x00000472   0x00000472   0x00000000   Code   RO          248    .ARM.Collect$$libinit$$0000000E  c_w.l(libinit2.o)
    0x00000472   0x00000472   0x00000000   Code   RO          250    .ARM.Collect$$libinit$$00000010  c_w.l(libinit2.o)
    0x00000472   0x00000472   0x00000000   Code   RO          253    .ARM.Collect$$libinit$$00000013  c_w.l(libinit2.o)
    0x00000472   0x00000472   0x00000000   Code   RO          255    .ARM.Collect$$libinit$$00000015  c_w.l(libinit2.o)
    0x00000472   0x00000472   0x00000000   Code   RO          257    .ARM.Collect$$libinit$$00000017  c_w.l(libinit2.o)
    0x00000472   0x00000472   0x00000000   Code   RO          259    .ARM.Collect$$libinit$$00000019  c_w.l(libinit2.o)
    0x00000472   0x00000472   0x00000000   Code   RO          261    .ARM.Collect$$libinit$$0000001B  c_w.l(libinit2.o)
    0x00000472   0x00000472   0x00000000   Code   RO          263    .ARM.Collect$$libinit$$0000001D  c_w.l(libinit2.o)
    0x00000472   0x00000472   0x00000000   Code   RO          265    .ARM.Collect$$libinit$$0000001F  c_w.l(libinit2.o)
    0x00000472   0x00000472   0x00000000   Code   RO          267    .ARM.Collect$$libinit$$00000021  c_w.l(libinit2.o)
    0x00000472   0x00000472   0x00000000   Code   RO          269    .ARM.Collect$$libinit$$00000023  c_w.l(libinit2.o)
    0x00000472   0x00000472   0x00000000   Code   RO          271    .ARM.Collect$$libinit$$00000025  c_w.l(libinit2.o)
    0x00000472   0x00000472   0x00000000   Code   RO          273    .ARM.Collect$$libinit$$00000027  c_w.l(libinit2.o)
    0x00000472   0x00000472   0x00000000   Code   RO          277    .ARM.Collect$$libinit$$0000002E  c_w.l(libinit2.o)
    0x00000472   0x00000472   0x00000000   Code   RO          279    .ARM.Collect$$libinit$$00000030  c_w.l(libinit2.o)
    0x00000472   0x00000472   0x00000000   Code   RO          281    .ARM.Collect$$libinit$$00000032  c_w.l(libinit2.o)
    0x00000472   0x00000472   0x00000000   Code   RO          283    .ARM.Collect$$libinit$$00000034  c_w.l(libinit2.o)
    0x00000472   0x00000472   0x00000002   Code   RO          284    .ARM.Collect$$libinit$$00000035  c_w.l(libinit2.o)
    0x00000474   0x00000474   0x00000002   Code   RO          313    .ARM.Collect$$libshutdown$$00000000  c_w.l(libshutdown.o)
    0x00000476   0x00000476   0x00000000   Code   RO          325    .ARM.Collect$$libshutdown$$00000002  c_w.l(libshutdown2.o)
    0x00000476   0x00000476   0x00000000   Code   RO          327    .ARM.Collect$$libshutdown$$00000004  c_w.l(libshutdown2.o)
    0x00000476   0x00000476   0x00000000   Code   RO          330    .ARM.Collect$$libshutdown$$00000007  c_w.l(libshutdown2.o)
    0x00000476   0x00000476   0x00000000   Code   RO          333    .ARM.Collect$$libshutdown$$0000000A  c_w.l(libshutdown2.o)
    0x00000476   0x00000476   0x00000000   Code   RO          335    .ARM.Collect$$libshutdown$$0000000C  c_w.l(libshutdown2.o)
    0x00000476   0x00000476   0x00000000   Code   RO          338    .ARM.Collect$$libshutdown$$0000000F  c_w.l(libshutdown2.o)
    0x00000476   0x00000476   0x00000002   Code   RO          339    .ARM.Collect$$libshutdown$$00000010  c_w.l(libshutdown2.o)
    0x00000478   0x00000478   0x00000000   Code   RO          198    .ARM.Collect$$rtentry$$00000000  c_w.l(__rtentry.o)
    0x00000478   0x00000478   0x00000000   Code   RO          200    .ARM.Collect$$rtentry$$00000002  c_w.l(__rtentry2.o)
    0x00000478   0x00000478   0x00000004   Code   RO          214    .ARM.Collect$$rtentry$$00000007  c_w.l(__rtentry7.o)
    0x0000047c   0x0000047c   0x00000000   Code   RO          202    .ARM.Collect$$rtentry$$00000009  c_w.l(__rtentry2.o)
    0x0000047c   0x0000047c   0x00000004   Code   RO          203    .ARM.Collect$$rtentry$$0000000A  c_w.l(__rtentry2.o)
    0x00000480   0x00000480   0x00000000   Code   RO          205    .ARM.Collect$$rtentry$$0000000C  c_w.l(__rtentry2.o)
    0x00000480   0x00000480   0x00000008   Code   RO          206    .ARM.Collect$$rtentry$$0000000D  c_w.l(__rtentry2.o)
    0x00000488   0x00000488   0x00000004   Code   RO          215    .ARM.Collect$$rtentry$$00002718  c_w.l(__rtentry7.o)
    0x0000048c   0x0000048c   0x00000002   Code   RO          236    .ARM.Collect$$rtexit$$00000000  c_w.l(rtexit.o)
    0x0000048e   0x0000048e   0x00000000   Code   RO          293    .ARM.Collect$$rtexit$$00000002  c_w.l(rtexit2.o)
    0x0000048e   0x0000048e   0x00000004   Code   RO          294    .ARM.Collect$$rtexit$$00000003  c_w.l(rtexit2.o)
    0x00000492   0x00000492   0x00000006   Code   RO          295    .ARM.Collect$$rtexit$$00000004  c_w.l(rtexit2.o)
    0x00000498   0x00000498   0x0000009c   Code   RO          171    .text               startup_s32k144.o
    0x00000534   0x00000534   0x00000012   Code   RO          221    .text               c_w.l(exit.o)
    0x00000546   0x00000546   0x00000002   Code   RO          289    .text               c_w.l(use_no_semi.o)
    0x00000548   0x00000548   0x00000000   Code   RO          291    .text               c_w.l(indicate_semi.o)
    0x00000548   0x00000548   0x0000000c   Code   RO          303    .text               c_w.l(sys_exit.o)
    0x00000554   0x00000554   0x00000062   Code   RO           84    .text.FIRC_ClockEnable  clock.o
    0x000005b6   0x000005b6   0x00000002   PAD
    0x000005b8   0x000005b8   0x0000005c   Code   RO           32    .text.Interrupt_Enable  nvic.o
    0x00000614   0x00000614   0x000000c0   Code   RO          148    .text.LPIT0_Ch0_IRQHandler  main.o
    0x000006d4   0x000006d4   0x000000aa   Code   RO          105    .text.LPIT_Init     lpit.o
    0x0000077e   0x0000077e   0x00000002   PAD
    0x00000780   0x00000780   0x00000024   Code   RO          103    .text.LPIT_PeripheralClockConfig  lpit.o
    0x000007a4   0x000007a4   0x0000004e   Code   RO          107    .text.LPIT_StartTimer  lpit.o
    0x000007f2   0x000007f2   0x00000002   PAD
    0x000007f4   0x000007f4   0x000000da   Code   RO          133    .text.LPSPI_Init    lpspi.o
    0x000008ce   0x000008ce   0x00000002   PAD
    0x000008d0   0x000008d0   0x0000009c   Code   RO          131    .text.LPSPI_PeripheralClockConfig  lpspi.o
    0x0000096c   0x0000096c   0x0000011c   Code   RO          135    .text.LPSPI_Receive  lpspi.o
    0x00000a88   0x00000a88   0x00000114   Code   RO          137    .text.LPSPI_Transmit  lpspi.o
    0x00000b9c   0x00000b9c   0x00000068   Code   RO           55    .text.LPUART_Init   lpuart.o
    0x00000c04   0x00000c04   0x0000009c   Code   RO           53    .text.LPUART_PeripheralClockConfig  lpuart.o
    0x00000ca0   0x00000ca0   0x0000008a   Code   RO           63    .text.LPUART_TransmitString  lpuart.o
    0x00000d2a   0x00000d2a   0x00000002   PAD
    0x00000d2c   0x00000d2c   0x000000ba   Code   RO            5    .text.PORT_PeripheralClockConfig  port.o
    0x00000de6   0x00000de6   0x00000002   PAD
    0x00000de8   0x00000de8   0x00000038   Code   RO           13    .text.PORT_Pin_Alt_Config  port.o
    0x00000e20   0x00000e20   0x00000078   Code   RO           86    .text.SIRC_ClockEnable  clock.o
    0x00000e98   0x00000e98   0x00000086   Code   RO           88    .text.SOSC_ClockEnable  clock.o
    0x00000f1e   0x00000f1e   0x00000002   PAD
    0x00000f20   0x00000f20   0x00000052   Code   RO          180    .text.SystemInit    system_s32k144.o
    0x00000f72   0x00000f72   0x00000002   PAD
    0x00000f74   0x00000f74   0x000000a0   Code   RO          163    .text.init_data_bss  startup.o
    0x00001014   0x00001014   0x00000208   Code   RO          146    .text.main          main.o
    0x0000121c   0x0000121c   0x0000001a   Code   RO          301    x$fpl$fpinit        fz_wm.l(fpinit.o)
    0x00001236   0x00001236   0x00000002   PAD
    0x00001238   0x00001238   0x00000010   Data   RO          373    Region$$Table       anon$$obj.o


    Execution Region VECTOR_RAM (Exec base: 0x1fff8000, Load base: 0x00000230, Size: 0x00000400, Max: 0x00000400, ABSOLUTE)

    Exec Addr    Load Addr    Size         Type   Attr      Idx    E Section Name        Object

    0x1fff8000        -       0x00000400   Zero   RW            1    VECTOR_RAM.bss      anon$$obj.o


    Execution Region RW_m_data (Exec base: 0x1fff8400, Load base: 0x00001248, Size: 0x00000000, Max: 0xffffffff, ABSOLUTE)

    **** No section assigned to this execution region ****


    Execution Region RW_m_code (Exec base: 0x1fff8400, Load base: 0x00001248, Size: 0x00000000, Max: 0x00007c00, ABSOLUTE)

    **** No section assigned to this execution region ****


    Execution Region RW_m_custom_section (Exec base: 0x20000000, Load base: 0x00001248, Size: 0x00000000, Max: 0xffffffff, ABSOLUTE)

    **** No section assigned to this execution region ****


    Execution Region RW_m_data_2 (Exec base: 0x20000000, Load base: 0x00001248, Size: 0x00000064, Max: 0x00006800, ABSOLUTE)

    Exec Addr    Load Addr    Size         Type   Attr      Idx    E Section Name        Object

    0x20000000        -       0x0000001c   Zero   RW          153    .bss.lpit           main.o
    0x2000001c        -       0x00000014   Zero   RW          150    .bss.lpspi0         main.o
    0x20000030        -       0x00000014   Zero   RW          151    .bss.lpspi2         main.o
    0x20000044        -       0x00000020   Zero   RW          152    .bss.lpuart1        main.o


    Execution Region ARM_LIB_HEAP (Exec base: 0x20000064, Load base: 0x00001248, Size: 0x00000400, Max: 0x00000400, ABSOLUTE)

    Exec Addr    Load Addr    Size         Type   Attr      Idx    E Section Name        Object

    0x20000064        -       0x00000400   Zero   RW            2    ARM_LIB_HEAP.bss    anon$$obj.o


    Execution Region ARM_LIB_STACK (Exec base: 0x20006c00, Load base: 0x00001248, Size: 0x00000400, Max: 0x00000400, ABSOLUTE)

    Exec Addr    Load Addr    Size         Type   Attr      Idx    E Section Name        Object

    0x20006c00        -       0x00000400   Zero   RW            3    ARM_LIB_STACK.bss   anon$$obj.o


==============================================================================

Image component sizes


      Code (inc. data)   RO Data    RW Data    ZI Data      Debug   Object Name

       352          0          0          0          0       5031   clock.o
       284          0          0          0          0       3111   lpit.o
       934          0          0          0          0       4254   lpspi.o
       398          0          0          0          0       5254   lpuart.o
       712          0          0          0        100       3519   main.o
        92          0          0          0          0       1027   nvic.o
       242          0          0          0          0       4113   port.o
       160          0          4          0          0       1032   startup.o
       156        106        576          0          0        888   startup_s32k144.o
        82          0          0          0          0       2801   system_s32k144.o

    ----------------------------------------------------------------------
      3428        106        596          0       3172      31030   Object Totals
         0          0         16          0       3072          0   (incl. Generated)
        16          0          0          0          0          0   (incl. Padding)

    ----------------------------------------------------------------------

      Code (inc. data)   RO Data    RW Data    ZI Data      Debug   Library Member Name

         8          0          0          0          0         68   __main.o
         0          0          0          0          0          0   __rtentry.o
        12          0          0          0          0          0   __rtentry2.o
         8          4          0          0          0          0   __rtentry7.o
        52          8          0          0          0          0   __scatter.o
        28          0          0          0          0          0   __scatter_zi.o
        18          0          0          0          0         80   exit.o
         0          0          0          0          0          0   indicate_semi.o
         2          0          0          0          0          0   libinit.o
         6          0          0          0          0          0   libinit2.o
         2          0          0          0          0          0   libshutdown.o
         2          0          0          0          0          0   libshutdown2.o
         2          0          0          0          0          0   rtexit.o
        10          0          0          0          0          0   rtexit2.o
        12          4          0          0          0         68   sys_exit.o
         2          0          0          0          0         68   use_no_semi.o
        26          0          0          0          0        116   fpinit.o

    ----------------------------------------------------------------------
       192         16          0          0          0        400   Library Totals
         2          0          0          0          0          0   (incl. Padding)

    ----------------------------------------------------------------------

      Code (inc. data)   RO Data    RW Data    ZI Data      Debug   Library Name

       164         16          0          0          0        284   c_w.l
        26          0          0          0          0        116   fz_wm.l

    ----------------------------------------------------------------------
       192         16          0          0          0        400   Library Totals

    ----------------------------------------------------------------------

==============================================================================


      Code (inc. data)   RO Data    RW Data    ZI Data      Debug   

      3620        122        596          0       3172      31202   Grand Totals
      3620        122        596          0       3172      31202   ELF Image Totals
      3620        122        596          0          0          0   ROM Totals

==============================================================================

    Total RO  Size (Code + RO Data)                 4216 (   4.12kB)
    Total RW  Size (RW Data + ZI Data)              3172 (   3.10kB)
    Total ROM Size (Code + RO Data + RW Data)       4216 (   4.12kB)

==============================================================================

