Archive member included because of file (symbol)

C:/NXP/S32DS_ARM_v2.2/S32DS/build_tools/gcc_v4.9/gcc-arm-none-eabi-4_9/arm-none-eabi/newlib/lib/armv7e-m\libc.a(lib_a-exit.o)
                              C:/NXP/S32DS_ARM_v2.2/S32DS/build_tools/gcc_v4.9/gcc-arm-none-eabi-4_9/arm-none-eabi/newlib/lib/armv7e-m/crt0.o (exit)
C:/NXP/S32DS_ARM_v2.2/S32DS/build_tools/gcc_v4.9/gcc-arm-none-eabi-4_9/arm-none-eabi/newlib/lib/armv7e-m\libc.a(lib_a-impure.o)
                              C:/NXP/S32DS_ARM_v2.2/S32DS/build_tools/gcc_v4.9/gcc-arm-none-eabi-4_9/arm-none-eabi/newlib/lib/armv7e-m\libc.a(lib_a-exit.o) (_global_impure_ptr)
C:/NXP/S32DS_ARM_v2.2/S32DS/build_tools/gcc_v4.9/gcc-arm-none-eabi-4_9/arm-none-eabi/newlib/lib/armv7e-m\libc.a(lib_a-init.o)
                              C:/NXP/S32DS_ARM_v2.2/S32DS/build_tools/gcc_v4.9/gcc-arm-none-eabi-4_9/arm-none-eabi/newlib/lib/armv7e-m/crt0.o (__libc_init_array)
C:/NXP/S32DS_ARM_v2.2/S32DS/build_tools/gcc_v4.9/gcc-arm-none-eabi-4_9/arm-none-eabi/newlib/lib/armv7e-m\libc.a(lib_a-memset.o)
                              C:/NXP/S32DS_ARM_v2.2/S32DS/build_tools/gcc_v4.9/gcc-arm-none-eabi-4_9/arm-none-eabi/newlib/lib/armv7e-m/crt0.o (memset)
C:/NXP/S32DS_ARM_v2.2/S32DS/build_tools/gcc_v4.9/gcc-arm-none-eabi-4_9/arm-none-eabi/newlib/lib/armv7e-m\libc.a(lib_a-__call_atexit.o)
                              C:/NXP/S32DS_ARM_v2.2/S32DS/build_tools/gcc_v4.9/gcc-arm-none-eabi-4_9/arm-none-eabi/newlib/lib/armv7e-m\libc.a(lib_a-exit.o) (__call_exitprocs)
C:/NXP/S32DS_ARM_v2.2/S32DS/build_tools/gcc_v4.9/gcc-arm-none-eabi-4_9/arm-none-eabi/newlib/lib/armv7e-m\libc.a(lib_a-atexit.o)
                              C:/NXP/S32DS_ARM_v2.2/S32DS/build_tools/gcc_v4.9/gcc-arm-none-eabi-4_9/arm-none-eabi/newlib/lib/armv7e-m\libc.a(lib_a-__call_atexit.o) (atexit)
C:/NXP/S32DS_ARM_v2.2/S32DS/build_tools/gcc_v4.9/gcc-arm-none-eabi-4_9/arm-none-eabi/newlib/lib/armv7e-m\libc.a(lib_a-fini.o)
                              C:/NXP/S32DS_ARM_v2.2/S32DS/build_tools/gcc_v4.9/gcc-arm-none-eabi-4_9/arm-none-eabi/newlib/lib/armv7e-m\libc.a(lib_a-__call_atexit.o) (__libc_fini_array)
C:/NXP/S32DS_ARM_v2.2/S32DS/build_tools/gcc_v4.9/gcc-arm-none-eabi-4_9/arm-none-eabi/newlib/lib/armv7e-m\libc.a(lib_a-__atexit.o)
                              C:/NXP/S32DS_ARM_v2.2/S32DS/build_tools/gcc_v4.9/gcc-arm-none-eabi-4_9/arm-none-eabi/newlib/lib/armv7e-m\libc.a(lib_a-atexit.o) (__register_exitproc)
C:/NXP/S32DS_ARM_v2.2/S32DS/build_tools/gcc_v4.9/gcc-arm-none-eabi-4_9/arm-none-eabi/newlib/lib/armv7e-m\libnosys.a(_exit.o)
                              C:/NXP/S32DS_ARM_v2.2/S32DS/build_tools/gcc_v4.9/gcc-arm-none-eabi-4_9/arm-none-eabi/newlib/lib/armv7e-m\libc.a(lib_a-exit.o) (_exit)

Allocating common symbols
Common symbol       size              file

u8Month             0x1               ./src/main.o
u8Minute            0x1               ./src/main.o
lpit                0x1c              ./src/main.o
u8Second            0x1               ./src/main.o
lpspi1              0x14              ./src/main.o
u16Year             0x2               ./src/main.o
u8Date              0x1               ./src/main.o
lpuart2             0x20              ./src/main.o
u8Hour              0x1               ./src/main.o
u8Flag              0x1               ./src/main.o

Discarded input sections

 .text          0x00000000        0x0 c:/nxp/s32ds_arm_v2.2/s32ds/build_tools/gcc_v4.9/gcc-arm-none-eabi-4_9/bin/../lib/gcc/arm-none-eabi/4.9.3/armv7e-m/crti.o
 .data          0x00000000        0x0 c:/nxp/s32ds_arm_v2.2/s32ds/build_tools/gcc_v4.9/gcc-arm-none-eabi-4_9/bin/../lib/gcc/arm-none-eabi/4.9.3/armv7e-m/crti.o
 .bss           0x00000000        0x0 c:/nxp/s32ds_arm_v2.2/s32ds/build_tools/gcc_v4.9/gcc-arm-none-eabi-4_9/bin/../lib/gcc/arm-none-eabi/4.9.3/armv7e-m/crti.o
 .data          0x00000000        0x4 c:/nxp/s32ds_arm_v2.2/s32ds/build_tools/gcc_v4.9/gcc-arm-none-eabi-4_9/bin/../lib/gcc/arm-none-eabi/4.9.3/armv7e-m/crtbegin.o
 .data          0x00000000        0x0 C:/NXP/S32DS_ARM_v2.2/S32DS/build_tools/gcc_v4.9/gcc-arm-none-eabi-4_9/arm-none-eabi/newlib/lib/armv7e-m/crt0.o
 .bss           0x00000000        0x0 C:/NXP/S32DS_ARM_v2.2/S32DS/build_tools/gcc_v4.9/gcc-arm-none-eabi-4_9/arm-none-eabi/newlib/lib/armv7e-m/crt0.o
 .ARM.extab     0x00000000        0x0 C:/NXP/S32DS_ARM_v2.2/S32DS/build_tools/gcc_v4.9/gcc-arm-none-eabi-4_9/arm-none-eabi/newlib/lib/armv7e-m/crt0.o
 .group         0x00000000        0x8 ./Drivers/adc.o
 .group         0x00000000        0x8 ./Drivers/adc.o
 .text          0x00000000        0x0 ./Drivers/adc.o
 .data          0x00000000        0x0 ./Drivers/adc.o
 .bss           0x00000000        0x0 ./Drivers/adc.o
 .text.ADC_PeripheralClockConfig
                0x00000000       0x3c ./Drivers/adc.o
 .text.ADC_Init
                0x00000000       0x6c ./Drivers/adc.o
 .text.ADC_ConversionComplete
                0x00000000       0x20 ./Drivers/adc.o
 .debug_info    0x00000000      0x5d1 ./Drivers/adc.o
 .debug_abbrev  0x00000000      0x124 ./Drivers/adc.o
 .debug_aranges
                0x00000000       0x30 ./Drivers/adc.o
 .debug_ranges  0x00000000       0x20 ./Drivers/adc.o
 .debug_macro   0x00000000       0x24 ./Drivers/adc.o
 .debug_macro   0x00000000      0x868 ./Drivers/adc.o
 .debug_macro   0x00000000      0x18f ./Drivers/adc.o
 .debug_line    0x00000000       0x90 ./Drivers/adc.o
 .debug_str     0x00000000     0x2d80 ./Drivers/adc.o
 .comment       0x00000000       0x71 ./Drivers/adc.o
 .debug_frame   0x00000000       0x88 ./Drivers/adc.o
 .ARM.attributes
                0x00000000       0x33 ./Drivers/adc.o
 .group         0x00000000        0x8 ./Drivers/clock.o
 .group         0x00000000        0x8 ./Drivers/clock.o
 .group         0x00000000        0x8 ./Drivers/clock.o
 .text          0x00000000        0x0 ./Drivers/clock.o
 .data          0x00000000        0x0 ./Drivers/clock.o
 .bss           0x00000000        0x0 ./Drivers/clock.o
 .text.ClockDisable
                0x00000000      0x1e0 ./Drivers/clock.o
 .text.SPLL_ClockEnable
                0x00000000       0xb0 ./Drivers/clock.o
 .text.SystemClockConfig
                0x00000000       0x54 ./Drivers/clock.o
 .text.SCG_ClockOutSelect
                0x00000000       0x24 ./Drivers/clock.o
 .debug_macro   0x00000000      0x868 ./Drivers/clock.o
 .debug_macro   0x00000000      0x18f ./Drivers/clock.o
 .group         0x00000000        0x8 ./Drivers/lpit.o
 .group         0x00000000        0x8 ./Drivers/lpit.o
 .group         0x00000000        0x8 ./Drivers/lpit.o
 .text          0x00000000        0x0 ./Drivers/lpit.o
 .data          0x00000000        0x0 ./Drivers/lpit.o
 .bss           0x00000000        0x0 ./Drivers/lpit.o
 .text.LPIT_StopTimer
                0x00000000       0x5c ./Drivers/lpit.o
 .debug_macro   0x00000000      0x868 ./Drivers/lpit.o
 .debug_macro   0x00000000      0x18f ./Drivers/lpit.o
 .group         0x00000000        0x8 ./Drivers/lpspi.o
 .group         0x00000000        0x8 ./Drivers/lpspi.o
 .group         0x00000000        0x8 ./Drivers/lpspi.o
 .text          0x00000000        0x0 ./Drivers/lpspi.o
 .data          0x00000000        0x0 ./Drivers/lpspi.o
 .bss           0x00000000        0x0 ./Drivers/lpspi.o
 .text.LPSPI_ConfigMaster
                0x00000000       0xbc ./Drivers/lpspi.o
 .text.LPSPI_ConfigSlave
                0x00000000       0x94 ./Drivers/lpspi.o
 .text.LPSPI_Receive
                0x00000000       0x38 ./Drivers/lpspi.o
 .debug_macro   0x00000000      0x868 ./Drivers/lpspi.o
 .debug_macro   0x00000000      0x18f ./Drivers/lpspi.o
 .group         0x00000000        0x8 ./Drivers/lpuart.o
 .group         0x00000000        0x8 ./Drivers/lpuart.o
 .group         0x00000000        0x8 ./Drivers/lpuart.o
 .text          0x00000000        0x0 ./Drivers/lpuart.o
 .data          0x00000000        0x0 ./Drivers/lpuart.o
 .bss           0x00000000        0x0 ./Drivers/lpuart.o
 .text.LPUART_Transmit
                0x00000000       0x90 ./Drivers/lpuart.o
 .text.LPUART_TransmitString
                0x00000000       0x88 ./Drivers/lpuart.o
 .text.LPUART_Receive
                0x00000000       0x88 ./Drivers/lpuart.o
 .text.LPUART_ReceiveString
                0x00000000       0x2c ./Drivers/lpuart.o
 .debug_macro   0x00000000      0x868 ./Drivers/lpuart.o
 .debug_macro   0x00000000      0x18f ./Drivers/lpuart.o
 .group         0x00000000        0x8 ./Drivers/nvic.o
 .group         0x00000000        0x8 ./Drivers/nvic.o
 .text          0x00000000        0x0 ./Drivers/nvic.o
 .data          0x00000000        0x0 ./Drivers/nvic.o
 .bss           0x00000000        0x0 ./Drivers/nvic.o
 .debug_macro   0x00000000      0x868 ./Drivers/nvic.o
 .debug_macro   0x00000000      0x18f ./Drivers/nvic.o
 .group         0x00000000        0x8 ./Drivers/port.o
 .group         0x00000000        0x8 ./Drivers/port.o
 .group         0x00000000        0x8 ./Drivers/port.o
 .text          0x00000000        0x0 ./Drivers/port.o
 .data          0x00000000        0x0 ./Drivers/port.o
 .bss           0x00000000        0x0 ./Drivers/port.o
 .text.PORT_PeripheralClockConfig
                0x00000000       0xac ./Drivers/port.o
 .text.PORT_Pin_Output_Config
                0x00000000       0x50 ./Drivers/port.o
 .text.PORT_Pin_Input_Config
                0x00000000       0xb8 ./Drivers/port.o
 .text.PORT_Pin_Input_IT_Config
                0x00000000       0xd4 ./Drivers/port.o
 .text.GPIO_ReadFromInputPin
                0x00000000       0x2c ./Drivers/port.o
 .text.GPIO_ReadFromInputPort
                0x00000000       0x1c ./Drivers/port.o
 .text.GPIO_WriteToOutputPin
                0x00000000       0x48 ./Drivers/port.o
 .text.GPIO_WriteToOutputPort
                0x00000000       0x1c ./Drivers/port.o
 .text.GPIO_ToggleOutputPin
                0x00000000       0x28 ./Drivers/port.o
 .debug_macro   0x00000000      0x868 ./Drivers/port.o
 .debug_macro   0x00000000      0x18f ./Drivers/port.o
 .group         0x00000000        0x8 ./Drivers/sevenseg.o
 .group         0x00000000        0x8 ./Drivers/sevenseg.o
 .group         0x00000000        0x8 ./Drivers/sevenseg.o
 .group         0x00000000        0x8 ./Drivers/sevenseg.o
 .text          0x00000000        0x0 ./Drivers/sevenseg.o
 .data          0x00000000        0x0 ./Drivers/sevenseg.o
 .bss           0x00000000        0x0 ./Drivers/sevenseg.o
 .text.SevenSeg_ClearDisplay
                0x00000000       0x10 ./Drivers/sevenseg.o
 .text.SevenSeg_SetDisplay
                0x00000000       0x10 ./Drivers/sevenseg.o
 .debug_macro   0x00000000      0x868 ./Drivers/sevenseg.o
 .debug_macro   0x00000000      0x18f ./Drivers/sevenseg.o
 .group         0x00000000        0x8 ./Drivers/systick.o
 .group         0x00000000        0x8 ./Drivers/systick.o
 .text          0x00000000        0x0 ./Drivers/systick.o
 .data          0x00000000        0x0 ./Drivers/systick.o
 .bss           0x00000000        0x0 ./Drivers/systick.o
 .text.SysTick_Init
                0x00000000       0x48 ./Drivers/systick.o
 .text.SysTick_StartTimer
                0x00000000       0x1c ./Drivers/systick.o
 .text.SysTick_StopTimer
                0x00000000       0x1c ./Drivers/systick.o
 .debug_info    0x00000000       0xe0 ./Drivers/systick.o
 .debug_abbrev  0x00000000       0xa2 ./Drivers/systick.o
 .debug_aranges
                0x00000000       0x30 ./Drivers/systick.o
 .debug_ranges  0x00000000       0x20 ./Drivers/systick.o
 .debug_macro   0x00000000       0x24 ./Drivers/systick.o
 .debug_macro   0x00000000      0x868 ./Drivers/systick.o
 .debug_macro   0x00000000      0x18f ./Drivers/systick.o
 .debug_line    0x00000000       0x8e ./Drivers/systick.o
 .debug_str     0x00000000     0x2b52 ./Drivers/systick.o
 .comment       0x00000000       0x71 ./Drivers/systick.o
 .debug_frame   0x00000000       0x78 ./Drivers/systick.o
 .ARM.attributes
                0x00000000       0x33 ./Drivers/systick.o
 .group         0x00000000        0x8 ./Project_Settings/Startup_Code/startup.o
 .group         0x00000000        0x8 ./Project_Settings/Startup_Code/startup.o
 .group         0x00000000        0x8 ./Project_Settings/Startup_Code/startup.o
 .group         0x00000000        0x8 ./Project_Settings/Startup_Code/startup.o
 .group         0x00000000        0x8 ./Project_Settings/Startup_Code/startup.o
 .group         0x00000000        0x8 ./Project_Settings/Startup_Code/startup.o
 .group         0x00000000        0x8 ./Project_Settings/Startup_Code/startup.o
 .group         0x00000000        0x8 ./Project_Settings/Startup_Code/startup.o
 .group         0x00000000        0x8 ./Project_Settings/Startup_Code/startup.o
 .group         0x00000000        0x8 ./Project_Settings/Startup_Code/startup.o
 .group         0x00000000        0x8 ./Project_Settings/Startup_Code/startup.o
 .group         0x00000000        0x8 ./Project_Settings/Startup_Code/startup.o
 .text          0x00000000        0x0 ./Project_Settings/Startup_Code/startup.o
 .data          0x00000000        0x0 ./Project_Settings/Startup_Code/startup.o
 .bss           0x00000000        0x0 ./Project_Settings/Startup_Code/startup.o
 .rodata.s_vectors
                0x00000000        0x4 ./Project_Settings/Startup_Code/startup.o
 .debug_macro   0x00000000      0x868 ./Project_Settings/Startup_Code/startup.o
 .data          0x00000000        0x0 ./Project_Settings/Startup_Code/startup_S32K144.o
 .bss           0x00000000        0x0 ./Project_Settings/Startup_Code/startup_S32K144.o
 .group         0x00000000        0x8 ./Project_Settings/Startup_Code/system_S32K144.o
 .group         0x00000000        0x8 ./Project_Settings/Startup_Code/system_S32K144.o
 .group         0x00000000        0x8 ./Project_Settings/Startup_Code/system_S32K144.o
 .group         0x00000000        0x8 ./Project_Settings/Startup_Code/system_S32K144.o
 .group         0x00000000        0x8 ./Project_Settings/Startup_Code/system_S32K144.o
 .group         0x00000000        0x8 ./Project_Settings/Startup_Code/system_S32K144.o
 .group         0x00000000        0x8 ./Project_Settings/Startup_Code/system_S32K144.o
 .group         0x00000000        0x8 ./Project_Settings/Startup_Code/system_S32K144.o
 .group         0x00000000        0x8 ./Project_Settings/Startup_Code/system_S32K144.o
 .group         0x00000000        0x8 ./Project_Settings/Startup_Code/system_S32K144.o
 .group         0x00000000        0x8 ./Project_Settings/Startup_Code/system_S32K144.o
 .group         0x00000000        0x8 ./Project_Settings/Startup_Code/system_S32K144.o
 .group         0x00000000        0x8 ./Project_Settings/Startup_Code/system_S32K144.o
 .text          0x00000000        0x0 ./Project_Settings/Startup_Code/system_S32K144.o
 .data          0x00000000        0x0 ./Project_Settings/Startup_Code/system_S32K144.o
 .bss           0x00000000        0x0 ./Project_Settings/Startup_Code/system_S32K144.o
 .data.SystemCoreClock
                0x00000000        0x4 ./Project_Settings/Startup_Code/system_S32K144.o
 .text.SystemCoreClockUpdate
                0x00000000       0xe8 ./Project_Settings/Startup_Code/system_S32K144.o
 .text.SystemSoftwareReset
                0x00000000       0x40 ./Project_Settings/Startup_Code/system_S32K144.o
 .rodata.fircFreq.5163
                0x00000000        0x4 ./Project_Settings/Startup_Code/system_S32K144.o
 .debug_macro   0x00000000      0x868 ./Project_Settings/Startup_Code/system_S32K144.o
 .debug_macro   0x00000000       0x10 ./Project_Settings/Startup_Code/system_S32K144.o
 .debug_macro   0x00000000       0x7a ./Project_Settings/Startup_Code/system_S32K144.o
 .debug_macro   0x00000000       0x22 ./Project_Settings/Startup_Code/system_S32K144.o
 .debug_macro   0x00000000       0x44 ./Project_Settings/Startup_Code/system_S32K144.o
 .debug_macro   0x00000000       0xe3 ./Project_Settings/Startup_Code/system_S32K144.o
 .debug_macro   0x00000000       0x22 ./Project_Settings/Startup_Code/system_S32K144.o
 .debug_macro   0x00000000      0x1df ./Project_Settings/Startup_Code/system_S32K144.o
 .debug_macro   0x00000000      0xb86 ./Project_Settings/Startup_Code/system_S32K144.o
 .debug_macro   0x00000000       0x22 ./Project_Settings/Startup_Code/system_S32K144.o
 .group         0x00000000        0x8 ./src/main.o
 .group         0x00000000        0x8 ./src/main.o
 .group         0x00000000        0x8 ./src/main.o
 .group         0x00000000        0x8 ./src/main.o
 .group         0x00000000        0x8 ./src/main.o
 .group         0x00000000        0x8 ./src/main.o
 .group         0x00000000        0x8 ./src/main.o
 .group         0x00000000        0x8 ./src/main.o
 .text          0x00000000        0x0 ./src/main.o
 .data          0x00000000        0x0 ./src/main.o
 .bss           0x00000000        0x0 ./src/main.o
 .debug_macro   0x00000000      0x868 ./src/main.o
 .debug_macro   0x00000000      0x18f ./src/main.o
 .debug_macro   0x00000000      0x27e ./src/main.o
 .debug_macro   0x00000000      0x12a ./src/main.o
 .text          0x00000000        0x0 C:/NXP/S32DS_ARM_v2.2/S32DS/build_tools/gcc_v4.9/gcc-arm-none-eabi-4_9/arm-none-eabi/newlib/lib/armv7e-m\libc.a(lib_a-exit.o)
 .data          0x00000000        0x0 C:/NXP/S32DS_ARM_v2.2/S32DS/build_tools/gcc_v4.9/gcc-arm-none-eabi-4_9/arm-none-eabi/newlib/lib/armv7e-m\libc.a(lib_a-exit.o)
 .bss           0x00000000        0x0 C:/NXP/S32DS_ARM_v2.2/S32DS/build_tools/gcc_v4.9/gcc-arm-none-eabi-4_9/arm-none-eabi/newlib/lib/armv7e-m\libc.a(lib_a-exit.o)
 .text          0x00000000        0x0 C:/NXP/S32DS_ARM_v2.2/S32DS/build_tools/gcc_v4.9/gcc-arm-none-eabi-4_9/arm-none-eabi/newlib/lib/armv7e-m\libc.a(lib_a-impure.o)
 .data          0x00000000        0x0 C:/NXP/S32DS_ARM_v2.2/S32DS/build_tools/gcc_v4.9/gcc-arm-none-eabi-4_9/arm-none-eabi/newlib/lib/armv7e-m\libc.a(lib_a-impure.o)
 .bss           0x00000000        0x0 C:/NXP/S32DS_ARM_v2.2/S32DS/build_tools/gcc_v4.9/gcc-arm-none-eabi-4_9/arm-none-eabi/newlib/lib/armv7e-m\libc.a(lib_a-impure.o)
 .data._impure_ptr
                0x00000000        0x4 C:/NXP/S32DS_ARM_v2.2/S32DS/build_tools/gcc_v4.9/gcc-arm-none-eabi-4_9/arm-none-eabi/newlib/lib/armv7e-m\libc.a(lib_a-impure.o)
 .text          0x00000000        0x0 C:/NXP/S32DS_ARM_v2.2/S32DS/build_tools/gcc_v4.9/gcc-arm-none-eabi-4_9/arm-none-eabi/newlib/lib/armv7e-m\libc.a(lib_a-init.o)
 .data          0x00000000        0x0 C:/NXP/S32DS_ARM_v2.2/S32DS/build_tools/gcc_v4.9/gcc-arm-none-eabi-4_9/arm-none-eabi/newlib/lib/armv7e-m\libc.a(lib_a-init.o)
 .bss           0x00000000        0x0 C:/NXP/S32DS_ARM_v2.2/S32DS/build_tools/gcc_v4.9/gcc-arm-none-eabi-4_9/arm-none-eabi/newlib/lib/armv7e-m\libc.a(lib_a-init.o)
 .text          0x00000000        0x0 C:/NXP/S32DS_ARM_v2.2/S32DS/build_tools/gcc_v4.9/gcc-arm-none-eabi-4_9/arm-none-eabi/newlib/lib/armv7e-m\libc.a(lib_a-memset.o)
 .data          0x00000000        0x0 C:/NXP/S32DS_ARM_v2.2/S32DS/build_tools/gcc_v4.9/gcc-arm-none-eabi-4_9/arm-none-eabi/newlib/lib/armv7e-m\libc.a(lib_a-memset.o)
 .bss           0x00000000        0x0 C:/NXP/S32DS_ARM_v2.2/S32DS/build_tools/gcc_v4.9/gcc-arm-none-eabi-4_9/arm-none-eabi/newlib/lib/armv7e-m\libc.a(lib_a-memset.o)
 .text          0x00000000        0x0 C:/NXP/S32DS_ARM_v2.2/S32DS/build_tools/gcc_v4.9/gcc-arm-none-eabi-4_9/arm-none-eabi/newlib/lib/armv7e-m\libc.a(lib_a-__call_atexit.o)
 .data          0x00000000        0x0 C:/NXP/S32DS_ARM_v2.2/S32DS/build_tools/gcc_v4.9/gcc-arm-none-eabi-4_9/arm-none-eabi/newlib/lib/armv7e-m\libc.a(lib_a-__call_atexit.o)
 .bss           0x00000000        0x0 C:/NXP/S32DS_ARM_v2.2/S32DS/build_tools/gcc_v4.9/gcc-arm-none-eabi-4_9/arm-none-eabi/newlib/lib/armv7e-m\libc.a(lib_a-__call_atexit.o)
 .text          0x00000000        0x0 C:/NXP/S32DS_ARM_v2.2/S32DS/build_tools/gcc_v4.9/gcc-arm-none-eabi-4_9/arm-none-eabi/newlib/lib/armv7e-m\libc.a(lib_a-atexit.o)
 .data          0x00000000        0x0 C:/NXP/S32DS_ARM_v2.2/S32DS/build_tools/gcc_v4.9/gcc-arm-none-eabi-4_9/arm-none-eabi/newlib/lib/armv7e-m\libc.a(lib_a-atexit.o)
 .bss           0x00000000        0x0 C:/NXP/S32DS_ARM_v2.2/S32DS/build_tools/gcc_v4.9/gcc-arm-none-eabi-4_9/arm-none-eabi/newlib/lib/armv7e-m\libc.a(lib_a-atexit.o)
 .text          0x00000000        0x0 C:/NXP/S32DS_ARM_v2.2/S32DS/build_tools/gcc_v4.9/gcc-arm-none-eabi-4_9/arm-none-eabi/newlib/lib/armv7e-m\libc.a(lib_a-fini.o)
 .data          0x00000000        0x0 C:/NXP/S32DS_ARM_v2.2/S32DS/build_tools/gcc_v4.9/gcc-arm-none-eabi-4_9/arm-none-eabi/newlib/lib/armv7e-m\libc.a(lib_a-fini.o)
 .bss           0x00000000        0x0 C:/NXP/S32DS_ARM_v2.2/S32DS/build_tools/gcc_v4.9/gcc-arm-none-eabi-4_9/arm-none-eabi/newlib/lib/armv7e-m\libc.a(lib_a-fini.o)
 .text          0x00000000        0x0 C:/NXP/S32DS_ARM_v2.2/S32DS/build_tools/gcc_v4.9/gcc-arm-none-eabi-4_9/arm-none-eabi/newlib/lib/armv7e-m\libc.a(lib_a-__atexit.o)
 .data          0x00000000        0x0 C:/NXP/S32DS_ARM_v2.2/S32DS/build_tools/gcc_v4.9/gcc-arm-none-eabi-4_9/arm-none-eabi/newlib/lib/armv7e-m\libc.a(lib_a-__atexit.o)
 .bss           0x00000000        0x0 C:/NXP/S32DS_ARM_v2.2/S32DS/build_tools/gcc_v4.9/gcc-arm-none-eabi-4_9/arm-none-eabi/newlib/lib/armv7e-m\libc.a(lib_a-__atexit.o)
 .text          0x00000000        0x0 C:/NXP/S32DS_ARM_v2.2/S32DS/build_tools/gcc_v4.9/gcc-arm-none-eabi-4_9/arm-none-eabi/newlib/lib/armv7e-m\libnosys.a(_exit.o)
 .data          0x00000000        0x0 C:/NXP/S32DS_ARM_v2.2/S32DS/build_tools/gcc_v4.9/gcc-arm-none-eabi-4_9/arm-none-eabi/newlib/lib/armv7e-m\libnosys.a(_exit.o)
 .bss           0x00000000        0x0 C:/NXP/S32DS_ARM_v2.2/S32DS/build_tools/gcc_v4.9/gcc-arm-none-eabi-4_9/arm-none-eabi/newlib/lib/armv7e-m\libnosys.a(_exit.o)
 .text          0x00000000        0x0 c:/nxp/s32ds_arm_v2.2/s32ds/build_tools/gcc_v4.9/gcc-arm-none-eabi-4_9/bin/../lib/gcc/arm-none-eabi/4.9.3/armv7e-m/crtend.o
 .data          0x00000000        0x0 c:/nxp/s32ds_arm_v2.2/s32ds/build_tools/gcc_v4.9/gcc-arm-none-eabi-4_9/bin/../lib/gcc/arm-none-eabi/4.9.3/armv7e-m/crtend.o
 .bss           0x00000000        0x0 c:/nxp/s32ds_arm_v2.2/s32ds/build_tools/gcc_v4.9/gcc-arm-none-eabi-4_9/bin/../lib/gcc/arm-none-eabi/4.9.3/armv7e-m/crtend.o
 .eh_frame      0x00000000        0x4 c:/nxp/s32ds_arm_v2.2/s32ds/build_tools/gcc_v4.9/gcc-arm-none-eabi-4_9/bin/../lib/gcc/arm-none-eabi/4.9.3/armv7e-m/crtend.o
 .text          0x00000000        0x0 c:/nxp/s32ds_arm_v2.2/s32ds/build_tools/gcc_v4.9/gcc-arm-none-eabi-4_9/bin/../lib/gcc/arm-none-eabi/4.9.3/armv7e-m/crtn.o
 .data          0x00000000        0x0 c:/nxp/s32ds_arm_v2.2/s32ds/build_tools/gcc_v4.9/gcc-arm-none-eabi-4_9/bin/../lib/gcc/arm-none-eabi/4.9.3/armv7e-m/crtn.o
 .bss           0x00000000        0x0 c:/nxp/s32ds_arm_v2.2/s32ds/build_tools/gcc_v4.9/gcc-arm-none-eabi-4_9/bin/../lib/gcc/arm-none-eabi/4.9.3/armv7e-m/crtn.o

Memory Configuration

Name             Origin             Length             Attributes
m_interrupts     0x00000000         0x00000400         xr
m_flash_config   0x00000400         0x00000010         xr
m_text           0x00000410         0x0007fbf0         xr
m_data           0x1fff8000         0x00008000         rw
m_data_2         0x20000000         0x00007000         rw
*default*        0x00000000         0xffffffff

Linker script and memory map

LOAD c:/nxp/s32ds_arm_v2.2/s32ds/build_tools/gcc_v4.9/gcc-arm-none-eabi-4_9/bin/../lib/gcc/arm-none-eabi/4.9.3/armv7e-m/crti.o
LOAD c:/nxp/s32ds_arm_v2.2/s32ds/build_tools/gcc_v4.9/gcc-arm-none-eabi-4_9/bin/../lib/gcc/arm-none-eabi/4.9.3/armv7e-m/crtbegin.o
LOAD C:/NXP/S32DS_ARM_v2.2/S32DS/build_tools/gcc_v4.9/gcc-arm-none-eabi-4_9/arm-none-eabi/newlib/lib/armv7e-m/crt0.o
LOAD ./Drivers/adc.o
LOAD ./Drivers/clock.o
LOAD ./Drivers/lpit.o
LOAD ./Drivers/lpspi.o
LOAD ./Drivers/lpuart.o
LOAD ./Drivers/nvic.o
LOAD ./Drivers/port.o
LOAD ./Drivers/sevenseg.o
LOAD ./Drivers/systick.o
LOAD ./Project_Settings/Startup_Code/startup.o
LOAD ./Project_Settings/Startup_Code/startup_S32K144.o
LOAD ./Project_Settings/Startup_Code/system_S32K144.o
LOAD ./src/main.o
START GROUP
LOAD c:/nxp/s32ds_arm_v2.2/s32ds/build_tools/gcc_v4.9/gcc-arm-none-eabi-4_9/bin/../lib/gcc/arm-none-eabi/4.9.3/armv7e-m\libgcc.a
LOAD C:/NXP/S32DS_ARM_v2.2/S32DS/build_tools/gcc_v4.9/gcc-arm-none-eabi-4_9/arm-none-eabi/newlib/lib/armv7e-m\libc.a
END GROUP
START GROUP
LOAD c:/nxp/s32ds_arm_v2.2/s32ds/build_tools/gcc_v4.9/gcc-arm-none-eabi-4_9/bin/../lib/gcc/arm-none-eabi/4.9.3/armv7e-m\libgcc.a
LOAD C:/NXP/S32DS_ARM_v2.2/S32DS/build_tools/gcc_v4.9/gcc-arm-none-eabi-4_9/arm-none-eabi/newlib/lib/armv7e-m\libc.a
LOAD C:/NXP/S32DS_ARM_v2.2/S32DS/build_tools/gcc_v4.9/gcc-arm-none-eabi-4_9/arm-none-eabi/newlib/lib/armv7e-m\libnosys.a
END GROUP
LOAD c:/nxp/s32ds_arm_v2.2/s32ds/build_tools/gcc_v4.9/gcc-arm-none-eabi-4_9/bin/../lib/gcc/arm-none-eabi/4.9.3/armv7e-m/crtend.o
LOAD c:/nxp/s32ds_arm_v2.2/s32ds/build_tools/gcc_v4.9/gcc-arm-none-eabi-4_9/bin/../lib/gcc/arm-none-eabi/4.9.3/armv7e-m/crtn.o
                0x00000400                HEAP_SIZE = DEFINED (__heap_size__)?__heap_size__:0x400
                0x00000400                STACK_SIZE = DEFINED (__stack_size__)?__stack_size__:0x400
                0x00000400                M_VECTOR_RAM_SIZE = DEFINED (__flash_vector_table__)?0x0:0x400

.interrupts     0x00000000      0x400
                0x00000000                __VECTOR_TABLE = .
                0x00000000                __interrupts_start__ = .
                0x00000000                . = ALIGN (0x4)
 *(.isr_vector)
 .isr_vector    0x00000000      0x400 ./Project_Settings/Startup_Code/startup_S32K144.o
                0x00000000                __isr_vector
                0x00000400                __interrupts_end__ = .
                0x00000400                . = ALIGN (0x4)

.flash_config   0x00000400       0x10
                0x00000400                . = ALIGN (0x4)
 *(.FlashConfig)
 .FlashConfig   0x00000400       0x10 ./Project_Settings/Startup_Code/startup_S32K144.o
                0x00000410                . = ALIGN (0x4)

.text           0x00000410     0x16c0
                0x00000410                . = ALIGN (0x4)
 *(.text)
 .text          0x00000410       0x5c c:/nxp/s32ds_arm_v2.2/s32ds/build_tools/gcc_v4.9/gcc-arm-none-eabi-4_9/bin/../lib/gcc/arm-none-eabi/4.9.3/armv7e-m/crtbegin.o
 .text          0x0000046c       0x74 C:/NXP/S32DS_ARM_v2.2/S32DS/build_tools/gcc_v4.9/gcc-arm-none-eabi-4_9/arm-none-eabi/newlib/lib/armv7e-m/crt0.o
                0x0000046c                _start
                0x0000046c                _mainCRTStartup
 .text          0x000004e0       0x60 ./Project_Settings/Startup_Code/startup_S32K144.o
                0x000004e0                Reset_Handler
                0x0000053c                DebugMon_Handler
                0x0000053c                Reserved88_IRQHandler
                0x0000053c                CAN0_ORed_IRQHandler
                0x0000053c                HardFault_Handler
                0x0000053c                Reserved86_IRQHandler
                0x0000053c                Reserved103_IRQHandler
                0x0000053c                SysTick_Handler
                0x0000053c                FTM2_Ovf_Reload_IRQHandler
                0x0000053c                Reserved50_IRQHandler
                0x0000053c                FTFC_Fault_IRQHandler
                0x0000053c                FTM0_Ch6_Ch7_IRQHandler
                0x0000053c                Reserved114_IRQHandler
                0x0000053c                PendSV_Handler
                0x0000053c                NMI_Handler
                0x0000053c                Reserved89_IRQHandler
                0x0000053c                ERM_double_fault_IRQHandler
                0x0000053c                DMA2_IRQHandler
                0x0000053c                Reserved59_IRQHandler
                0x0000053c                Reserved99_IRQHandler
                0x0000053c                FTM3_Ch6_Ch7_IRQHandler
                0x0000053c                CAN2_ORed_0_15_MB_IRQHandler
                0x0000053c                LPIT0_Ch3_IRQHandler
                0x0000053c                Reserved92_IRQHandler
                0x0000053c                FTM0_Ch4_Ch5_IRQHandler
                0x0000053c                CAN1_Error_IRQHandler
                0x0000053c                FTM3_Ch0_Ch1_IRQHandler
                0x0000053c                SWI_IRQHandler
                0x0000053c                ADC0_IRQHandler
                0x0000053c                FTM2_Ch4_Ch5_IRQHandler
                0x0000053c                UsageFault_Handler
                0x0000053c                FTM0_Ovf_Reload_IRQHandler
                0x0000053c                DefaultISR
                0x0000053c                DMA9_IRQHandler
                0x0000053c                Reserved58_IRQHandler
                0x0000053c                CAN1_ORed_0_15_MB_IRQHandler
                0x0000053c                FTM1_Ch2_Ch3_IRQHandler
                0x0000053c                DMA14_IRQHandler
                0x0000053c                Reserved82_IRQHandler
                0x0000053c                CAN0_ORed_16_31_MB_IRQHandler
                0x0000053c                LPI2C0_Slave_IRQHandler
                0x0000053c                Reserved71_IRQHandler
                0x0000053c                PORTD_IRQHandler
                0x0000053c                Reserved69_IRQHandler
                0x0000053c                PORTB_IRQHandler
                0x0000053c                Reserved70_IRQHandler
                0x0000053c                ADC1_IRQHandler
                0x0000053c                FTM2_Ch2_Ch3_IRQHandler
                0x0000053c                Reserved53_IRQHandler
                0x0000053c                DMA5_IRQHandler
                0x0000053c                RTC_IRQHandler
                0x0000053c                PDB0_IRQHandler
                0x0000053c                Reserved54_IRQHandler
                0x0000053c                FTM2_Ch6_Ch7_IRQHandler
                0x0000053c                FTM3_Ch2_Ch3_IRQHandler
                0x0000053c                FTM2_Ch0_Ch1_IRQHandler
                0x0000053c                LPSPI1_IRQHandler
                0x0000053c                LPUART1_RxTx_IRQHandler
                0x0000053c                RTC_Seconds_IRQHandler
                0x0000053c                CAN2_ORed_IRQHandler
                0x0000053c                Reserved72_IRQHandler
                0x0000053c                Reserved110_IRQHandler
                0x0000053c                DMA11_IRQHandler
                0x0000053c                Reserved107_IRQHandler
                0x0000053c                Read_Collision_IRQHandler
                0x0000053c                CAN2_Error_IRQHandler
                0x0000053c                FTFC_IRQHandler
                0x0000053c                DMA7_IRQHandler
                0x0000053c                FTM1_Ch6_Ch7_IRQHandler
                0x0000053c                Reserved105_IRQHandler
                0x0000053c                LPIT0_Ch1_IRQHandler
                0x0000053c                FTM1_Ch4_Ch5_IRQHandler
                0x0000053c                FTM3_Ovf_Reload_IRQHandler
                0x0000053c                LPSPI0_IRQHandler
                0x0000053c                WDOG_EWM_IRQHandler
                0x0000053c                MemManage_Handler
                0x0000053c                Reserved90_IRQHandler
                0x0000053c                Reserved83_IRQHandler
                0x0000053c                FTM0_Fault_IRQHandler
                0x0000053c                Reserved48_IRQHandler
                0x0000053c                SVC_Handler
                0x0000053c                ERM_single_fault_IRQHandler
                0x0000053c                FTM2_Fault_IRQHandler
                0x0000053c                FTM0_Ch2_Ch3_IRQHandler
                0x0000053c                DMA13_IRQHandler
                0x0000053c                FTM0_Ch0_Ch1_IRQHandler
                0x0000053c                FTM3_Fault_IRQHandler
                0x0000053c                RCM_IRQHandler
                0x0000053c                DMA3_IRQHandler
                0x0000053c                Reserved100_IRQHandler
                0x0000053c                DMA0_IRQHandler
                0x0000053c                Reserved91_IRQHandler
                0x0000053c                CAN1_ORed_IRQHandler
                0x0000053c                DMA15_IRQHandler
                0x0000053c                SCG_IRQHandler
                0x0000053c                PDB1_IRQHandler
                0x0000053c                Reserved81_IRQHandler
                0x0000053c                Reserved46_IRQHandler
                0x0000053c                Reserved45_IRQHandler
                0x0000053c                CAN0_Error_IRQHandler
                0x0000053c                Reserved112_IRQHandler
                0x0000053c                LPI2C0_Master_IRQHandler
                0x0000053c                DMA4_IRQHandler
                0x0000053c                FTM1_Fault_IRQHandler
                0x0000053c                Reserved106_IRQHandler
                0x0000053c                DMA_Error_IRQHandler
                0x0000053c                LVD_LVW_IRQHandler
                0x0000053c                LPIT0_Ch2_IRQHandler
                0x0000053c                PORTA_IRQHandler
                0x0000053c                MCM_IRQHandler
                0x0000053c                LPSPI2_IRQHandler
                0x0000053c                DMA12_IRQHandler
                0x0000053c                FTM3_Ch4_Ch5_IRQHandler
                0x0000053c                CAN0_ORed_0_15_MB_IRQHandler
                0x0000053c                PORTE_IRQHandler
                0x0000053c                LPUART0_RxTx_IRQHandler
                0x0000053c                LPTMR0_IRQHandler
                0x0000053c                BusFault_Handler
                0x0000053c                Reserved87_IRQHandler
                0x0000053c                FTM1_Ovf_Reload_IRQHandler
                0x0000053c                DMA8_IRQHandler
                0x0000053c                Reserved93_IRQHandler
                0x0000053c                DMA10_IRQHandler
                0x0000053c                CAN0_Wake_Up_IRQHandler
                0x0000053c                CMP0_IRQHandler
                0x0000053c                Reserved52_IRQHandler
                0x0000053c                PORTC_IRQHandler
                0x0000053c                DMA6_IRQHandler
                0x0000053c                FTM1_Ch0_Ch1_IRQHandler
                0x0000053c                FLEXIO_IRQHandler
                0x0000053c                DMA1_IRQHandler
                0x0000053c                Reserved113_IRQHandler
 *(.text*)
 .text.ClockEnable
                0x00000540      0x220 ./Drivers/clock.o
                0x00000540                ClockEnable
 .text.FIRC_ClockEnable
                0x00000760       0x6c ./Drivers/clock.o
                0x00000760                FIRC_ClockEnable
 .text.SIRC_ClockEnable
                0x000007cc       0x7c ./Drivers/clock.o
                0x000007cc                SIRC_ClockEnable
 .text.SOSC_ClockEnable
                0x00000848       0x8c ./Drivers/clock.o
                0x00000848                SOSC_ClockEnable
 .text.LPIT_PeripheralClockConfig
                0x000008d4       0x3c ./Drivers/lpit.o
                0x000008d4                LPIT_PeripheralClockConfig
 .text.LPIT_Init
                0x00000910       0xc4 ./Drivers/lpit.o
                0x00000910                LPIT_Init
 .text.LPIT_StartTimer
                0x000009d4       0x5c ./Drivers/lpit.o
                0x000009d4                LPIT_StartTimer
 .text.LPSPI_PeripheralClockConfig
                0x00000a30       0xb0 ./Drivers/lpspi.o
                0x00000a30                LPSPI_PeripheralClockConfig
 .text.LPSPI_Init
                0x00000ae0      0x100 ./Drivers/lpspi.o
                0x00000ae0                LPSPI_Init
 .text.LPSPI_Transmit
                0x00000be0       0x38 ./Drivers/lpspi.o
                0x00000be0                LPSPI_Transmit
 .text.LPUART_PeripheralClockConfig
                0x00000c18       0xb0 ./Drivers/lpuart.o
                0x00000c18                LPUART_PeripheralClockConfig
 .text.LPUART_Init
                0x00000cc8       0x80 ./Drivers/lpuart.o
                0x00000cc8                LPUART_Init
 .text.LPUART_GetFlagStatus
                0x00000d48       0x2c ./Drivers/lpuart.o
                0x00000d48                LPUART_GetFlagStatus
 .text.LPUART_ClearFlagStatus
                0x00000d74       0x28 ./Drivers/lpuart.o
                0x00000d74                LPUART_ClearFlagStatus
 .text.LPUART_ReceiveIT
                0x00000d9c       0x60 ./Drivers/lpuart.o
                0x00000d9c                LPUART_ReceiveIT
 .text.LPUART_TransmitIT
                0x00000dfc       0x58 ./Drivers/lpuart.o
                0x00000dfc                LPUART_TransmitIT
 .text.LPUART_IRQHandling
                0x00000e54      0x1b8 ./Drivers/lpuart.o
                0x00000e54                LPUART_IRQHandling
 .text.Interrupt_Enable
                0x0000100c       0x7c ./Drivers/nvic.o
                0x0000100c                Interrupt_Enable
 .text.PORT_Pin_Alt_Config
                0x00001088       0x44 ./Drivers/port.o
                0x00001088                PORT_Pin_Alt_Config
 .text.SevenSeg_SendCommand
                0x000010cc       0x38 ./Drivers/sevenseg.o
                0x000010cc                SevenSeg_SendCommand
 .text.SevenSeg_Init
                0x00001104       0x28 ./Drivers/sevenseg.o
                0x00001104                SevenSeg_Init
 .text.SevenSeg_PrintString
                0x0000112c       0x6c ./Drivers/sevenseg.o
                0x0000112c                SevenSeg_PrintString
 .text.init_data_bss
                0x00001198      0x128 ./Project_Settings/Startup_Code/startup.o
                0x00001198                init_data_bss
 .text.SystemInit
                0x000012c0       0x30 ./Project_Settings/Startup_Code/system_S32K144.o
                0x000012c0                SystemInit
 .text.main     0x000012f0      0x254 ./src/main.o
                0x000012f0                main
 .text.STRLEN   0x00001544       0x30 ./src/main.o
                0x00001544                STRLEN
 .text.DateUpdate
                0x00001574       0xe4 ./src/main.o
                0x00001574                DateUpdate
 .text.TimeUpdate
                0x00001658      0x134 ./src/main.o
                0x00001658                TimeUpdate
 .text.LPIT0_Ch0_IRQHandler
                0x0000178c       0x34 ./src/main.o
                0x0000178c                LPIT0_Ch0_IRQHandler
 .text.LPUART2_RxTx_IRQHandler
                0x000017c0       0x10 ./src/main.o
                0x000017c0                LPUART2_RxTx_IRQHandler
 .text.exit     0x000017d0       0x20 C:/NXP/S32DS_ARM_v2.2/S32DS/build_tools/gcc_v4.9/gcc-arm-none-eabi-4_9/arm-none-eabi/newlib/lib/armv7e-m\libc.a(lib_a-exit.o)
                0x000017d0                exit
 .text.__libc_init_array
                0x000017f0       0x50 C:/NXP/S32DS_ARM_v2.2/S32DS/build_tools/gcc_v4.9/gcc-arm-none-eabi-4_9/arm-none-eabi/newlib/lib/armv7e-m\libc.a(lib_a-init.o)
                0x000017f0                __libc_init_array
 .text.memset   0x00001840       0x9c C:/NXP/S32DS_ARM_v2.2/S32DS/build_tools/gcc_v4.9/gcc-arm-none-eabi-4_9/arm-none-eabi/newlib/lib/armv7e-m\libc.a(lib_a-memset.o)
                0x00001840                memset
 .text.startup.register_fini
                0x000018dc       0x14 C:/NXP/S32DS_ARM_v2.2/S32DS/build_tools/gcc_v4.9/gcc-arm-none-eabi-4_9/arm-none-eabi/newlib/lib/armv7e-m\libc.a(lib_a-__call_atexit.o)
 .text.__call_exitprocs
                0x000018f0       0xd4 C:/NXP/S32DS_ARM_v2.2/S32DS/build_tools/gcc_v4.9/gcc-arm-none-eabi-4_9/arm-none-eabi/newlib/lib/armv7e-m\libc.a(lib_a-__call_atexit.o)
                0x000018f0                __call_exitprocs
 .text.atexit   0x000019c4        0xc C:/NXP/S32DS_ARM_v2.2/S32DS/build_tools/gcc_v4.9/gcc-arm-none-eabi-4_9/arm-none-eabi/newlib/lib/armv7e-m\libc.a(lib_a-atexit.o)
                0x000019c4                atexit
 .text.__libc_fini_array
                0x000019d0       0x2c C:/NXP/S32DS_ARM_v2.2/S32DS/build_tools/gcc_v4.9/gcc-arm-none-eabi-4_9/arm-none-eabi/newlib/lib/armv7e-m\libc.a(lib_a-fini.o)
                0x000019d0                __libc_fini_array
 .text.__register_exitproc
                0x000019fc       0xa4 C:/NXP/S32DS_ARM_v2.2/S32DS/build_tools/gcc_v4.9/gcc-arm-none-eabi-4_9/arm-none-eabi/newlib/lib/armv7e-m\libc.a(lib_a-__atexit.o)
                0x000019fc                __register_exitproc
 .text._exit    0x00001aa0        0x4 C:/NXP/S32DS_ARM_v2.2/S32DS/build_tools/gcc_v4.9/gcc-arm-none-eabi-4_9/arm-none-eabi/newlib/lib/armv7e-m\libnosys.a(_exit.o)
                0x00001aa0                _exit
 *(.rodata)
 .rodata        0x00001aa4        0xa ./src/main.o
 *(.rodata*)
 *fill*         0x00001aae        0x2 
 .rodata.str1.4
                0x00001ab0        0x4 C:/NXP/S32DS_ARM_v2.2/S32DS/build_tools/gcc_v4.9/gcc-arm-none-eabi-4_9/arm-none-eabi/newlib/lib/armv7e-m\libc.a(lib_a-impure.o)
                                  0x2 (size before relaxing)
 .rodata._global_impure_ptr
                0x00001ab4        0x4 C:/NXP/S32DS_ARM_v2.2/S32DS/build_tools/gcc_v4.9/gcc-arm-none-eabi-4_9/arm-none-eabi/newlib/lib/armv7e-m\libc.a(lib_a-impure.o)
                0x00001ab4                _global_impure_ptr
 *(.glue_7)
 .glue_7        0x00000000        0x0 linker stubs
 *(.glue_7t)
 .glue_7t       0x00000000        0x0 linker stubs
 *(.eh_frame)
 .eh_frame      0x00001ab8        0x0 c:/nxp/s32ds_arm_v2.2/s32ds/build_tools/gcc_v4.9/gcc-arm-none-eabi-4_9/bin/../lib/gcc/arm-none-eabi/4.9.3/armv7e-m/crtbegin.o
 *(.init)
 .init          0x00001ab8        0x4 c:/nxp/s32ds_arm_v2.2/s32ds/build_tools/gcc_v4.9/gcc-arm-none-eabi-4_9/bin/../lib/gcc/arm-none-eabi/4.9.3/armv7e-m/crti.o
                0x00001ab8                _init
 .init          0x00001abc        0x8 c:/nxp/s32ds_arm_v2.2/s32ds/build_tools/gcc_v4.9/gcc-arm-none-eabi-4_9/bin/../lib/gcc/arm-none-eabi/4.9.3/armv7e-m/crtn.o
 *(.fini)
 .fini          0x00001ac4        0x4 c:/nxp/s32ds_arm_v2.2/s32ds/build_tools/gcc_v4.9/gcc-arm-none-eabi-4_9/bin/../lib/gcc/arm-none-eabi/4.9.3/armv7e-m/crti.o
                0x00001ac4                _fini
 .fini          0x00001ac8        0x8 c:/nxp/s32ds_arm_v2.2/s32ds/build_tools/gcc_v4.9/gcc-arm-none-eabi-4_9/bin/../lib/gcc/arm-none-eabi/4.9.3/armv7e-m/crtn.o
                0x00001ad0                . = ALIGN (0x4)

.vfp11_veneer   0x00001ad0        0x0
 .vfp11_veneer  0x00000000        0x0 linker stubs

.v4_bx          0x00001ad0        0x0
 .v4_bx         0x00000000        0x0 linker stubs

.iplt           0x00001ad0        0x0
 .iplt          0x00000000        0x0 c:/nxp/s32ds_arm_v2.2/s32ds/build_tools/gcc_v4.9/gcc-arm-none-eabi-4_9/bin/../lib/gcc/arm-none-eabi/4.9.3/armv7e-m/crtbegin.o

.ARM.extab
 *(.ARM.extab* .gnu.linkonce.armextab.*)

.ARM            0x00001ad0        0x8
                0x00001ad0                __exidx_start = .
 *(.ARM.exidx*)
 .ARM.exidx     0x00001ad0        0x8 C:/NXP/S32DS_ARM_v2.2/S32DS/build_tools/gcc_v4.9/gcc-arm-none-eabi-4_9/arm-none-eabi/newlib/lib/armv7e-m/crt0.o
                0x00001ad8                __exidx_end = .

.rel.dyn        0x00001ad8        0x0
 .rel.iplt      0x00000000        0x0 c:/nxp/s32ds_arm_v2.2/s32ds/build_tools/gcc_v4.9/gcc-arm-none-eabi-4_9/bin/../lib/gcc/arm-none-eabi/4.9.3/armv7e-m/crtbegin.o

.ctors          0x00001ad8        0x0
                0x00001ad8                __CTOR_LIST__ = .
 *crtbegin.o(.ctors)
 *crtbegin?.o(.ctors)
 *(EXCLUDE_FILE(*crtend.o *crtend?.o) .ctors)
 *(SORT(.ctors.*))
 *(.ctors)
                0x00001ad8                __CTOR_END__ = .

.dtors          0x00001ad8        0x0
                0x00001ad8                __DTOR_LIST__ = .
 *crtbegin.o(.dtors)
 *crtbegin?.o(.dtors)
 *(EXCLUDE_FILE(*crtend.o *crtend?.o) .dtors)
 *(SORT(.dtors.*))
 *(.dtors)
                0x00001ad8                __DTOR_END__ = .

.preinit_array  0x00001ad8        0x0
                0x00001ad8                PROVIDE (__preinit_array_start, .)
 *(.preinit_array*)
                0x00001ad8                PROVIDE (__preinit_array_end, .)

.init_array     0x00001ad8        0x8
                0x00001ad8                PROVIDE (__init_array_start, .)
 *(SORT(.init_array.*))
 .init_array.00000
                0x00001ad8        0x4 C:/NXP/S32DS_ARM_v2.2/S32DS/build_tools/gcc_v4.9/gcc-arm-none-eabi-4_9/arm-none-eabi/newlib/lib/armv7e-m\libc.a(lib_a-__call_atexit.o)
 *(.init_array*)
 .init_array    0x00001adc        0x4 c:/nxp/s32ds_arm_v2.2/s32ds/build_tools/gcc_v4.9/gcc-arm-none-eabi-4_9/bin/../lib/gcc/arm-none-eabi/4.9.3/armv7e-m/crtbegin.o
                0x00001ae0                PROVIDE (__init_array_end, .)

.fini_array     0x00001ae0        0x4
                0x00001ae0                PROVIDE (__fini_array_start, .)
 *(SORT(.fini_array.*))
 *(.fini_array*)
 .fini_array    0x00001ae0        0x4 c:/nxp/s32ds_arm_v2.2/s32ds/build_tools/gcc_v4.9/gcc-arm-none-eabi-4_9/bin/../lib/gcc/arm-none-eabi/4.9.3/armv7e-m/crtbegin.o
                0x00001ae4                PROVIDE (__fini_array_end, .)
                0x00001ae4                __etext = .
                0x00001ae4                __DATA_ROM = .

.interrupts_ram
                0x1fff8000      0x400
                0x1fff8000                . = ALIGN (0x4)
                0x1fff8000                __VECTOR_RAM__ = .
                0x1fff8000                __RAM_START = .
                0x1fff8000                __interrupts_ram_start__ = .
 *(.m_interrupts_ram)
                0x1fff8400                . = (. + M_VECTOR_RAM_SIZE)
 *fill*         0x1fff8000      0x400 
                0x1fff8400                . = ALIGN (0x4)
                0x1fff8400                __interrupts_ram_end__ = .
                0x1fff8000                __VECTOR_RAM = DEFINED (__flash_vector_table__)?ORIGIN (m_interrupts):__VECTOR_RAM__
                0x00000400                __RAM_VECTOR_TABLE_SIZE = DEFINED (__flash_vector_table__)?0x0:(__interrupts_ram_end__ - __interrupts_ram_start__)

.data           0x1fff8400      0x434 load address 0x00001ae4
                0x1fff8400                . = ALIGN (0x4)
                0x1fff8400                __DATA_RAM = .
                0x1fff8400                __data_start__ = .
 *(.data)
 *(.data*)
 .data.Date     0x1fff8400        0x8 ./src/main.o
                0x1fff8400                Date
 .data.impure_data
                0x1fff8408      0x428 C:/NXP/S32DS_ARM_v2.2/S32DS/build_tools/gcc_v4.9/gcc-arm-none-eabi-4_9/arm-none-eabi/newlib/lib/armv7e-m\libc.a(lib_a-impure.o)
 *(.jcr*)
 .jcr           0x1fff8830        0x0 c:/nxp/s32ds_arm_v2.2/s32ds/build_tools/gcc_v4.9/gcc-arm-none-eabi-4_9/bin/../lib/gcc/arm-none-eabi/4.9.3/armv7e-m/crtbegin.o
 .jcr           0x1fff8830        0x4 c:/nxp/s32ds_arm_v2.2/s32ds/build_tools/gcc_v4.9/gcc-arm-none-eabi-4_9/bin/../lib/gcc/arm-none-eabi/4.9.3/armv7e-m/crtend.o
                0x1fff8834                . = ALIGN (0x4)
                0x1fff8834                __data_end__ = .
                0x00001f18                __DATA_END = (__DATA_ROM + (__data_end__ - __data_start__))
                0x00001f18                __CODE_ROM = __DATA_END

.igot.plt       0x1fff8834        0x0 load address 0x00001f18
 .igot.plt      0x00000000        0x0 c:/nxp/s32ds_arm_v2.2/s32ds/build_tools/gcc_v4.9/gcc-arm-none-eabi-4_9/bin/../lib/gcc/arm-none-eabi/4.9.3/armv7e-m/crtbegin.o

.code           0x1fff8834        0x0 load address 0x00001f18
                0x1fff8834                . = ALIGN (0x4)
                0x1fff8834                __CODE_RAM = .
                0x1fff8834                __code_start__ = .
                0x1fff8834                __code_ram_start__ = .
 *(.code_ram)
                0x1fff8834                . = ALIGN (0x4)
                0x1fff8834                __code_end__ = .
                0x1fff8834                __code_ram_end__ = .
                0x00001f18                __CODE_END = (__CODE_ROM + (__code_end__ - __code_start__))
                0x00001f18                __CUSTOM_ROM = __CODE_END

.customSectionBlock
                0x20000000        0x0 load address 0x00001f18
                0x20000000                __customSection_start__ = .
 *(.customSection)
                0x20000000                __customSection_end__ = .
                0x00001f18                __CUSTOM_END = (__CUSTOM_ROM + (__customSection_end__ - __customSection_start__))

.bss            0x20000000       0x84
                0x20000000                . = ALIGN (0x4)
                0x20000000                __BSS_START = .
                0x20000000                __bss_start__ = .
 *(.bss)
 .bss           0x20000000       0x1c c:/nxp/s32ds_arm_v2.2/s32ds/build_tools/gcc_v4.9/gcc-arm-none-eabi-4_9/bin/../lib/gcc/arm-none-eabi/4.9.3/armv7e-m/crtbegin.o
 *(.bss*)
 .bss.Time      0x2000001c        0x8 ./src/main.o
                0x2000001c                Time
 *(COMMON)
 COMMON         0x20000024       0x5e ./src/main.o
                0x20000024                u8Month
                0x20000025                u8Minute
                0x20000028                lpit
                0x20000044                u8Second
                0x20000048                lpspi1
                0x2000005c                u16Year
                0x2000005e                u8Date
                0x20000060                lpuart2
                0x20000080                u8Hour
                0x20000081                u8Flag
                0x20000084                . = ALIGN (0x4)
 *fill*         0x20000082        0x2 
                0x20000084                __bss_end__ = .
                0x20000084                __BSS_END = .

.heap           0x20000084      0x404
                0x20000088                . = ALIGN (0x8)
 *fill*         0x20000084        0x4 
                0x20000088                __end__ = .
                0x20000088                __heap_start__ = .
                0x20000088                PROVIDE (end, .)
                0x20000088                PROVIDE (_end, .)
                0x20000088                PROVIDE (__end, .)
                0x20000088                __HeapBase = .
                0x20000488                . = (. + HEAP_SIZE)
 *fill*         0x20000088      0x400 
                0x20000488                __HeapLimit = .
                0x20000488                __heap_limit = .
                0x20000488                __heap_end__ = .
                0x20007000                __StackTop = (ORIGIN (m_data_2) + 0x7000)
                0x20006c00                __StackLimit = (__StackTop - STACK_SIZE)
                0x20007000                PROVIDE (__stack, __StackTop)
                0x20007000                __RAM_END = __StackTop

.stack          0x20006c00      0x400
                0x20006c00                . = ALIGN (0x8)
                0x20006c00                __stack_start__ = .
                0x20007000                . = (. + STACK_SIZE)
 *fill*         0x20006c00      0x400 
                0x20007000                __stack_end__ = .
                0x20000000                __START_BSS = __BSS_START
                0x20000084                __END_BSS = __BSS_END
                0x20007000                __SP_INIT = __StackTop

.ARM.attributes
                0x00000000       0x2a
 *(.ARM.attributes)
 .ARM.attributes
                0x00000000       0x1e c:/nxp/s32ds_arm_v2.2/s32ds/build_tools/gcc_v4.9/gcc-arm-none-eabi-4_9/bin/../lib/gcc/arm-none-eabi/4.9.3/armv7e-m/crti.o
 .ARM.attributes
                0x0000001e       0x2e c:/nxp/s32ds_arm_v2.2/s32ds/build_tools/gcc_v4.9/gcc-arm-none-eabi-4_9/bin/../lib/gcc/arm-none-eabi/4.9.3/armv7e-m/crtbegin.o
 .ARM.attributes
                0x0000004c       0x1c C:/NXP/S32DS_ARM_v2.2/S32DS/build_tools/gcc_v4.9/gcc-arm-none-eabi-4_9/arm-none-eabi/newlib/lib/armv7e-m/crt0.o
 .ARM.attributes
                0x00000068       0x33 ./Drivers/clock.o
 .ARM.attributes
                0x0000009b       0x33 ./Drivers/lpit.o
 .ARM.attributes
                0x000000ce       0x33 ./Drivers/lpspi.o
 .ARM.attributes
                0x00000101       0x33 ./Drivers/lpuart.o
 .ARM.attributes
                0x00000134       0x33 ./Drivers/nvic.o
 .ARM.attributes
                0x00000167       0x33 ./Drivers/port.o
 .ARM.attributes
                0x0000019a       0x33 ./Drivers/sevenseg.o
 .ARM.attributes
                0x000001cd       0x33 ./Project_Settings/Startup_Code/startup.o
 .ARM.attributes
                0x00000200       0x1b ./Project_Settings/Startup_Code/startup_S32K144.o
 .ARM.attributes
                0x0000021b       0x33 ./Project_Settings/Startup_Code/system_S32K144.o
 .ARM.attributes
                0x0000024e       0x33 ./src/main.o
 .ARM.attributes
                0x00000281       0x2e C:/NXP/S32DS_ARM_v2.2/S32DS/build_tools/gcc_v4.9/gcc-arm-none-eabi-4_9/arm-none-eabi/newlib/lib/armv7e-m\libc.a(lib_a-exit.o)
 .ARM.attributes
                0x000002af       0x2e C:/NXP/S32DS_ARM_v2.2/S32DS/build_tools/gcc_v4.9/gcc-arm-none-eabi-4_9/arm-none-eabi/newlib/lib/armv7e-m\libc.a(lib_a-impure.o)
 .ARM.attributes
                0x000002dd       0x2e C:/NXP/S32DS_ARM_v2.2/S32DS/build_tools/gcc_v4.9/gcc-arm-none-eabi-4_9/arm-none-eabi/newlib/lib/armv7e-m\libc.a(lib_a-init.o)
 .ARM.attributes
                0x0000030b       0x2e C:/NXP/S32DS_ARM_v2.2/S32DS/build_tools/gcc_v4.9/gcc-arm-none-eabi-4_9/arm-none-eabi/newlib/lib/armv7e-m\libc.a(lib_a-memset.o)
 .ARM.attributes
                0x00000339       0x2e C:/NXP/S32DS_ARM_v2.2/S32DS/build_tools/gcc_v4.9/gcc-arm-none-eabi-4_9/arm-none-eabi/newlib/lib/armv7e-m\libc.a(lib_a-__call_atexit.o)
 .ARM.attributes
                0x00000367       0x2e C:/NXP/S32DS_ARM_v2.2/S32DS/build_tools/gcc_v4.9/gcc-arm-none-eabi-4_9/arm-none-eabi/newlib/lib/armv7e-m\libc.a(lib_a-atexit.o)
 .ARM.attributes
                0x00000395       0x2e C:/NXP/S32DS_ARM_v2.2/S32DS/build_tools/gcc_v4.9/gcc-arm-none-eabi-4_9/arm-none-eabi/newlib/lib/armv7e-m\libc.a(lib_a-fini.o)
 .ARM.attributes
                0x000003c3       0x2e C:/NXP/S32DS_ARM_v2.2/S32DS/build_tools/gcc_v4.9/gcc-arm-none-eabi-4_9/arm-none-eabi/newlib/lib/armv7e-m\libc.a(lib_a-__atexit.o)
 .ARM.attributes
                0x000003f1       0x2e C:/NXP/S32DS_ARM_v2.2/S32DS/build_tools/gcc_v4.9/gcc-arm-none-eabi-4_9/arm-none-eabi/newlib/lib/armv7e-m\libnosys.a(_exit.o)
 .ARM.attributes
                0x0000041f       0x2e c:/nxp/s32ds_arm_v2.2/s32ds/build_tools/gcc_v4.9/gcc-arm-none-eabi-4_9/bin/../lib/gcc/arm-none-eabi/4.9.3/armv7e-m/crtend.o
 .ARM.attributes
                0x0000044d       0x1e c:/nxp/s32ds_arm_v2.2/s32ds/build_tools/gcc_v4.9/gcc-arm-none-eabi-4_9/bin/../lib/gcc/arm-none-eabi/4.9.3/armv7e-m/crtn.o
                0x00000001                ASSERT ((__StackLimit >= __HeapLimit), region m_data_2 overflowed with stack and heap)
OUTPUT(MockProject.elf elf32-littlearm)

.debug_info     0x00000000     0x3b51
 .debug_info    0x00000000      0x7cf ./Drivers/clock.o
 .debug_info    0x000007cf      0x5e6 ./Drivers/lpit.o
 .debug_info    0x00000db5      0x712 ./Drivers/lpspi.o
 .debug_info    0x000014c7      0x80c ./Drivers/lpuart.o
 .debug_info    0x00001cd3      0x1c6 ./Drivers/nvic.o
 .debug_info    0x00001e99      0x745 ./Drivers/port.o
 .debug_info    0x000025de      0x27a ./Drivers/sevenseg.o
 .debug_info    0x00002858      0x49c ./Project_Settings/Startup_Code/startup.o
 .debug_info    0x00002cf4       0x93 ./Project_Settings/Startup_Code/startup_S32K144.o
 .debug_info    0x00002d87      0x516 ./Project_Settings/Startup_Code/system_S32K144.o
 .debug_info    0x0000329d      0x8b4 ./src/main.o

.debug_abbrev   0x00000000      0xc7d
 .debug_abbrev  0x00000000      0x16e ./Drivers/clock.o
 .debug_abbrev  0x0000016e      0x145 ./Drivers/lpit.o
 .debug_abbrev  0x000002b3      0x138 ./Drivers/lpspi.o
 .debug_abbrev  0x000003eb      0x1a5 ./Drivers/lpuart.o
 .debug_abbrev  0x00000590       0xbf ./Drivers/nvic.o
 .debug_abbrev  0x0000064f      0x167 ./Drivers/port.o
 .debug_abbrev  0x000007b6       0xfe ./Drivers/sevenseg.o
 .debug_abbrev  0x000008b4      0x101 ./Project_Settings/Startup_Code/startup.o
 .debug_abbrev  0x000009b5       0x14 ./Project_Settings/Startup_Code/startup_S32K144.o
 .debug_abbrev  0x000009c9      0x118 ./Project_Settings/Startup_Code/system_S32K144.o
 .debug_abbrev  0x00000ae1      0x19c ./src/main.o

.debug_aranges  0x00000000      0x2c8
 .debug_aranges
                0x00000000       0x58 ./Drivers/clock.o
 .debug_aranges
                0x00000058       0x38 ./Drivers/lpit.o
 .debug_aranges
                0x00000090       0x48 ./Drivers/lpspi.o
 .debug_aranges
                0x000000d8       0x70 ./Drivers/lpuart.o
 .debug_aranges
                0x00000148       0x20 ./Drivers/nvic.o
 .debug_aranges
                0x00000168       0x68 ./Drivers/port.o
 .debug_aranges
                0x000001d0       0x40 ./Drivers/sevenseg.o
 .debug_aranges
                0x00000210       0x20 ./Project_Settings/Startup_Code/startup.o
 .debug_aranges
                0x00000230       0x20 ./Project_Settings/Startup_Code/startup_S32K144.o
 .debug_aranges
                0x00000250       0x30 ./Project_Settings/Startup_Code/system_S32K144.o
 .debug_aranges
                0x00000280       0x48 ./src/main.o

.debug_ranges   0x00000000      0x208
 .debug_ranges  0x00000000       0x48 ./Drivers/clock.o
 .debug_ranges  0x00000048       0x28 ./Drivers/lpit.o
 .debug_ranges  0x00000070       0x38 ./Drivers/lpspi.o
 .debug_ranges  0x000000a8       0x60 ./Drivers/lpuart.o
 .debug_ranges  0x00000108       0x10 ./Drivers/nvic.o
 .debug_ranges  0x00000118       0x58 ./Drivers/port.o
 .debug_ranges  0x00000170       0x30 ./Drivers/sevenseg.o
 .debug_ranges  0x000001a0       0x10 ./Project_Settings/Startup_Code/startup.o
 .debug_ranges  0x000001b0       0x20 ./Project_Settings/Startup_Code/system_S32K144.o
 .debug_ranges  0x000001d0       0x38 ./src/main.o

.debug_macro    0x00000000    0x1fbd1
 .debug_macro   0x00000000       0x29 ./Drivers/clock.o
 .debug_macro   0x00000029       0xee ./Drivers/clock.o
 .debug_macro   0x00000117       0x29 ./Drivers/lpit.o
 .debug_macro   0x00000140      0x136 ./Drivers/lpit.o
 .debug_macro   0x00000276       0x29 ./Drivers/lpspi.o
 .debug_macro   0x0000029f      0x278 ./Drivers/lpspi.o
 .debug_macro   0x00000517       0x29 ./Drivers/lpuart.o
 .debug_macro   0x00000540      0x18f ./Drivers/lpuart.o
 .debug_macro   0x000006cf       0x24 ./Drivers/nvic.o
 .debug_macro   0x000006f3       0x29 ./Drivers/port.o
 .debug_macro   0x0000071c       0x82 ./Drivers/port.o
 .debug_macro   0x0000079e       0x32 ./Drivers/sevenseg.o
 .debug_macro   0x000007d0      0x27e ./Drivers/sevenseg.o
 .debug_macro   0x00000a4e      0x12a ./Drivers/sevenseg.o
 .debug_macro   0x00000b78       0xa6 ./Project_Settings/Startup_Code/startup.o
 .debug_macro   0x00000c1e       0x22 ./Project_Settings/Startup_Code/startup.o
 .debug_macro   0x00000c40       0x44 ./Project_Settings/Startup_Code/startup.o
 .debug_macro   0x00000c84       0xe3 ./Project_Settings/Startup_Code/startup.o
 .debug_macro   0x00000d67       0x22 ./Project_Settings/Startup_Code/startup.o
 .debug_macro   0x00000d89      0x1df ./Project_Settings/Startup_Code/startup.o
 .debug_macro   0x00000f68       0x10 ./Project_Settings/Startup_Code/startup.o
 .debug_macro   0x00000f78       0x7a ./Project_Settings/Startup_Code/startup.o
 .debug_macro   0x00000ff2     0xed32 ./Project_Settings/Startup_Code/startup.o
 .debug_macro   0x0000fd24      0xb86 ./Project_Settings/Startup_Code/startup.o
 .debug_macro   0x000108aa       0x22 ./Project_Settings/Startup_Code/startup.o
 .debug_macro   0x000108cc       0x40 ./Project_Settings/Startup_Code/startup.o
 .debug_macro   0x0001090c       0xa6 ./Project_Settings/Startup_Code/system_S32K144.o
 .debug_macro   0x000109b2       0x19 ./Project_Settings/Startup_Code/system_S32K144.o
 .debug_macro   0x000109cb     0xed1d ./Project_Settings/Startup_Code/system_S32K144.o
 .debug_macro   0x0001f6e8       0x28 ./Project_Settings/Startup_Code/system_S32K144.o
 .debug_macro   0x0001f710       0x74 ./src/main.o
 .debug_macro   0x0001f784       0x88 ./src/main.o
 .debug_macro   0x0001f80c      0x13c ./src/main.o
 .debug_macro   0x0001f948       0xf4 ./src/main.o
 .debug_macro   0x0001fa3c      0x195 ./src/main.o

.debug_line     0x00000000     0x1022
 .debug_line    0x00000000      0x16f ./Drivers/clock.o
 .debug_line    0x0000016f       0xcd ./Drivers/lpit.o
 .debug_line    0x0000023c      0x114 ./Drivers/lpspi.o
 .debug_line    0x00000350      0x1ca ./Drivers/lpuart.o
 .debug_line    0x0000051a       0x65 ./Drivers/nvic.o
 .debug_line    0x0000057f      0x126 ./Drivers/port.o
 .debug_line    0x000006a5       0xd5 ./Drivers/sevenseg.o
 .debug_line    0x0000077a      0x325 ./Project_Settings/Startup_Code/startup.o
 .debug_line    0x00000a9f       0x94 ./Project_Settings/Startup_Code/startup_S32K144.o
 .debug_line    0x00000b33      0x340 ./Project_Settings/Startup_Code/system_S32K144.o
 .debug_line    0x00000e73      0x1af ./src/main.o

.debug_str      0x00000000    0x6b2c9
 .debug_str     0x00000000     0x317a ./Drivers/clock.o
                               0x31c9 (size before relaxing)
 .debug_str     0x0000317a      0x652 ./Drivers/lpit.o
                               0x32f5 (size before relaxing)
 .debug_str     0x000037cc      0xbf3 ./Drivers/lpspi.o
                               0x38a8 (size before relaxing)
 .debug_str     0x000043bf      0x861 ./Drivers/lpuart.o
                               0x3513 (size before relaxing)
 .debug_str     0x00004c20       0x76 ./Drivers/nvic.o
                               0x2b84 (size before relaxing)
 .debug_str     0x00004c96      0x374 ./Drivers/port.o
                               0x2ff1 (size before relaxing)
 .debug_str     0x0000500a      0x448 ./Drivers/sevenseg.o
                               0x39f3 (size before relaxing)
 .debug_str     0x00005452    0x65c10 ./Project_Settings/Startup_Code/startup.o
                              0x685b0 (size before relaxing)
 .debug_str     0x0006b062      0x16d ./Project_Settings/Startup_Code/system_S32K144.o
                              0x68421 (size before relaxing)
 .debug_str     0x0006b1cf       0xfa ./src/main.o
                               0x4dd6 (size before relaxing)

.comment        0x00000000       0x70
 .comment       0x00000000       0x70 ./Drivers/clock.o
                                 0x71 (size before relaxing)
 .comment       0x00000000       0x71 ./Drivers/lpit.o
 .comment       0x00000000       0x71 ./Drivers/lpspi.o
 .comment       0x00000000       0x71 ./Drivers/lpuart.o
 .comment       0x00000000       0x71 ./Drivers/nvic.o
 .comment       0x00000000       0x71 ./Drivers/port.o
 .comment       0x00000000       0x71 ./Drivers/sevenseg.o
 .comment       0x00000000       0x71 ./Project_Settings/Startup_Code/startup.o
 .comment       0x00000000       0x71 ./Project_Settings/Startup_Code/system_S32K144.o
 .comment       0x00000000       0x71 ./src/main.o

.debug_frame    0x00000000      0xa58
 .debug_frame   0x00000000      0x150 ./Drivers/clock.o
 .debug_frame   0x00000150       0xb0 ./Drivers/lpit.o
 .debug_frame   0x00000200      0x100 ./Drivers/lpspi.o
 .debug_frame   0x00000300      0x1c4 ./Drivers/lpuart.o
 .debug_frame   0x000004c4       0x38 ./Drivers/nvic.o
 .debug_frame   0x000004fc      0x1a0 ./Drivers/port.o
 .debug_frame   0x0000069c       0xac ./Drivers/sevenseg.o
 .debug_frame   0x00000748       0x38 ./Project_Settings/Startup_Code/startup.o
 .debug_frame   0x00000780       0x80 ./Project_Settings/Startup_Code/system_S32K144.o
 .debug_frame   0x00000800       0xd8 ./src/main.o
 .debug_frame   0x000008d8       0x28 C:/NXP/S32DS_ARM_v2.2/S32DS/build_tools/gcc_v4.9/gcc-arm-none-eabi-4_9/arm-none-eabi/newlib/lib/armv7e-m\libc.a(lib_a-exit.o)
 .debug_frame   0x00000900       0x2c C:/NXP/S32DS_ARM_v2.2/S32DS/build_tools/gcc_v4.9/gcc-arm-none-eabi-4_9/arm-none-eabi/newlib/lib/armv7e-m\libc.a(lib_a-init.o)
 .debug_frame   0x0000092c       0x34 C:/NXP/S32DS_ARM_v2.2/S32DS/build_tools/gcc_v4.9/gcc-arm-none-eabi-4_9/arm-none-eabi/newlib/lib/armv7e-m\libc.a(lib_a-memset.o)
 .debug_frame   0x00000960       0x50 C:/NXP/S32DS_ARM_v2.2/S32DS/build_tools/gcc_v4.9/gcc-arm-none-eabi-4_9/arm-none-eabi/newlib/lib/armv7e-m\libc.a(lib_a-__call_atexit.o)
 .debug_frame   0x000009b0       0x20 C:/NXP/S32DS_ARM_v2.2/S32DS/build_tools/gcc_v4.9/gcc-arm-none-eabi-4_9/arm-none-eabi/newlib/lib/armv7e-m\libc.a(lib_a-atexit.o)
 .debug_frame   0x000009d0       0x34 C:/NXP/S32DS_ARM_v2.2/S32DS/build_tools/gcc_v4.9/gcc-arm-none-eabi-4_9/arm-none-eabi/newlib/lib/armv7e-m\libc.a(lib_a-fini.o)
 .debug_frame   0x00000a04       0x34 C:/NXP/S32DS_ARM_v2.2/S32DS/build_tools/gcc_v4.9/gcc-arm-none-eabi-4_9/arm-none-eabi/newlib/lib/armv7e-m\libc.a(lib_a-__atexit.o)
 .debug_frame   0x00000a38       0x20 C:/NXP/S32DS_ARM_v2.2/S32DS/build_tools/gcc_v4.9/gcc-arm-none-eabi-4_9/arm-none-eabi/newlib/lib/armv7e-m\libnosys.a(_exit.o)
