Archive member included to satisfy reference by file (symbol)

c:/st/stm32cubeide_1.12.1/stm32cubeide/plugins/com.st.stm32cube.ide.mcu.externaltools.gnu-tools-for-stm32.10.3-2021.10.win32_1.0.200.202301161003/tools/bin/../lib/gcc/arm-none-eabi/10.3.1/../../../../arm-none-eabi/lib/thumb/v7e-m+fp/hard\libc_nano.a(lib_a-calloc.o)
                              ./Inc/TuNN41_OsKernel.o (calloc)
c:/st/stm32cubeide_1.12.1/stm32cubeide/plugins/com.st.stm32cube.ide.mcu.externaltools.gnu-tools-for-stm32.10.3-2021.10.win32_1.0.200.202301161003/tools/bin/../lib/gcc/arm-none-eabi/10.3.1/../../../../arm-none-eabi/lib/thumb/v7e-m+fp/hard\libc_nano.a(lib_a-errno.o)
                              ./Src/syscalls.o (__errno)
c:/st/stm32cubeide_1.12.1/stm32cubeide/plugins/com.st.stm32cube.ide.mcu.externaltools.gnu-tools-for-stm32.10.3-2021.10.win32_1.0.200.202301161003/tools/bin/../lib/gcc/arm-none-eabi/10.3.1/../../../../arm-none-eabi/lib/thumb/v7e-m+fp/hard\libc_nano.a(lib_a-exit.o)
                              c:/st/stm32cubeide_1.12.1/stm32cubeide/plugins/com.st.stm32cube.ide.mcu.externaltools.gnu-tools-for-stm32.10.3-2021.10.win32_1.0.200.202301161003/tools/bin/../lib/gcc/arm-none-eabi/10.3.1/../../../../arm-none-eabi/lib/thumb/v7e-m+fp/hard/crt0.o (exit)
c:/st/stm32cubeide_1.12.1/stm32cubeide/plugins/com.st.stm32cube.ide.mcu.externaltools.gnu-tools-for-stm32.10.3-2021.10.win32_1.0.200.202301161003/tools/bin/../lib/gcc/arm-none-eabi/10.3.1/../../../../arm-none-eabi/lib/thumb/v7e-m+fp/hard\libc_nano.a(lib_a-impure.o)
                              c:/st/stm32cubeide_1.12.1/stm32cubeide/plugins/com.st.stm32cube.ide.mcu.externaltools.gnu-tools-for-stm32.10.3-2021.10.win32_1.0.200.202301161003/tools/bin/../lib/gcc/arm-none-eabi/10.3.1/../../../../arm-none-eabi/lib/thumb/v7e-m+fp/hard\libc_nano.a(lib_a-exit.o) (_global_impure_ptr)
c:/st/stm32cubeide_1.12.1/stm32cubeide/plugins/com.st.stm32cube.ide.mcu.externaltools.gnu-tools-for-stm32.10.3-2021.10.win32_1.0.200.202301161003/tools/bin/../lib/gcc/arm-none-eabi/10.3.1/../../../../arm-none-eabi/lib/thumb/v7e-m+fp/hard\libc_nano.a(lib_a-init.o)
                              c:/st/stm32cubeide_1.12.1/stm32cubeide/plugins/com.st.stm32cube.ide.mcu.externaltools.gnu-tools-for-stm32.10.3-2021.10.win32_1.0.200.202301161003/tools/bin/../lib/gcc/arm-none-eabi/10.3.1/../../../../arm-none-eabi/lib/thumb/v7e-m+fp/hard/crt0.o (__libc_init_array)
c:/st/stm32cubeide_1.12.1/stm32cubeide/plugins/com.st.stm32cube.ide.mcu.externaltools.gnu-tools-for-stm32.10.3-2021.10.win32_1.0.200.202301161003/tools/bin/../lib/gcc/arm-none-eabi/10.3.1/../../../../arm-none-eabi/lib/thumb/v7e-m+fp/hard\libc_nano.a(lib_a-malloc.o)
                              ./Inc/TuNN41_OsKernel.o (free)
c:/st/stm32cubeide_1.12.1/stm32cubeide/plugins/com.st.stm32cube.ide.mcu.externaltools.gnu-tools-for-stm32.10.3-2021.10.win32_1.0.200.202301161003/tools/bin/../lib/gcc/arm-none-eabi/10.3.1/../../../../arm-none-eabi/lib/thumb/v7e-m+fp/hard\libc_nano.a(lib_a-memset.o)
                              c:/st/stm32cubeide_1.12.1/stm32cubeide/plugins/com.st.stm32cube.ide.mcu.externaltools.gnu-tools-for-stm32.10.3-2021.10.win32_1.0.200.202301161003/tools/bin/../lib/gcc/arm-none-eabi/10.3.1/../../../../arm-none-eabi/lib/thumb/v7e-m+fp/hard/crt0.o (memset)
c:/st/stm32cubeide_1.12.1/stm32cubeide/plugins/com.st.stm32cube.ide.mcu.externaltools.gnu-tools-for-stm32.10.3-2021.10.win32_1.0.200.202301161003/tools/bin/../lib/gcc/arm-none-eabi/10.3.1/../../../../arm-none-eabi/lib/thumb/v7e-m+fp/hard\libc_nano.a(lib_a-nano-callocr.o)
                              c:/st/stm32cubeide_1.12.1/stm32cubeide/plugins/com.st.stm32cube.ide.mcu.externaltools.gnu-tools-for-stm32.10.3-2021.10.win32_1.0.200.202301161003/tools/bin/../lib/gcc/arm-none-eabi/10.3.1/../../../../arm-none-eabi/lib/thumb/v7e-m+fp/hard\libc_nano.a(lib_a-calloc.o) (_calloc_r)
c:/st/stm32cubeide_1.12.1/stm32cubeide/plugins/com.st.stm32cube.ide.mcu.externaltools.gnu-tools-for-stm32.10.3-2021.10.win32_1.0.200.202301161003/tools/bin/../lib/gcc/arm-none-eabi/10.3.1/../../../../arm-none-eabi/lib/thumb/v7e-m+fp/hard\libc_nano.a(lib_a-nano-freer.o)
                              c:/st/stm32cubeide_1.12.1/stm32cubeide/plugins/com.st.stm32cube.ide.mcu.externaltools.gnu-tools-for-stm32.10.3-2021.10.win32_1.0.200.202301161003/tools/bin/../lib/gcc/arm-none-eabi/10.3.1/../../../../arm-none-eabi/lib/thumb/v7e-m+fp/hard\libc_nano.a(lib_a-malloc.o) (_free_r)
c:/st/stm32cubeide_1.12.1/stm32cubeide/plugins/com.st.stm32cube.ide.mcu.externaltools.gnu-tools-for-stm32.10.3-2021.10.win32_1.0.200.202301161003/tools/bin/../lib/gcc/arm-none-eabi/10.3.1/../../../../arm-none-eabi/lib/thumb/v7e-m+fp/hard\libc_nano.a(lib_a-nano-mallocr.o)
[...]
Memory Configuration

Name             Origin             Length             Attributes
RAM              0x0000000020000000 0x0000000000020000 xrw
FLASH            0x0000000008000000 0x0000000000080000 xr
*default*        0x0000000000000000 0xffffffffffffffff

Linker script and memory map

LOAD c:/st/stm32cubeide_1.12.1/stm32cubeide/plugins/com.st.stm32cube.ide.mcu.externaltools.gnu-tools-for-stm32.10.3-2021.10.win32_1.0.200.202301161003/tools/bin/../lib/gcc/arm-none-eabi/10.3.1/thumb/v7e-m+fp/hard/crti.o
LOAD c:/st/stm32cubeide_1.12.1/stm32cubeide/plugins/com.st.stm32cube.ide.mcu.externaltools.gnu-tools-for-stm32.10.3-2021.10.win32_1.0.200.202301161003/tools/bin/../lib/gcc/arm-none-eabi/10.3.1/thumb/v7e-m+fp/hard/crtbegin.o
LOAD c:/st/stm32cubeide_1.12.1/stm32cubeide/plugins/com.st.stm32cube.ide.mcu.externaltools.gnu-tools-for-stm32.10.3-2021.10.win32_1.0.200.202301161003/tools/bin/../lib/gcc/arm-none-eabi/10.3.1/../../../../arm-none-eabi/lib/thumb/v7e-m+fp/hard/crt0.o
LOAD ./Inc/TuNN41_OsKernel.o
LOAD ./Inc/TuNN41_OsScheduler.o
LOAD ./Inc/gpio2.o
LOAD ./Inc/i2c.o
LOAD ./Inc/nvic.o
LOAD ./Inc/rcc.o
LOAD ./Inc/spi.o
LOAD ./Inc/systick.o
LOAD ./Inc/tim.o
LOAD ./Inc/usart.o
LOAD ./Src/syscalls.o
LOAD ./Src/sysmem.o
LOAD ./Src/test_interrupt.o
LOAD ./Startup/startup_stm32f411vetx.o
START GROUP
LOAD c:/st/stm32cubeide_1.12.1/stm32cubeide/plugins/com.st.stm32cube.ide.mcu.externaltools.gnu-tools-for-stm32.10.3-2021.10.win32_1.0.200.202301161003/tools/bin/../lib/gcc/arm-none-eabi/10.3.1/../../../../arm-none-eabi/lib/thumb/v7e-m+fp/hard\libc_nano.a
LOAD c:/st/stm32cubeide_1.12.1/stm32cubeide/plugins/com.st.stm32cube.ide.mcu.externaltools.gnu-tools-for-stm32.10.3-2021.10.win32_1.0.200.202301161003/tools/bin/../lib/gcc/arm-none-eabi/10.3.1/../../../../arm-none-eabi/lib/thumb/v7e-m+fp/hard\libm.a
END GROUP
START GROUP
LOAD c:/st/stm32cubeide_1.12.1/stm32cubeide/plugins/com.st.stm32cube.ide.mcu.externaltools.gnu-tools-for-stm32.10.3-2021.10.win32_1.0.200.202301161003/tools/bin/../lib/gcc/arm-none-eabi/10.3.1/thumb/v7e-m+fp/hard\libgcc.a
LOAD c:/st/stm32cubeide_1.12.1/stm32cubeide/plugins/com.st.stm32cube.ide.mcu.externaltools.gnu-tools-for-stm32.10.3-2021.10.win32_1.0.200.202301161003/tools/bin/../lib/gcc/arm-none-eabi/10.3.1/../../../../arm-none-eabi/lib/thumb/v7e-m+fp/hard\libc_nano.a
END GROUP
START GROUP
LOAD c:/st/stm32cubeide_1.12.1/stm32cubeide/plugins/com.st.stm32cube.ide.mcu.externaltools.gnu-tools-for-stm32.10.3-2021.10.win32_1.0.200.202301161003/tools/bin/../lib/gcc/arm-none-eabi/10.3.1/thumb/v7e-m+fp/hard\libgcc.a
LOAD c:/st/stm32cubeide_1.12.1/stm32cubeide/plugins/com.st.stm32cube.ide.mcu.externaltools.gnu-tools-for-stm32.10.3-2021.10.win32_1.0.200.202301161003/tools/bin/../lib/gcc/arm-none-eabi/10.3.1/../../../../arm-none-eabi/lib/thumb/v7e-m+fp/hard\libc_nano.a
LOAD c:/st/stm32cubeide_1.12.1/stm32cubeide/plugins/com.st.stm32cube.ide.mcu.externaltools.gnu-tools-for-stm32.10.3-2021.10.win32_1.0.200.202301161003/tools/bin/../lib/gcc/arm-none-eabi/10.3.1/../../../../arm-none-eabi/lib/thumb/v7e-m+fp/hard\libnosys.a
END GROUP
START GROUP
LOAD c:/st/stm32cubeide_1.12.1/stm32cubeide/plugins/com.st.stm32cube.ide.mcu.externaltools.gnu-tools-for-stm32.10.3-2021.10.win32_1.0.200.202301161003/tools/bin/../lib/gcc/arm-none-eabi/10.3.1/thumb/v7e-m+fp/hard\libgcc.a
LOAD c:/st/stm32cubeide_1.12.1/stm32cubeide/plugins/com.st.stm32cube.ide.mcu.externaltools.gnu-tools-for-stm32.10.3-2021.10.win32_1.0.200.202301161003/tools/bin/../lib/gcc/arm-none-eabi/10.3.1/../../../../arm-none-eabi/lib/thumb/v7e-m+fp/hard\libc_nano.a
LOAD c:/st/stm32cubeide_1.12.1/stm32cubeide/plugins/com.st.stm32cube.ide.mcu.externaltools.gnu-tools-for-stm32.10.3-2021.10.win32_1.0.200.202301161003/tools/bin/../lib/gcc/arm-none-eabi/10.3.1/../../../../arm-none-eabi/lib/thumb/v7e-m+fp/hard\libnosys.a
END GROUP
LOAD c:/st/stm32cubeide_1.12.1/stm32cubeide/plugins/com.st.stm32cube.ide.mcu.externaltools.gnu-tools-for-stm32.10.3-2021.10.win32_1.0.200.202301161003/tools/bin/../lib/gcc/arm-none-eabi/10.3.1/thumb/v7e-m+fp/hard/crtend.o
LOAD c:/st/stm32cubeide_1.12.1/stm32cubeide/plugins/com.st.stm32cube.ide.mcu.externaltools.gnu-tools-for-stm32.10.3-2021.10.win32_1.0.200.202301161003/tools/bin/../lib/gcc/arm-none-eabi/10.3.1/thumb/v7e-m+fp/hard/crtn.o
                0x0000000020020000                _estack = (ORIGIN (RAM) + LENGTH (RAM))
                0x0000000000000200                _Min_Heap_Size = 0x200
                0x0000000000000400                _Min_Stack_Size = 0x400

.isr_vector     0x0000000008000000      0x198
                0x0000000008000000                . = ALIGN (0x4)
 *(.isr_vector)
 .isr_vector    0x0000000008000000      0x198 ./Startup/startup_stm32f411vetx.o
                0x0000000008000000                g_pfnVectors
                0x0000000008000198                . = ALIGN (0x4)

.text           0x0000000008000198     0x1344
                0x0000000008000198                . = ALIGN (0x4)
 *(.text)
 .text          0x0000000008000198       0x40 c:/st/stm32cubeide_1.12.1/stm32cubeide/plugins/com.st.stm32cube.ide.mcu.externaltools.gnu-tools-for-stm32.10.3-2021.10.win32_1.0.200.202301161003/tools/bin/../lib/gcc/arm-none-eabi/10.3.1/thumb/v7e-m+fp/hard/crtbegin.o
 .text          0x00000000080001d8       0x4c ./Inc/TuNN41_OsScheduler.o
                0x00000000080001d8                Os_SchedulerLaunch
                0x00000000080001f8                PendSV_Handler
 *(.text*)
 .text.Os_KernelStackInit
                0x0000000008000224      0x1ac ./Inc/TuNN41_OsKernel.o
                0x0000000008000224                Os_KernelStackInit
 .text.Os_KernelInit
                0x00000000080003d0       0x2c ./Inc/TuNN41_OsKernel.o
                0x00000000080003d0                Os_KernelInit
 .text.Os_KernelLaunch
                0x00000000080003fc       0x60 ./Inc/TuNN41_OsKernel.o
                0x00000000080003fc                Os_KernelLaunch
 .text.Os_ThreadYield
                0x000000000800045c       0x28 ./Inc/TuNN41_OsKernel.o
                0x000000000800045c                Os_ThreadYield
 .text.Os_SemaphoreInit
                0x0000000008000484       0x1c ./Inc/TuNN41_OsKernel.o
                0x0000000008000484                Os_SemaphoreInit
 .text.Os_SemaphoreGive
                0x00000000080004a0       0x22 ./Inc/TuNN41_OsKernel.o
                0x00000000080004a0                Os_SemaphoreGive
 .text.Os_CooperativeWait
                0x00000000080004c2       0x30 ./Inc/TuNN41_OsKernel.o
                0x00000000080004c2                Os_CooperativeWait
 *fill*         0x00000000080004f2        0x2 
 .text.Os_SchedulerRoundRobin
                0x00000000080004f4       0x5c ./Inc/TuNN41_OsKernel.o
                0x00000000080004f4                Os_SchedulerRoundRobin
 .text.SysTick_Handler
                0x0000000008000550       0x20 ./Inc/TuNN41_OsKernel.o
                0x0000000008000550                SysTick_Handler
 .text.Os_KernelAddPeriodicTask
                0x0000000008000570      0x108 ./Inc/TuNN41_OsKernel.o
                0x0000000008000570                Os_KernelAddPeriodicTask
 .text.GPIO_PeriClockControl
                0x0000000008000678      0x148 ./Inc/gpio2.o
                0x0000000008000678                GPIO_PeriClockControl
 .text.GPIO_Init
                0x00000000080007c0      0x304 ./Inc/gpio2.o
                0x00000000080007c0                GPIO_Init
 .text.RCC_GetPLLValue
                0x0000000008000ac4       0x10 ./Inc/rcc.o
                0x0000000008000ac4                RCC_GetPLLValue
 .text.RCC_GetPCLK1Value
                0x0000000008000ad4       0xbc ./Inc/rcc.o
                0x0000000008000ad4                RCC_GetPCLK1Value
 .text.RCC_GetPCLK2Value
                0x0000000008000b90       0xbc ./Inc/rcc.o
                0x0000000008000b90                RCC_GetPCLK2Value
 .text.USART_PeriClockControl
                0x0000000008000c4c       0xb8 ./Inc/usart.o
                0x0000000008000c4c                USART_PeriClockControl
 .text.USART_Init
                0x0000000008000d04      0x168 ./Inc/usart.o
                0x0000000008000d04                USART_Init
 .text.USART_SetBaudRate
                0x0000000008000e6c      0x100 ./Inc/usart.o
                0x0000000008000e6c                USART_SetBaudRate
 .text._sbrk    0x0000000008000f6c       0x6c ./Src/sysmem.o
                0x0000000008000f6c                _sbrk
 .text.ThreadTask
                0x0000000008000fd8       0x24 ./Src/test_interrupt.o
                0x0000000008000fd8                ThreadTask
 .text.ThreadTask2
                0x0000000008000ffc       0x24 ./Src/test_interrupt.o
                0x0000000008000ffc                ThreadTask2
 .text.ThreadTask3
                0x0000000008001020       0x24 ./Src/test_interrupt.o
                0x0000000008001020                ThreadTask3
 .text.ThreadTask4
                0x0000000008001044       0x1c ./Src/test_interrupt.o
                0x0000000008001044                ThreadTask4
 .text.ThreadTask5
                0x0000000008001060       0x1c ./Src/test_interrupt.o
                0x0000000008001060                ThreadTask5
 .text.main     0x000000000800107c      0x1d8 ./Src/test_interrupt.o
                0x000000000800107c                main
 .text.TIM2_IRQHandler
                0x0000000008001254       0x16 ./Src/test_interrupt.o
                0x0000000008001254                TIM2_IRQHandler
 *fill*         0x000000000800126a        0x2 
 .text.Reset_Handler
                0x000000000800126c       0x50 ./Startup/startup_stm32f411vetx.o
                0x000000000800126c                Reset_Handler
 .text.Default_Handler
                0x00000000080012bc        0x2 ./Startup/startup_stm32f411vetx.o
                0x00000000080012bc                RTC_Alarm_IRQHandler
                0x00000000080012bc                EXTI2_IRQHandler
                0x00000000080012bc                DebugMon_Handler
                0x00000000080012bc                SPI4_IRQHandler
                0x00000000080012bc                TIM1_CC_IRQHandler
                0x00000000080012bc                DMA2_Stream5_IRQHandler
                0x00000000080012bc                HardFault_Handler
                0x00000000080012bc                DMA1_Stream5_IRQHandler
                0x00000000080012bc                PVD_IRQHandler
                0x00000000080012bc                SDIO_IRQHandler
                0x00000000080012bc                TAMP_STAMP_IRQHandler
                0x00000000080012bc                NMI_Handler
                0x00000000080012bc                EXTI3_IRQHandler
                0x00000000080012bc                TIM1_UP_TIM10_IRQHandler
                0x00000000080012bc                I2C3_ER_IRQHandler
                0x00000000080012bc                EXTI0_IRQHandler
                0x00000000080012bc                I2C2_EV_IRQHandler
                0x00000000080012bc                DMA1_Stream2_IRQHandler
                0x00000000080012bc                UsageFault_Handler
                0x00000000080012bc                DMA2_Stream2_IRQHandler
                0x00000000080012bc                SPI1_IRQHandler
                0x00000000080012bc                TIM1_BRK_TIM9_IRQHandler
                0x00000000080012bc                DMA2_Stream3_IRQHandler
                0x00000000080012bc                USART6_IRQHandler
                0x00000000080012bc                DMA2_Stream0_IRQHandler
                0x00000000080012bc                TIM4_IRQHandler
                0x00000000080012bc                I2C1_EV_IRQHandler
                0x00000000080012bc                DMA1_Stream6_IRQHandler
                0x00000000080012bc                DMA1_Stream1_IRQHandler
                0x00000000080012bc                TIM3_IRQHandler
                0x00000000080012bc                RCC_IRQHandler
                0x00000000080012bc                Default_Handler
                0x00000000080012bc                EXTI15_10_IRQHandler
                0x00000000080012bc                ADC_IRQHandler
                0x00000000080012bc                DMA1_Stream7_IRQHandler
                0x00000000080012bc                SPI5_IRQHandler
                0x00000000080012bc                TIM5_IRQHandler
                0x00000000080012bc                DMA2_Stream7_IRQHandler
                0x00000000080012bc                I2C3_EV_IRQHandler
                0x00000000080012bc                EXTI9_5_IRQHandler
                0x00000000080012bc                RTC_WKUP_IRQHandler
                0x00000000080012bc                SPI2_IRQHandler
                0x00000000080012bc                MemManage_Handler
                0x00000000080012bc                DMA1_Stream0_IRQHandler
                0x00000000080012bc                SVC_Handler
                0x00000000080012bc                EXTI4_IRQHandler
                0x00000000080012bc                WWDG_IRQHandler
                0x00000000080012bc                OTG_FS_WKUP_IRQHandler
                0x00000000080012bc                TIM1_TRG_COM_TIM11_IRQHandler
                0x00000000080012bc                EXTI1_IRQHandler
                0x00000000080012bc                USART2_IRQHandler
                0x00000000080012bc                I2C2_ER_IRQHandler
                0x00000000080012bc                DMA2_Stream1_IRQHandler
                0x00000000080012bc                FLASH_IRQHandler
                0x00000000080012bc                DMA2_Stream4_IRQHandler
                0x00000000080012bc                BusFault_Handler
                0x00000000080012bc                USART1_IRQHandler
                0x00000000080012bc                OTG_FS_IRQHandler
                0x00000000080012bc                SPI3_IRQHandler
                0x00000000080012bc                DMA1_Stream4_IRQHandler
                0x00000000080012bc                I2C1_ER_IRQHandler
                0x00000000080012bc                DMA2_Stream6_IRQHandler
                0x00000000080012bc                DMA1_Stream3_IRQHandler
 *fill*         0x00000000080012be        0x2 
 .text.calloc   0x00000000080012c0       0x10 c:/st/stm32cubeide_1.12.1/stm32cubeide/plugins/com.st.stm32cube.ide.mcu.externaltools.gnu-tools-for-stm32.10.3-2021.10.win32_1.0.200.202301161003/tools/bin/../lib/gcc/arm-none-eabi/10.3.1/../../../../arm-none-eabi/lib/thumb/v7e-m+fp/hard\libc_nano.a(lib_a-calloc.o)
                0x00000000080012c0                calloc
 .text.__errno  0x00000000080012d0        0xc c:/st/stm32cubeide_1.12.1/stm32cubeide/plugins/com.st.stm32cube.ide.mcu.externaltools.gnu-tools-for-stm32.10.3-2021.10.win32_1.0.200.202301161003/tools/bin/../lib/gcc/arm-none-eabi/10.3.1/../../../../arm-none-eabi/lib/thumb/v7e-m+fp/hard\libc_nano.a(lib_a-errno.o)
                0x00000000080012d0                __errno
 .text.__libc_init_array
                0x00000000080012dc       0x48 c:/st/stm32cubeide_1.12.1/stm32cubeide/plugins/com.st.stm32cube.ide.mcu.externaltools.gnu-tools-for-stm32.10.3-2021.10.win32_1.0.200.202301161003/tools/bin/../lib/gcc/arm-none-eabi/10.3.1/../../../../arm-none-eabi/lib/thumb/v7e-m+fp/hard\libc_nano.a(lib_a-init.o)
                0x00000000080012dc                __libc_init_array
 .text.memset   0x0000000008001324       0x10 c:/st/stm32cubeide_1.12.1/stm32cubeide/plugins/com.st.stm32cube.ide.mcu.externaltools.gnu-tools-for-stm32.10.3-2021.10.win32_1.0.200.202301161003/tools/bin/../lib/gcc/arm-none-eabi/10.3.1/../../../../arm-none-eabi/lib/thumb/v7e-m+fp/hard\libc_nano.a(lib_a-memset.o)
                0x0000000008001324                memset
 .text._calloc_r
                0x0000000008001334       0x2c c:/st/stm32cubeide_1.12.1/stm32cubeide/plugins/com.st.stm32cube.ide.mcu.externaltools.gnu-tools-for-stm32.10.3-2021.10.win32_1.0.200.202301161003/tools/bin/../lib/gcc/arm-none-eabi/10.3.1/../../../../arm-none-eabi/lib/thumb/v7e-m+fp/hard\libc_nano.a(lib_a-nano-callocr.o)
                0x0000000008001334                _calloc_r
 .text.sbrk_aligned
                0x0000000008001360       0x40 c:/st/stm32cubeide_1.12.1/stm32cubeide/plugins/com.st.stm32cube.ide.mcu.externaltools.gnu-tools-for-stm32.10.3-2021.10.win32_1.0.200.202301161003/tools/bin/../lib/gcc/arm-none-eabi/10.3.1/../../../../arm-none-eabi/lib/thumb/v7e-m+fp/hard\libc_nano.a(lib_a-nano-mallocr.o)
 .text._malloc_r
                0x00000000080013a0       0xe8 c:/st/stm32cubeide_1.12.1/stm32cubeide/plugins/com.st.stm32cube.ide.mcu.externaltools.gnu-tools-for-stm32.10.3-2021.10.win32_1.0.200.202301161003/tools/bin/../lib/gcc/arm-none-eabi/10.3.1/../../../../arm-none-eabi/lib/thumb/v7e-m+fp/hard\libc_nano.a(lib_a-nano-mallocr.o)
                0x00000000080013a0                _malloc_r
 .text._sbrk_r  0x0000000008001488       0x20 c:/st/stm32cubeide_1.12.1/stm32cubeide/plugins/com.st.stm32cube.ide.mcu.externaltools.gnu-tools-for-stm32.10.3-2021.10.win32_1.0.200.202301161003/tools/bin/../lib/gcc/arm-none-eabi/10.3.1/../../../../arm-none-eabi/lib/thumb/v7e-m+fp/hard\libc_nano.a(lib_a-sbrkr.o)
                0x0000000008001488                _sbrk_r
 .text.__malloc_lock
                0x00000000080014a8        0xc c:/st/stm32cubeide_1.12.1/stm32cubeide/plugins/com.st.stm32cube.ide.mcu.externaltools.gnu-tools-for-stm32.10.3-2021.10.win32_1.0.200.202301161003/tools/bin/../lib/gcc/arm-none-eabi/10.3.1/../../../../arm-none-eabi/lib/thumb/v7e-m+fp/hard\libc_nano.a(lib_a-mlock.o)
                0x00000000080014a8                __malloc_lock
 .text.__malloc_unlock
                0x00000000080014b4        0xc c:/st/stm32cubeide_1.12.1/stm32cubeide/plugins/com.st.stm32cube.ide.mcu.externaltools.gnu-tools-for-stm32.10.3-2021.10.win32_1.0.200.202301161003/tools/bin/../lib/gcc/arm-none-eabi/10.3.1/../../../../arm-none-eabi/lib/thumb/v7e-m+fp/hard\libc_nano.a(lib_a-mlock.o)
                0x00000000080014b4                __malloc_unlock
 .text.__retarget_lock_acquire_recursive
                0x00000000080014c0        0x2 c:/st/stm32cubeide_1.12.1/stm32cubeide/plugins/com.st.stm32cube.ide.mcu.externaltools.gnu-tools-for-stm32.10.3-2021.10.win32_1.0.200.202301161003/tools/bin/../lib/gcc/arm-none-eabi/10.3.1/../../../../arm-none-eabi/lib/thumb/v7e-m+fp/hard\libc_nano.a(lib_a-lock.o)
                0x00000000080014c0                __retarget_lock_acquire_recursive
 .text.__retarget_lock_release_recursive
                0x00000000080014c2        0x2 c:/st/stm32cubeide_1.12.1/stm32cubeide/plugins/com.st.stm32cube.ide.mcu.externaltools.gnu-tools-for-stm32.10.3-2021.10.win32_1.0.200.202301161003/tools/bin/../lib/gcc/arm-none-eabi/10.3.1/../../../../arm-none-eabi/lib/thumb/v7e-m+fp/hard\libc_nano.a(lib_a-lock.o)
                0x00000000080014c2                __retarget_lock_release_recursive
 *(.glue_7)
 .glue_7        0x00000000080014c4        0x0 linker stubs
 *(.glue_7t)
 .glue_7t       0x00000000080014c4        0x0 linker stubs
 *(.eh_frame)
 .eh_frame      0x00000000080014c4        0x0 c:/st/stm32cubeide_1.12.1/stm32cubeide/plugins/com.st.stm32cube.ide.mcu.externaltools.gnu-tools-for-stm32.10.3-2021.10.win32_1.0.200.202301161003/tools/bin/../lib/gcc/arm-none-eabi/10.3.1/thumb/v7e-m+fp/hard/crtbegin.o
 *(.init)
 .init          0x00000000080014c4        0x4 c:/st/stm32cubeide_1.12.1/stm32cubeide/plugins/com.st.stm32cube.ide.mcu.externaltools.gnu-tools-for-stm32.10.3-2021.10.win32_1.0.200.202301161003/tools/bin/../lib/gcc/arm-none-eabi/10.3.1/thumb/v7e-m+fp/hard/crti.o
                0x00000000080014c4                _init
 .init          0x00000000080014c8        0x8 c:/st/stm32cubeide_1.12.1/stm32cubeide/plugins/com.st.stm32cube.ide.mcu.externaltools.gnu-tools-for-stm32.10.3-2021.10.win32_1.0.200.202301161003/tools/bin/../lib/gcc/arm-none-eabi/10.3.1/thumb/v7e-m+fp/hard/crtn.o
 *(.fini)
 .fini          0x00000000080014d0        0x4 c:/st/stm32cubeide_1.12.1/stm32cubeide/plugins/com.st.stm32cube.ide.mcu.externaltools.gnu-tools-for-stm32.10.3-2021.10.win32_1.0.200.202301161003/tools/bin/../lib/gcc/arm-none-eabi/10.3.1/thumb/v7e-m+fp/hard/crti.o
                0x00000000080014d0                _fini
 .fini          0x00000000080014d4        0x8 c:/st/stm32cubeide_1.12.1/stm32cubeide/plugins/com.st.stm32cube.ide.mcu.externaltools.gnu-tools-for-stm32.10.3-2021.10.win32_1.0.200.202301161003/tools/bin/../lib/gcc/arm-none-eabi/10.3.1/thumb/v7e-m+fp/hard/crtn.o
                0x00000000080014dc                . = ALIGN (0x4)
                0x00000000080014dc                _etext = .

.vfp11_veneer   0x00000000080014dc        0x0
 .vfp11_veneer  0x00000000080014dc        0x0 linker stubs

.v4_bx          0x00000000080014dc        0x0
 .v4_bx         0x00000000080014dc        0x0 linker stubs

.iplt           0x00000000080014dc        0x0
 .iplt          0x00000000080014dc        0x0 c:/st/stm32cubeide_1.12.1/stm32cubeide/plugins/com.st.stm32cube.ide.mcu.externaltools.gnu-tools-for-stm32.10.3-2021.10.win32_1.0.200.202301161003/tools/bin/../lib/gcc/arm-none-eabi/10.3.1/thumb/v7e-m+fp/hard/crtbegin.o

.rel.dyn        0x00000000080014dc        0x0
 .rel.iplt      0x00000000080014dc        0x0 c:/st/stm32cubeide_1.12.1/stm32cubeide/plugins/com.st.stm32cube.ide.mcu.externaltools.gnu-tools-for-stm32.10.3-2021.10.win32_1.0.200.202301161003/tools/bin/../lib/gcc/arm-none-eabi/10.3.1/thumb/v7e-m+fp/hard/crtbegin.o

.rodata         0x00000000080014dc        0x0
                0x00000000080014dc                . = ALIGN (0x4)
 *(.rodata)
 *(.rodata*)
                0x00000000080014dc                . = ALIGN (0x4)

.ARM.extab      0x00000000080014dc        0x0
                0x00000000080014dc                . = ALIGN (0x4)
 *(.ARM.extab* .gnu.linkonce.armextab.*)
                0x00000000080014dc                . = ALIGN (0x4)

.ARM            0x00000000080014dc        0x0
                0x00000000080014dc                . = ALIGN (0x4)
                0x00000000080014dc                __exidx_start = .
 *(.ARM.exidx*)
                0x00000000080014dc                __exidx_end = .
                0x00000000080014dc                . = ALIGN (0x4)

.preinit_array  0x00000000080014dc        0x0
                0x00000000080014dc                . = ALIGN (0x4)
                0x00000000080014dc                PROVIDE (__preinit_array_start = .)
 *(.preinit_array*)
                0x00000000080014dc                PROVIDE (__preinit_array_end = .)
                0x00000000080014dc                . = ALIGN (0x4)

.init_array     0x00000000080014dc        0x4
                0x00000000080014dc                . = ALIGN (0x4)
                0x00000000080014dc                PROVIDE (__init_array_start = .)
 *(SORT_BY_NAME(.init_array.*))
 *(.init_array*)
 .init_array    0x00000000080014dc        0x4 c:/st/stm32cubeide_1.12.1/stm32cubeide/plugins/com.st.stm32cube.ide.mcu.externaltools.gnu-tools-for-stm32.10.3-2021.10.win32_1.0.200.202301161003/tools/bin/../lib/gcc/arm-none-eabi/10.3.1/thumb/v7e-m+fp/hard/crtbegin.o
                0x00000000080014e0                PROVIDE (__init_array_end = .)
                0x00000000080014e0                . = ALIGN (0x4)

.fini_array     0x00000000080014e0        0x4
                0x00000000080014e0                . = ALIGN (0x4)
                [!provide]                        PROVIDE (__fini_array_start = .)
 *(SORT_BY_NAME(.fini_array.*))
 *(.fini_array*)
 .fini_array    0x00000000080014e0        0x4 c:/st/stm32cubeide_1.12.1/stm32cubeide/plugins/com.st.stm32cube.ide.mcu.externaltools.gnu-tools-for-stm32.10.3-2021.10.win32_1.0.200.202301161003/tools/bin/../lib/gcc/arm-none-eabi/10.3.1/thumb/v7e-m+fp/hard/crtbegin.o
                [!provide]                        PROVIDE (__fini_array_end = .)
                0x00000000080014e4                . = ALIGN (0x4)
                0x00000000080014e4                _sidata = LOADADDR (.data)

.data           0x0000000020000000       0x7c load address 0x00000000080014e4
                0x0000000020000000                . = ALIGN (0x4)
                0x0000000020000000                _sdata = .
 *(.data)
 *(.data*)
 .data.AHB_prescaler
                0x0000000020000000       0x12 ./Inc/rcc.o
 *fill*         0x0000000020000012        0x2 
 .data.APB_prescaler
                0x0000000020000014        0x4 ./Inc/rcc.o
 .data._impure_ptr
                0x0000000020000018        0x4 c:/st/stm32cubeide_1.12.1/stm32cubeide/plugins/com.st.stm32cube.ide.mcu.externaltools.gnu-tools-for-stm32.10.3-2021.10.win32_1.0.200.202301161003/tools/bin/../lib/gcc/arm-none-eabi/10.3.1/../../../../arm-none-eabi/lib/thumb/v7e-m+fp/hard\libc_nano.a(lib_a-impure.o)
                0x0000000020000018                _impure_ptr
 .data.impure_data
                0x000000002000001c       0x60 c:/st/stm32cubeide_1.12.1/stm32cubeide/plugins/com.st.stm32cube.ide.mcu.externaltools.gnu-tools-for-stm32.10.3-2021.10.win32_1.0.200.202301161003/tools/bin/../lib/gcc/arm-none-eabi/10.3.1/../../../../arm-none-eabi/lib/thumb/v7e-m+fp/hard\libc_nano.a(lib_a-impure.o)
 *(.RamFunc)
 *(.RamFunc*)
                0x000000002000007c                . = ALIGN (0x4)
                0x000000002000007c                _edata = .

.igot.plt       0x000000002000007c        0x0 load address 0x0000000008001560
 .igot.plt      0x000000002000007c        0x0 c:/st/stm32cubeide_1.12.1/stm32cubeide/plugins/com.st.stm32cube.ide.mcu.externaltools.gnu-tools-for-stm32.10.3-2021.10.win32_1.0.200.202301161003/tools/bin/../lib/gcc/arm-none-eabi/10.3.1/thumb/v7e-m+fp/hard/crtbegin.o
                0x000000002000007c                . = ALIGN (0x4)

.bss            0x000000002000007c       0xc8 load address 0x0000000008001560
                0x000000002000007c                _sbss = .
                0x000000002000007c                __bss_start__ = _sbss
 *(.bss)
 .bss           0x000000002000007c       0x1c c:/st/stm32cubeide_1.12.1/stm32cubeide/plugins/com.st.stm32cube.ide.mcu.externaltools.gnu-tools-for-stm32.10.3-2021.10.win32_1.0.200.202301161003/tools/bin/../lib/gcc/arm-none-eabi/10.3.1/thumb/v7e-m+fp/hard/crtbegin.o
 *(.bss*)
 .bss.MILLIS_PRESCALER
                0x0000000020000098        0x4 ./Inc/TuNN41_OsKernel.o
 .bss.Os_Quanta
                0x000000002000009c        0x4 ./Inc/TuNN41_OsKernel.o
 .bss.Os_NumberOfThread
                0x00000000200000a0        0x2 ./Inc/TuNN41_OsKernel.o
 .bss.Os_NumOfPeriThread
                0x00000000200000a2        0x2 ./Inc/TuNN41_OsKernel.o
 .bss.Os_CurrentTCB
                0x00000000200000a4        0x4 ./Inc/TuNN41_OsKernel.o
                0x00000000200000a4                Os_CurrentTCB
 .bss.Os_CurrentPeriTCB
                0x00000000200000a8        0x4 ./Inc/TuNN41_OsKernel.o
                0x00000000200000a8                Os_CurrentPeriTCB
 .bss.__sbrk_heap_end
                0x00000000200000ac        0x4 ./Src/sysmem.o
 .bss.Led       0x00000000200000b0        0xc ./Src/test_interrupt.o
                0x00000000200000b0                Led
 .bss.Led2      0x00000000200000bc        0xc ./Src/test_interrupt.o
                0x00000000200000bc                Led2
 .bss.Led3      0x00000000200000c8        0xc ./Src/test_interrupt.o
                0x00000000200000c8                Led3
 .bss.Led4      0x00000000200000d4        0xc ./Src/test_interrupt.o
                0x00000000200000d4                Led4
 .bss.TX_Pin    0x00000000200000e0        0xc ./Src/test_interrupt.o
                0x00000000200000e0                TX_Pin
 .bss.RX_Pin    0x00000000200000ec        0xc ./Src/test_interrupt.o
                0x00000000200000ec                RX_Pin
 .bss.Usart2    0x00000000200000f8       0x24 ./Src/test_interrupt.o
                0x00000000200000f8                Usart2
 .bss.semaphore
                0x000000002000011c        0x4 ./Src/test_interrupt.o
                0x000000002000011c                semaphore
 .bss.a         0x0000000020000120        0x4 ./Src/test_interrupt.o
                0x0000000020000120                a
 .bss.b         0x0000000020000124        0x4 ./Src/test_interrupt.o
                0x0000000020000124                b
 .bss.c         0x0000000020000128        0x4 ./Src/test_interrupt.o
                0x0000000020000128                c
 .bss.d         0x000000002000012c        0x4 ./Src/test_interrupt.o
                0x000000002000012c                d
 .bss.e         0x0000000020000130        0x4 ./Src/test_interrupt.o
                0x0000000020000130                e
 .bss.__malloc_free_list
                0x0000000020000134        0x4 c:/st/stm32cubeide_1.12.1/stm32cubeide/plugins/com.st.stm32cube.ide.mcu.externaltools.gnu-tools-for-stm32.10.3-2021.10.win32_1.0.200.202301161003/tools/bin/../lib/gcc/arm-none-eabi/10.3.1/../../../../arm-none-eabi/lib/thumb/v7e-m+fp/hard\libc_nano.a(lib_a-nano-mallocr.o)
                0x0000000020000134                __malloc_free_list
 .bss.__malloc_sbrk_start
                0x0000000020000138        0x4 c:/st/stm32cubeide_1.12.1/stm32cubeide/plugins/com.st.stm32cube.ide.mcu.externaltools.gnu-tools-for-stm32.10.3-2021.10.win32_1.0.200.202301161003/tools/bin/../lib/gcc/arm-none-eabi/10.3.1/../../../../arm-none-eabi/lib/thumb/v7e-m+fp/hard\libc_nano.a(lib_a-nano-mallocr.o)
                0x0000000020000138                __malloc_sbrk_start
 .bss.errno     0x000000002000013c        0x4 c:/st/stm32cubeide_1.12.1/stm32cubeide/plugins/com.st.stm32cube.ide.mcu.externaltools.gnu-tools-for-stm32.10.3-2021.10.win32_1.0.200.202301161003/tools/bin/../lib/gcc/arm-none-eabi/10.3.1/../../../../arm-none-eabi/lib/thumb/v7e-m+fp/hard\libc_nano.a(lib_a-reent.o)
                0x000000002000013c                errno
 .bss.__lock___malloc_recursive_mutex
                0x0000000020000140        0x1 c:/st/stm32cubeide_1.12.1/stm32cubeide/plugins/com.st.stm32cube.ide.mcu.externaltools.gnu-tools-for-stm32.10.3-2021.10.win32_1.0.200.202301161003/tools/bin/../lib/gcc/arm-none-eabi/10.3.1/../../../../arm-none-eabi/lib/thumb/v7e-m+fp/hard\libc_nano.a(lib_a-lock.o)
                0x0000000020000140                __lock___malloc_recursive_mutex
 *(COMMON)
                0x0000000020000144                . = ALIGN (0x4)
 *fill*         0x0000000020000141        0x3 
                0x0000000020000144                _ebss = .
                0x0000000020000144                __bss_end__ = _ebss

._user_heap_stack
                0x0000000020000144      0x604 load address 0x0000000008001560
                0x0000000020000148                . = ALIGN (0x8)
 *fill*         0x0000000020000144        0x4 
                [!provide]                        PROVIDE (end = .)
                0x0000000020000148                PROVIDE (_end = .)
                0x0000000020000348                . = (. + _Min_Heap_Size)
 *fill*         0x0000000020000148      0x200 
                0x0000000020000748                . = (. + _Min_Stack_Size)
 *fill*         0x0000000020000348      0x400 
                0x0000000020000748                . = ALIGN (0x8)

/DISCARD/
 libc.a(*)
 libm.a(*)
 libgcc.a(*)

.ARM.attributes
                0x0000000000000000       0x30
 *(.ARM.attributes)
 .ARM.attributes
                0x0000000000000000       0x1e c:/st/stm32cubeide_1.12.1/stm32cubeide/plugins/com.st.stm32cube.ide.mcu.externaltools.gnu-tools-for-stm32.10.3-2021.10.win32_1.0.200.202301161003/tools/bin/../lib/gcc/arm-none-eabi/10.3.1/thumb/v7e-m+fp/hard/crti.o
 .ARM.attributes
                0x000000000000001e       0x34 c:/st/stm32cubeide_1.12.1/stm32cubeide/plugins/com.st.stm32cube.ide.mcu.externaltools.gnu-tools-for-stm32.10.3-2021.10.win32_1.0.200.202301161003/tools/bin/../lib/gcc/arm-none-eabi/10.3.1/thumb/v7e-m+fp/hard/crtbegin.o
 .ARM.attributes
                0x0000000000000052       0x34 ./Inc/TuNN41_OsKernel.o
 .ARM.attributes
                0x0000000000000086       0x21 ./Inc/TuNN41_OsScheduler.o
 .ARM.attributes
                0x00000000000000a7       0x34 ./Inc/gpio2.o
 .ARM.attributes
                0x00000000000000db       0x34 ./Inc/rcc.o
 .ARM.attributes
                0x000000000000010f       0x34 ./Inc/usart.o
 .ARM.attributes
                0x0000000000000143       0x34 ./Src/sysmem.o
 .ARM.attributes
                0x0000000000000177       0x34 ./Src/test_interrupt.o
 .ARM.attributes
                0x00000000000001ab       0x21 ./Startup/startup_stm32f411vetx.o
 .ARM.attributes
                0x00000000000001cc       0x34 c:/st/stm32cubeide_1.12.1/stm32cubeide/plugins/com.st.stm32cube.ide.mcu.externaltools.gnu-tools-for-stm32.10.3-2021.10.win32_1.0.200.202301161003/tools/bin/../lib/gcc/arm-none-eabi/10.3.1/../../../../arm-none-eabi/lib/thumb/v7e-m+fp/hard\libc_nano.a(lib_a-calloc.o)
 .ARM.attributes
                0x0000000000000200       0x34 c:/st/stm32cubeide_1.12.1/stm32cubeide/plugins/com.st.stm32cube.ide.mcu.externaltools.gnu-tools-for-stm32.10.3-2021.10.win32_1.0.200.202301161003/tools/bin/../lib/gcc/arm-none-eabi/10.3.1/../../../../arm-none-eabi/lib/thumb/v7e-m+fp/hard\libc_nano.a(lib_a-errno.o)
 .ARM.attributes
                0x0000000000000234       0x34 c:/st/stm32cubeide_1.12.1/stm32cubeide/plugins/com.st.stm32cube.ide.mcu.externaltools.gnu-tools-for-stm32.10.3-2021.10.win32_1.0.200.202301161003/tools/bin/../lib/gcc/arm-none-eabi/10.3.1/../../../../arm-none-eabi/lib/thumb/v7e-m+fp/hard\libc_nano.a(lib_a-impure.o)
 .ARM.attributes
                0x0000000000000268       0x34 c:/st/stm32cubeide_1.12.1/stm32cubeide/plugins/com.st.stm32cube.ide.mcu.externaltools.gnu-tools-for-stm32.10.3-2021.10.win32_1.0.200.202301161003/tools/bin/../lib/gcc/arm-none-eabi/10.3.1/../../../../arm-none-eabi/lib/thumb/v7e-m+fp/hard\libc_nano.a(lib_a-init.o)
 .ARM.attributes
                0x000000000000029c       0x34 c:/st/stm32cubeide_1.12.1/stm32cubeide/plugins/com.st.stm32cube.ide.mcu.externaltools.gnu-tools-for-stm32.10.3-2021.10.win32_1.0.200.202301161003/tools/bin/../lib/gcc/arm-none-eabi/10.3.1/../../../../arm-none-eabi/lib/thumb/v7e-m+fp/hard\libc_nano.a(lib_a-memset.o)
 .ARM.attributes
                0x00000000000002d0       0x34 c:/st/stm32cubeide_1.12.1/stm32cubeide/plugins/com.st.stm32cube.ide.mcu.externaltools.gnu-tools-for-stm32.10.3-2021.10.win32_1.0.200.202301161003/tools/bin/../lib/gcc/arm-none-eabi/10.3.1/../../../../arm-none-eabi/lib/thumb/v7e-m+fp/hard\libc_nano.a(lib_a-nano-callocr.o)
 .ARM.attributes
                0x0000000000000304       0x34 c:/st/stm32cubeide_1.12.1/stm32cubeide/plugins/com.st.stm32cube.ide.mcu.externaltools.gnu-tools-for-stm32.10.3-2021.10.win32_1.0.200.202301161003/tools/bin/../lib/gcc/arm-none-eabi/10.3.1/../../../../arm-none-eabi/lib/thumb/v7e-m+fp/hard\libc_nano.a(lib_a-nano-mallocr.o)
 .ARM.attributes
                0x0000000000000338       0x34 c:/st/stm32cubeide_1.12.1/stm32cubeide/plugins/com.st.stm32cube.ide.mcu.externaltools.gnu-tools-for-stm32.10.3-2021.10.win32_1.0.200.202301161003/tools/bin/../lib/gcc/arm-none-eabi/10.3.1/../../../../arm-none-eabi/lib/thumb/v7e-m+fp/hard\libc_nano.a(lib_a-sbrkr.o)
 .ARM.attributes
                0x000000000000036c       0x34 c:/st/stm32cubeide_1.12.1/stm32cubeide/plugins/com.st.stm32cube.ide.mcu.externaltools.gnu-tools-for-stm32.10.3-2021.10.win32_1.0.200.202301161003/tools/bin/../lib/gcc/arm-none-eabi/10.3.1/../../../../arm-none-eabi/lib/thumb/v7e-m+fp/hard\libc_nano.a(lib_a-mlock.o)
 .ARM.attributes
                0x00000000000003a0       0x34 c:/st/stm32cubeide_1.12.1/stm32cubeide/plugins/com.st.stm32cube.ide.mcu.externaltools.gnu-tools-for-stm32.10.3-2021.10.win32_1.0.200.202301161003/tools/bin/../lib/gcc/arm-none-eabi/10.3.1/../../../../arm-none-eabi/lib/thumb/v7e-m+fp/hard\libc_nano.a(lib_a-reent.o)
 .ARM.attributes
                0x00000000000003d4       0x34 c:/st/stm32cubeide_1.12.1/stm32cubeide/plugins/com.st.stm32cube.ide.mcu.externaltools.gnu-tools-for-stm32.10.3-2021.10.win32_1.0.200.202301161003/tools/bin/../lib/gcc/arm-none-eabi/10.3.1/../../../../arm-none-eabi/lib/thumb/v7e-m+fp/hard\libc_nano.a(lib_a-lock.o)
 .ARM.attributes
                0x0000000000000408       0x1e c:/st/stm32cubeide_1.12.1/stm32cubeide/plugins/com.st.stm32cube.ide.mcu.externaltools.gnu-tools-for-stm32.10.3-2021.10.win32_1.0.200.202301161003/tools/bin/../lib/gcc/arm-none-eabi/10.3.1/thumb/v7e-m+fp/hard/crtn.o
OUTPUT(stm32f4xx_drivers.elf elf32-littlearm)
LOAD linker stubs
LOAD c:/st/stm32cubeide_1.12.1/stm32cubeide/plugins/com.st.stm32cube.ide.mcu.externaltools.gnu-tools-for-stm32.10.3-2021.10.win32_1.0.200.202301161003/tools/bin/../lib/gcc/arm-none-eabi/10.3.1/../../../../arm-none-eabi/lib/thumb/v7e-m+fp/hard\libc.a
LOAD c:/st/stm32cubeide_1.12.1/stm32cubeide/plugins/com.st.stm32cube.ide.mcu.externaltools.gnu-tools-for-stm32.10.3-2021.10.win32_1.0.200.202301161003/tools/bin/../lib/gcc/arm-none-eabi/10.3.1/../../../../arm-none-eabi/lib/thumb/v7e-m+fp/hard\libm.a
LOAD c:/st/stm32cubeide_1.12.1/stm32cubeide/plugins/com.st.stm32cube.ide.mcu.externaltools.gnu-tools-for-stm32.10.3-2021.10.win32_1.0.200.202301161003/tools/bin/../lib/gcc/arm-none-eabi/10.3.1/thumb/v7e-m+fp/hard\libgcc.a

.debug_info     0x0000000000000000     0x222f
 .debug_info    0x0000000000000000      0x631 ./Inc/TuNN41_OsKernel.o
 .debug_info    0x0000000000000631       0x26 ./Inc/TuNN41_OsScheduler.o
 .debug_info    0x0000000000000657      0x6e8 ./Inc/gpio2.o
 .debug_info    0x0000000000000d3f      0x3e5 ./Inc/rcc.o
 .debug_info    0x0000000000001124      0x768 ./Inc/usart.o
 .debug_info    0x000000000000188c      0x171 ./Src/sysmem.o
 .debug_info    0x00000000000019fd      0x810 ./Src/test_interrupt.o
 .debug_info    0x000000000000220d       0x22 ./Startup/startup_stm32f411vetx.o

.debug_abbrev   0x0000000000000000      0x943
 .debug_abbrev  0x0000000000000000      0x267 ./Inc/TuNN41_OsKernel.o
 .debug_abbrev  0x0000000000000267       0x14 ./Inc/TuNN41_OsScheduler.o
 .debug_abbrev  0x000000000000027b      0x148 ./Inc/gpio2.o
 .debug_abbrev  0x00000000000003c3       0xe0 ./Inc/rcc.o
 .debug_abbrev  0x00000000000004a3      0x208 ./Inc/usart.o
 .debug_abbrev  0x00000000000006ab       0xbb ./Src/sysmem.o
 .debug_abbrev  0x0000000000000766      0x1cb ./Src/test_interrupt.o
 .debug_abbrev  0x0000000000000931       0x12 ./Startup/startup_stm32f411vetx.o

.debug_aranges  0x0000000000000000      0x230
 .debug_aranges
                0x0000000000000000       0x78 ./Inc/TuNN41_OsKernel.o
 .debug_aranges
                0x0000000000000078       0x20 ./Inc/TuNN41_OsScheduler.o
 .debug_aranges
                0x0000000000000098       0x58 ./Inc/gpio2.o
 .debug_aranges
                0x00000000000000f0       0x30 ./Inc/rcc.o
 .debug_aranges
                0x0000000000000120       0x68 ./Inc/usart.o
 .debug_aranges
                0x0000000000000188       0x20 ./Src/sysmem.o
 .debug_aranges
                0x00000000000001a8       0x60 ./Src/test_interrupt.o
 .debug_aranges
                0x0000000000000208       0x28 ./Startup/startup_stm32f411vetx.o

.debug_ranges   0x0000000000000000      0x1a8
 .debug_ranges  0x0000000000000000       0x68 ./Inc/TuNN41_OsKernel.o
 .debug_ranges  0x0000000000000068       0x48 ./Inc/gpio2.o
 .debug_ranges  0x00000000000000b0       0x20 ./Inc/rcc.o
 .debug_ranges  0x00000000000000d0       0x58 ./Inc/usart.o
 .debug_ranges  0x0000000000000128       0x10 ./Src/sysmem.o
 .debug_ranges  0x0000000000000138       0x50 ./Src/test_interrupt.o
 .debug_ranges  0x0000000000000188       0x20 ./Startup/startup_stm32f411vetx.o

.debug_macro    0x0000000000000000     0x29e5
 .debug_macro   0x0000000000000000      0x16e ./Inc/TuNN41_OsKernel.o
 .debug_macro   0x000000000000016e      0xa66 ./Inc/TuNN41_OsKernel.o
 .debug_macro   0x0000000000000bd4       0x22 ./Inc/TuNN41_OsKernel.o
 .debug_macro   0x0000000000000bf6       0x8e ./Inc/TuNN41_OsKernel.o
 .debug_macro   0x0000000000000c84       0x51 ./Inc/TuNN41_OsKernel.o
 .debug_macro   0x0000000000000cd5      0x103 ./Inc/TuNN41_OsKernel.o
 .debug_macro   0x0000000000000dd8       0x6a ./Inc/TuNN41_OsKernel.o
 .debug_macro   0x0000000000000e42      0x1df ./Inc/TuNN41_OsKernel.o
 .debug_macro   0x0000000000001021      0x3ef ./Inc/TuNN41_OsKernel.o
 .debug_macro   0x0000000000001410       0x34 ./Inc/TuNN41_OsKernel.o
 .debug_macro   0x0000000000001444       0x1e ./Inc/TuNN41_OsKernel.o
 .debug_macro   0x0000000000001462       0x52 ./Inc/TuNN41_OsKernel.o
 .debug_macro   0x00000000000014b4       0x3c ./Inc/TuNN41_OsKernel.o
 .debug_macro   0x00000000000014f0       0x34 ./Inc/TuNN41_OsKernel.o
 .debug_macro   0x0000000000001524       0x16 ./Inc/TuNN41_OsKernel.o
 .debug_macro   0x000000000000153a      0x10e ./Inc/TuNN41_OsKernel.o
 .debug_macro   0x0000000000001648       0x8d ./Inc/TuNN41_OsKernel.o
 .debug_macro   0x00000000000016d5       0x16 ./Inc/TuNN41_OsKernel.o
 .debug_macro   0x00000000000016eb       0x43 ./Inc/TuNN41_OsKernel.o
 .debug_macro   0x000000000000172e       0x34 ./Inc/TuNN41_OsKernel.o
 .debug_macro   0x0000000000001762       0x10 ./Inc/TuNN41_OsKernel.o
 .debug_macro   0x0000000000001772       0x58 ./Inc/TuNN41_OsKernel.o
 .debug_macro   0x00000000000017ca       0x71 ./Inc/TuNN41_OsKernel.o
 .debug_macro   0x000000000000183b       0x1c ./Inc/TuNN41_OsKernel.o
 .debug_macro   0x0000000000001857      0x12a ./Inc/TuNN41_OsKernel.o
 .debug_macro   0x0000000000001981      0x341 ./Inc/TuNN41_OsKernel.o
 .debug_macro   0x0000000000001cc2       0x16 ./Inc/TuNN41_OsKernel.o
 .debug_macro   0x0000000000001cd8       0x29 ./Inc/TuNN41_OsKernel.o
 .debug_macro   0x0000000000001d01       0x58 ./Inc/TuNN41_OsKernel.o
 .debug_macro   0x0000000000001d59       0xdc ./Inc/TuNN41_OsKernel.o
 .debug_macro   0x0000000000001e35       0x81 ./Inc/gpio2.o
 .debug_macro   0x0000000000001eb6       0x70 ./Inc/gpio2.o
 .debug_macro   0x0000000000001f26       0x7c ./Inc/rcc.o
 .debug_macro   0x0000000000001fa2       0x8b ./Inc/usart.o
 .debug_macro   0x000000000000202d      0x23a ./Inc/usart.o
 .debug_macro   0x0000000000002267       0xff ./Src/sysmem.o
 .debug_macro   0x0000000000002366      0x23b ./Src/sysmem.o
 .debug_macro   0x00000000000025a1      0x18e ./Src/test_interrupt.o
 .debug_macro   0x000000000000272f      0x240 ./Src/test_interrupt.o
 .debug_macro   0x000000000000296f       0x76 ./Src/test_interrupt.o

.debug_line     0x0000000000000000     0x2b33
 .debug_line    0x0000000000000000      0x8f6 ./Inc/TuNN41_OsKernel.o
 .debug_line    0x00000000000008f6       0x68 ./Inc/TuNN41_OsScheduler.o
 .debug_line    0x000000000000095e      0x778 ./Inc/gpio2.o
 .debug_line    0x00000000000010d6      0x47e ./Inc/rcc.o
 .debug_line    0x0000000000001554      0x90b ./Inc/usart.o
 .debug_line    0x0000000000001e5f      0x4ef ./Src/sysmem.o
 .debug_line    0x000000000000234e      0x761 ./Src/test_interrupt.o
 .debug_line    0x0000000000002aaf       0x84 ./Startup/startup_stm32f411vetx.o

.debug_str      0x0000000000000000     0xa601
 .debug_str     0x0000000000000000     0x8ff1 ./Inc/TuNN41_OsKernel.o
                                       0x9244 (size before relaxing)
 .debug_str     0x0000000000008ff1       0x2a ./Inc/TuNN41_OsScheduler.o
                                         0x62 (size before relaxing)
 .debug_str     0x000000000000901b      0x416 ./Inc/gpio2.o
                                       0x5c06 (size before relaxing)
 .debug_str     0x0000000000009431       0xb2 ./Inc/rcc.o
                                       0x5977 (size before relaxing)
 .debug_str     0x00000000000094e3      0xaf9 ./Inc/usart.o
                                       0x63f7 (size before relaxing)
 .debug_str     0x0000000000009fdc      0x4d5 ./Src/sysmem.o
                                       0x5d98 (size before relaxing)
 .debug_str     0x000000000000a4b1      0x12d ./Src/test_interrupt.o
                                       0x9d6f (size before relaxing)
 .debug_str     0x000000000000a5de       0x23 ./Startup/startup_stm32f411vetx.o
                                         0x69 (size before relaxing)

.comment        0x0000000000000000       0x50
 .comment       0x0000000000000000       0x50 ./Inc/TuNN41_OsKernel.o
                                         0x51 (size before relaxing)
 .comment       0x0000000000000050       0x51 ./Inc/gpio2.o
 .comment       0x0000000000000050       0x51 ./Inc/rcc.o
 .comment       0x0000000000000050       0x51 ./Inc/usart.o
 .comment       0x0000000000000050       0x51 ./Src/sysmem.o
 .comment       0x0000000000000050       0x51 ./Src/test_interrupt.o

.debug_frame    0x0000000000000000      0x904
 .debug_frame   0x0000000000000000      0x1dc ./Inc/TuNN41_OsKernel.o
 .debug_frame   0x00000000000001dc      0x150 ./Inc/gpio2.o
 .debug_frame   0x000000000000032c       0x78 ./Inc/rcc.o
 .debug_frame   0x00000000000003a4      0x194 ./Inc/usart.o
 .debug_frame   0x0000000000000538       0x34 ./Src/sysmem.o
 .debug_frame   0x000000000000056c      0x128 ./Src/test_interrupt.o
 .debug_frame   0x0000000000000694       0x20 c:/st/stm32cubeide_1.12.1/stm32cubeide/plugins/com.st.stm32cube.ide.mcu.externaltools.gnu-tools-for-stm32.10.3-2021.10.win32_1.0.200.202301161003/tools/bin/../lib/gcc/arm-none-eabi/10.3.1/../../../../arm-none-eabi/lib/thumb/v7e-m+fp/hard\libc_nano.a(lib_a-calloc.o)
 .debug_frame   0x00000000000006b4       0x20 c:/st/stm32cubeide_1.12.1/stm32cubeide/plugins/com.st.stm32cube.ide.mcu.externaltools.gnu-tools-for-stm32.10.3-2021.10.win32_1.0.200.202301161003/tools/bin/../lib/gcc/arm-none-eabi/10.3.1/../../../../arm-none-eabi/lib/thumb/v7e-m+fp/hard\libc_nano.a(lib_a-errno.o)
 .debug_frame   0x00000000000006d4       0x2c c:/st/stm32cubeide_1.12.1/stm32cubeide/plugins/com.st.stm32cube.ide.mcu.externaltools.gnu-tools-for-stm32.10.3-2021.10.win32_1.0.200.202301161003/tools/bin/../lib/gcc/arm-none-eabi/10.3.1/../../../../arm-none-eabi/lib/thumb/v7e-m+fp/hard\libc_nano.a(lib_a-init.o)
 .debug_frame   0x0000000000000700       0x20 c:/st/stm32cubeide_1.12.1/stm32cubeide/plugins/com.st.stm32cube.ide.mcu.externaltools.gnu-tools-for-stm32.10.3-2021.10.win32_1.0.200.202301161003/tools/bin/../lib/gcc/arm-none-eabi/10.3.1/../../../../arm-none-eabi/lib/thumb/v7e-m+fp/hard\libc_nano.a(lib_a-memset.o)
 .debug_frame   0x0000000000000720       0x30 c:/st/stm32cubeide_1.12.1/stm32cubeide/plugins/com.st.stm32cube.ide.mcu.externaltools.gnu-tools-for-stm32.10.3-2021.10.win32_1.0.200.202301161003/tools/bin/../lib/gcc/arm-none-eabi/10.3.1/../../../../arm-none-eabi/lib/thumb/v7e-m+fp/hard\libc_nano.a(lib_a-nano-callocr.o)
 .debug_frame   0x0000000000000750       0x4c c:/st/stm32cubeide_1.12.1/stm32cubeide/plugins/com.st.stm32cube.ide.mcu.externaltools.gnu-tools-for-stm32.10.3-2021.10.win32_1.0.200.202301161003/tools/bin/../lib/gcc/arm-none-eabi/10.3.1/../../../../arm-none-eabi/lib/thumb/v7e-m+fp/hard\libc_nano.a(lib_a-nano-mallocr.o)
 .debug_frame   0x000000000000079c       0x2c c:/st/stm32cubeide_1.12.1/stm32cubeide/plugins/com.st.stm32cube.ide.mcu.externaltools.gnu-tools-for-stm32.10.3-2021.10.win32_1.0.200.202301161003/tools/bin/../lib/gcc/arm-none-eabi/10.3.1/../../../../arm-none-eabi/lib/thumb/v7e-m+fp/hard\libc_nano.a(lib_a-sbrkr.o)
 .debug_frame   0x00000000000007c8       0x30 c:/st/stm32cubeide_1.12.1/stm32cubeide/plugins/com.st.stm32cube.ide.mcu.externaltools.gnu-tools-for-stm32.10.3-2021.10.win32_1.0.200.202301161003/tools/bin/../lib/gcc/arm-none-eabi/10.3.1/../../../../arm-none-eabi/lib/thumb/v7e-m+fp/hard\libc_nano.a(lib_a-mlock.o)
 .debug_frame   0x00000000000007f8       0x5c c:/st/stm32cubeide_1.12.1/stm32cubeide/plugins/com.st.stm32cube.ide.mcu.externaltools.gnu-tools-for-stm32.10.3-2021.10.win32_1.0.200.202301161003/tools/bin/../lib/gcc/arm-none-eabi/10.3.1/../../../../arm-none-eabi/lib/thumb/v7e-m+fp/hard\libc_nano.a(lib_a-reent.o)
 .debug_frame   0x0000000000000854       0xb0 c:/st/stm32cubeide_1.12.1/stm32cubeide/plugins/com.st.stm32cube.ide.mcu.externaltools.gnu-tools-for-stm32.10.3-2021.10.win32_1.0.200.202301161003/tools/bin/../lib/gcc/arm-none-eabi/10.3.1/../../../../arm-none-eabi/lib/thumb/v7e-m+fp/hard\libc_nano.a(lib_a-lock.o)
